12-31 19:00:27.240   975  1134 I System.out: PANELS: PLUGINS/COM.BYLAZAR.CONFIGURABLES: (Plugin): Found field of com.pedropathing.paths.PathChain / false
12-31 19:00:27.240   975  1134 I System.out: PANELS: PLUGINS/COM.BYLAZAR.CONFIGURABLES: (Plugin): Found field of com.pedropathing.paths.PathChain / false
12-31 19:00:27.241   975  1134 I System.out: PANELS: PLUGINS/COM.BYLAZAR.CONFIGURABLES: (Plugin): Found field of com.pedropathing.paths.PathChain / false
12-31 19:00:27.241   975  1134 I System.out: PANELS: PLUGINS/COM.BYLAZAR.CONFIGURABLES: (Plugin): Found field of boolean / false
12-31 19:00:27.242   975  1134 I System.out: PANELS: PLUGINS/COM.BYLAZAR.CONFIGURABLES: (Plugin): Found field of double / true
12-31 19:00:27.243   975  1134 I System.out: PANELS: PLUGINS/COM.BYLAZAR.CONFIGURABLES: (Plugin): Adding field com.bylazar.configurables.variables.generics.GenericField@a6e4aac / DOUBLE / com.bylazar.configurables.variables.MyField@8be6375 / false
12-31 19:00:27.243   975  1134 I System.out: PANELS: PLUGINS/COM.BYLAZAR.CONFIGURABLES: (Plugin): Found field of double / true
12-31 19:00:27.244   975  1134 I System.out: PANELS: PLUGINS/COM.BYLAZAR.CONFIGURABLES: (Plugin): Adding field com.bylazar.configurables.variables.generics.GenericField@cdc2f0a / DOUBLE / com.bylazar.configurables.variables.MyField@bd1437b / false
12-31 19:00:27.245   975  1134 I System.out: PANELS: PLUGINS/COM.BYLAZAR.CONFIGURABLES: (Plugin): Inspecting class org.firstinspires.ftc.teamcode.OpMode.v2Teleop
12-31 19:00:27.245   975  1134 I System.out: PANELS: PLUGINS/COM.BYLAZAR.CONFIGURABLES: (Plugin): Found field of double / false
12-31 19:00:27.246   975  1134 I System.out: PANELS: PLUGINS/COM.BYLAZAR.CONFIGURABLES: (Plugin): Found field of double / false
12-31 19:00:27.246   975  1134 I System.out: PANELS: PLUGINS/COM.BYLAZAR.CONFIGURABLES: (Plugin): Found field of double / false
12-31 19:00:27.246   975  1134 I System.out: PANELS: PLUGINS/COM.BYLAZAR.CONFIGURABLES: (Plugin): Found field of java.util.List / false
12-31 19:00:27.247   975  1134 I System.out: PANELS: PLUGINS/COM.BYLAZAR.CONFIGURABLES: (Plugin): Found field of int / false
12-31 19:00:27.247   975  1134 I System.out: PANELS: PLUGINS/COM.BYLAZAR.CONFIGURABLES: (Plugin): Found field of double / false
12-31 19:00:27.248   975  1134 I System.out: PANELS: PLUGINS/COM.BYLAZAR.CONFIGURABLES: (Plugin): Found field of org.firstinspires.ftc.teamcode.Config.Subsystems.MecanumDrive / false
12-31 19:00:27.248   975  1134 I System.out: PANELS: PLUGINS/COM.BYLAZAR.CONFIGURABLES: (Plugin): Found field of com.pedropathing.follower.Follower / false
12-31 19:00:27.249   975  1134 I System.out: PANELS: PLUGINS/COM.BYLAZAR.CONFIGURABLES: (Plugin): Found field of boolean / false
12-31 19:00:27.249   975  1134 I System.out: PANELS: PLUGINS/COM.BYLAZAR.CONFIGURABLES: (Plugin): Found field of org.firstinspires.ftc.teamcode.Config.Subsystems.Intake / false
12-31 19:00:27.249   975  1134 I System.out: PANELS: PLUGINS/COM.BYLAZAR.CONFIGURABLES: (Plugin): Found field of boolean / false
12-31 19:00:27.250   975  1134 I System.out: PANELS: PLUGINS/COM.BYLAZAR.CONFIGURABLES: (Plugin): Found field of boolean / false
12-31 19:00:27.250   975  1134 I System.out: PANELS: PLUGINS/COM.BYLAZAR.CONFIGURABLES: (Plugin): Found field of boolean / false
12-31 19:00:27.251   975  1134 I System.out: PANELS: PLUGINS/COM.BYLAZAR.CONFIGURABLES: (Plugin): Found field of com.qualcomm.hardware.limelightvision.Limelight3A / false
12-31 19:00:27.251   975  1134 I System.out: PANELS: PLUGINS/COM.BYLAZAR.CONFIGURABLES: (Plugin): Found field of double / false
12-31 19:00:27.252   975  1134 I System.out: PANELS: PLUGINS/COM.BYLAZAR.CONFIGURABLES: (Plugin): Found field of double / false
12-31 19:00:27.252   975  1134 I System.out: PANELS: PLUGINS/COM.BYLAZAR.CONFIGURABLES: (Plugin): Found field of double[] / false
12-31 19:00:27.252   975  1134 I System.out: PANELS: PLUGINS/COM.BYLAZAR.CONFIGURABLES: (Plugin): Found field of double / false
12-31 19:00:27.253   975  1134 I System.out: PANELS: PLUGINS/COM.BYLAZAR.CONFIGURABLES: (Plugin): Found field of double / false
12-31 19:00:27.253   975  1134 I System.out: PANELS: PLUGINS/COM.BYLAZAR.CONFIGURABLES: (Plugin): Found field of boolean / false
12-31 19:00:27.254   975  1134 I System.out: PANELS: PLUGINS/COM.BYLAZAR.CONFIGURABLES: (Plugin): Found field of int / false
12-31 19:00:27.254   975  1134 I System.out: PANELS: PLUGINS/COM.BYLAZAR.CONFIGURABLES: (Plugin): Found field of com.seattlesolvers.solverslib.gamepad.GamepadEx / false
12-31 19:00:27.255   975  1134 I System.out: PANELS: PLUGINS/COM.BYLAZAR.CONFIGURABLES: (Plugin): Found field of com.seattlesolvers.solverslib.gamepad.GamepadEx / false
12-31 19:00:27.255   975  1134 I System.out: PANELS: PLUGINS/COM.BYLAZAR.CONFIGURABLES: (Plugin): Found field of boolean / false
12-31 19:00:27.255   975  1134 I System.out: PANELS: PLUGINS/COM.BYLAZAR.CONFIGURABLES: (Plugin): Found field of com.qualcomm.hardware.limelightvision.LLResult / false
12-31 19:00:27.256   975  1134 I System.out: PANELS: PLUGINS/COM.BYLAZAR.CONFIGURABLES: (Plugin): Found field of org.firstinspires.ftc.teamcode.Config.Subsystems.Sensors / false
12-31 19:00:27.256   975  1134 I System.out: PANELS: PLUGINS/COM.BYLAZAR.CONFIGURABLES: (Plugin): Found field of org.firstinspires.ftc.teamcode.Config.Subsystems.Shooter / false
12-31 19:00:27.257   975  1134 I System.out: PANELS: PLUGINS/COM.BYLAZAR.CONFIGURABLES: (Plugin): Found field of boolean / false
12-31 19:00:27.257   975  1134 I System.out: PANELS: PLUGINS/COM.BYLAZAR.CONFIGURABLES: (Plugin): Found field of com.qualcomm.robotcore.util.ElapsedTime / false
12-31 19:00:27.258   975  1134 I System.out: PANELS: PLUGINS/COM.BYLAZAR.CONFIGURABLES: (Plugin): Found field of double / false
12-31 19:00:27.258   975  1134 I System.out: PANELS: PLUGINS/COM.BYLAZAR.CONFIGURABLES: (Plugin): Found field of double / false
12-31 19:00:27.258   975  1134 I System.out: PANELS: PLUGINS/COM.BYLAZAR.CONFIGURABLES: (Plugin): Found field of boolean / false
12-31 19:00:27.259   975  1134 I System.out: PANELS: PLUGINS/COM.BYLAZAR.CONFIGURABLES: (Plugin): Found field of boolean / false
12-31 19:00:27.259   975  1134 I System.out: PANELS: PLUGINS/COM.BYLAZAR.CONFIGURABLES: (Plugin): Found field of boolean / false
12-31 19:00:27.259   975  1134 I System.out: PANELS: PLUGINS/COM.BYLAZAR.CONFIGURABLES: (Plugin): Found field of double / true
12-31 19:00:27.261   975  1134 I System.out: PANELS: PLUGINS/COM.BYLAZAR.CONFIGURABLES: (Plugin): Adding field com.bylazar.configurables.variables.generics.GenericField@6cb6598 / DOUBLE / com.bylazar.configurables.variables.MyField@91ec1f1 / false
12-31 19:00:27.261   975  1134 I System.out: PANELS: PLUGINS/COM.BYLAZAR.CONFIGURABLES: (Plugin): Found field of double / true
12-31 19:00:27.263   975  1134 I System.out: PANELS: PLUGINS/COM.BYLAZAR.CONFIGURABLES: (Plugin): Adding field com.bylazar.configurables.variables.generics.GenericField@29631d6 / DOUBLE / com.bylazar.configurables.variables.MyField@ea69c57 / false
12-31 19:00:27.263   975  1134 I System.out: PANELS: PLUGINS/COM.BYLAZAR.CONFIGURABLES: (Plugin): Found field of double / true
12-31 19:00:27.264   975  1134 I System.out: PANELS: PLUGINS/COM.BYLAZAR.CONFIGURABLES: (Plugin): Adding field com.bylazar.configurables.variables.generics.GenericField@2dd4344 / DOUBLE / com.bylazar.configurables.variables.MyField@d4c8c2d / false
12-31 19:00:27.265   975  1134 I System.out: PANELS: PLUGINS/COM.BYLAZAR.CONFIGURABLES: (Plugin): Found field of double / true
12-31 19:00:27.266   975  1134 I System.out: PANELS: PLUGINS/COM.BYLAZAR.CONFIGURABLES: (Plugin): Adding field com.bylazar.configurables.variables.generics.GenericField@41b9562 / DOUBLE / com.bylazar.configurables.variables.MyField@30ea6f3 / false
12-31 19:00:27.266   975  1134 I System.out: PANELS: PLUGINS/COM.BYLAZAR.CONFIGURABLES: (Plugin): Found field of boolean / true
12-31 19:00:27.267   975  1134 I System.out: PANELS: PLUGINS/COM.BYLAZAR.CONFIGURABLES: (Plugin): Adding field com.bylazar.configurables.variables.generics.GenericField@70d4fb0 / BOOLEAN / com.bylazar.configurables.variables.MyField@112be29 / false
12-31 19:00:27.267   975  1134 I System.out: PANELS: PLUGINS/COM.BYLAZAR.CONFIGURABLES: (Plugin): Found field of double[] / true
12-31 19:00:27.270   975  1134 I System.out: PANELS: PLUGINS/COM.BYLAZAR.CONFIGURABLES: (Plugin): Adding field com.bylazar.configurables.variables.generics.GenericField@7a1a5ae / ARRAY / com.bylazar.configurables.variables.instances.CustomVariable@2e2bf4f / false
12-31 19:00:27.270   975  1134 I System.out: PANELS: PLUGINS/COM.BYLAZAR.CONFIGURABLES: (Plugin): Found field of double / true
12-31 19:00:27.271   975  1134 I System.out: PANELS: PLUGINS/COM.BYLAZAR.CONFIGURABLES: (Plugin): Adding field com.bylazar.configurables.variables.generics.GenericField@6efb6dc / DOUBLE / com.bylazar.configurables.variables.MyField@7f013e5 / false
12-31 19:00:27.275   975  1134 I System.out: PANELS: PLUGINS/COM.BYLAZAR.CONFIGURABLES: (Plugin): Inspecting class org.firstinspires.ftc.teamcode.OpMode.veryModifiedFifteen
12-31 19:00:27.276   975  1134 I System.out: PANELS: PLUGINS/COM.BYLAZAR.CONFIGURABLES: (Plugin): Found field of double / false
12-31 19:00:27.276   975  1134 I System.out: PANELS: PLUGINS/COM.BYLAZAR.CONFIGURABLES: (Plugin): Found field of double / false
12-31 19:00:27.277   975  1134 I System.out: PANELS: PLUGINS/COM.BYLAZAR.CONFIGURABLES: (Plugin): Found field of double / false
12-31 19:00:27.277   975  1134 I System.out: PANELS: PLUGINS/COM.BYLAZAR.CONFIGURABLES: (Plugin): Found field of java.util.List / false
12-31 19:00:27.277   975  1134 I System.out: PANELS: PLUGINS/COM.BYLAZAR.CONFIGURABLES: (Plugin): Found field of int / false
12-31 19:00:27.278   975  1134 I System.out: PANELS: PLUGINS/COM.BYLAZAR.CONFIGURABLES: (Plugin): Found field of boolean / false
12-31 19:00:27.278   975  1134 I System.out: PANELS: PLUGINS/COM.BYLAZAR.CONFIGURABLES: (Plugin): Found field of boolean / false
12-31 19:00:27.279   975  1134 I System.out: PANELS: PLUGINS/COM.BYLAZAR.CONFIGURABLES: (Plugin): Found field of com.pedropathing.follower.Follower / false
12-31 19:00:27.279   975  1134 I System.out: PANELS: PLUGINS/COM.BYLAZAR.CONFIGURABLES: (Plugin): Found field of boolean / false
12-31 19:00:27.279   975  1134 I System.out: PANELS: PLUGINS/COM.BYLAZAR.CONFIGURABLES: (Plugin): Found field of org.firstinspires.ftc.teamcode.Config.Subsystems.Intake / false
12-31 19:00:27.280   975  1134 I System.out: PANELS: PLUGINS/COM.BYLAZAR.CONFIGURABLES: (Plugin): Found field of com.pedropathing.paths.PathChain / false
12-31 19:00:27.280   975  1134 I System.out: PANELS: PLUGINS/COM.BYLAZAR.CONFIGURABLES: (Plugin): Found field of com.pedropathing.paths.PathChain / false
12-31 19:00:27.281   975  1134 I System.out: PANELS: PLUGINS/COM.BYLAZAR.CONFIGURABLES: (Plugin): Found field of com.pedropathing.paths.PathChain / false
12-31 19:00:27.281   975  1134 I System.out: PANELS: PLUGINS/COM.BYLAZAR.CONFIGURABLES: (Plugin): Found field of com.pedropathing.paths.PathChain / false
12-31 19:00:27.282   975  1134 I System.out: PANELS: PLUGINS/COM.BYLAZAR.CONFIGURABLES: (Plugin): Found field of boolean / false
12-31 19:00:27.282   975  1134 I System.out: PANELS: PLUGINS/COM.BYLAZAR.CONFIGURABLES: (Plugin): Found field of com.qualcomm.robotcore.util.ElapsedTime / false
12-31 19:00:27.283   975  1134 I System.out: PANELS: PLUGINS/COM.BYLAZAR.CONFIGURABLES: (Plugin): Found field of boolean / false
12-31 19:00:27.284   975  1134 I System.out: PANELS: PLUGINS/COM.BYLAZAR.CONFIGURABLES: (Plugin): Found field of org.firstinspires.ftc.teamcode.Config.Util.Poses.Alliance / false
12-31 19:00:27.284   975  1134 I System.out: PANELS: PLUGINS/COM.BYLAZAR.CONFIGURABLES: (Plugin): Found field of com.pedropathing.paths.PathChain / false
12-31 19:00:27.285   975  1134 I System.out: PANELS: PLUGINS/COM.BYLAZAR.CONFIGURABLES: (Plugin): Found field of int / false
12-31 19:00:27.285   975  1134 I System.out: PANELS: PLUGINS/COM.BYLAZAR.CONFIGURABLES: (Plugin): Found field of com.pedropathing.util.Timer / false
12-31 19:00:27.286   975  1134 I System.out: PANELS: PLUGINS/COM.BYLAZAR.CONFIGURABLES: (Plugin): Found field of com.qualcomm.hardware.gobilda.GoBildaPinpointDriver / false
12-31 19:00:27.286   975  1134 I System.out: PANELS: PLUGINS/COM.BYLAZAR.CONFIGURABLES: (Plugin): Found field of com.pedropathing.paths.PathChain / false
12-31 19:00:27.287   975  1134 I System.out: PANELS: PLUGINS/COM.BYLAZAR.CONFIGURABLES: (Plugin): Found field of org.firstinspires.ftc.teamcode.Config.Subsystems.Sensors / false
12-31 19:00:27.287   975  1134 I System.out: PANELS: PLUGINS/COM.BYLAZAR.CONFIGURABLES: (Plugin): Found field of org.firstinspires.ftc.teamcode.Config.Subsystems.Shooter / false
12-31 19:00:27.288   975  1134 I System.out: PANELS: PLUGINS/COM.BYLAZAR.CONFIGURABLES: (Plugin): Found field of com.pedropathing.paths.PathChain / false
12-31 19:00:27.288   975  1134 I System.out: PANELS: PLUGINS/COM.BYLAZAR.CONFIGURABLES: (Plugin): Found field of com.pedropathing.paths.PathChain / false
12-31 19:00:27.289   975  1134 I System.out: PANELS: PLUGINS/COM.BYLAZAR.CONFIGURABLES: (Plugin): Found field of com.pedropathing.paths.PathChain / false
12-31 19:00:27.290   975  1134 I System.out: PANELS: PLUGINS/COM.BYLAZAR.CONFIGURABLES: (Plugin): Found field of com.pedropathing.paths.PathChain / false
12-31 19:00:27.290   975  1134 I System.out: PANELS: PLUGINS/COM.BYLAZAR.CONFIGURABLES: (Plugin): Found field of com.pedropathing.paths.PathChain / false
12-31 19:00:27.291   975  1134 I System.out: PANELS: PLUGINS/COM.BYLAZAR.CONFIGURABLES: (Plugin): Found field of com.pedropathing.paths.PathChain / false
12-31 19:00:27.291   975  1134 I System.out: PANELS: PLUGINS/COM.BYLAZAR.CONFIGURABLES: (Plugin): Found field of com.pedropathing.paths.PathChain / false
12-31 19:00:27.292   975  1134 I System.out: PANELS: PLUGINS/COM.BYLAZAR.CONFIGURABLES: (Plugin): Found field of com.pedropathing.paths.PathChain / false
12-31 19:00:27.292   975  1134 I System.out: PANELS: PLUGINS/COM.BYLAZAR.CONFIGURABLES: (Plugin): Found field of boolean / false
12-31 19:00:27.293   975  1134 I System.out: PANELS: PLUGINS/COM.BYLAZAR.CONFIGURABLES: (Plugin): Found field of double / true
12-31 19:00:27.294   975  1134 I System.out: PANELS: PLUGINS/COM.BYLAZAR.CONFIGURABLES: (Plugin): Adding field com.bylazar.configurables.variables.generics.GenericField@f666eba / DOUBLE / com.bylazar.configurables.variables.MyField@236016b / false
12-31 19:00:27.294   975  1134 I System.out: PANELS: PLUGINS/COM.BYLAZAR.CONFIGURABLES: (Plugin): Found field of double / true
12-31 19:00:27.296   975  1134 I System.out: PANELS: PLUGINS/COM.BYLAZAR.CONFIGURABLES: (Plugin): Adding field com.bylazar.configurables.variables.generics.GenericField@92f64c8 / DOUBLE / com.bylazar.configurables.variables.MyField@4930961 / false
12-31 19:00:27.297   975  1134 I System.out: PANELS: PLUGINS/COM.BYLAZAR.CONFIGURABLES: (Plugin): Inspecting class org.firstinspires.ftc.teamcode.Testers.FlywheelPIDFTuner
12-31 19:00:27.297   975  1134 I System.out: PANELS: PLUGINS/COM.BYLAZAR.CONFIGURABLES: (Plugin): Found field of boolean / false
12-31 19:00:27.298   975  1134 I System.out: PANELS: PLUGINS/COM.BYLAZAR.CONFIGURABLES: (Plugin): Found field of com.qualcomm.robotcore.util.ElapsedTime / false
12-31 19:00:27.298   975  1134 I System.out: PANELS: PLUGINS/COM.BYLAZAR.CONFIGURABLES: (Plugin): Found field of com.seattlesolvers.solverslib.controller.PIDFController / false
12-31 19:00:27.299   975  1134 I System.out: PANELS: PLUGINS/COM.BYLAZAR.CONFIGURABLES: (Plugin): Found field of com.qualcomm.robotcore.hardware.DcMotorEx / false
12-31 19:00:27.299   975  1134 I System.out: PANELS: PLUGINS/COM.BYLAZAR.CONFIGURABLES: (Plugin): Found field of com.qualcomm.robotcore.hardware.DcMotorEx / false
12-31 19:00:27.300   975  1134 I System.out: PANELS: PLUGINS/COM.BYLAZAR.CONFIGURABLES: (Plugin): Found field of java.lang.String / false
12-31 19:00:27.300   975  1134 I System.out: PANELS: PLUGINS/COM.BYLAZAR.CONFIGURABLES: (Plugin): Found field of double / true
12-31 19:00:27.301   975  1134 I System.out: PANELS: PLUGINS/COM.BYLAZAR.CONFIGURABLES: (Plugin): Adding field com.bylazar.configurables.variables.generics.GenericField@17cbc86 / DOUBLE / com.bylazar.configurables.variables.MyField@9314947 / false
12-31 19:00:27.302   975  1134 I System.out: PANELS: PLUGINS/COM.BYLAZAR.CONFIGURABLES: (Plugin): Found field of boolean / true
12-31 19:00:27.303   975  1134 I System.out: PANELS: PLUGINS/COM.BYLAZAR.CONFIGURABLES: (Plugin): Adding field com.bylazar.configurables.variables.generics.GenericField@23a0574 / BOOLEAN / com.bylazar.configurables.variables.MyField@c15da9d / false
12-31 19:00:27.303   975  1134 I System.out: PANELS: PLUGINS/COM.BYLAZAR.CONFIGURABLES: (Plugin): Found field of double / true
12-31 19:00:27.305   975  1134 I System.out: PANELS: PLUGINS/COM.BYLAZAR.CONFIGURABLES: (Plugin): Adding field com.bylazar.configurables.variables.generics.GenericField@581b12 / DOUBLE / com.bylazar.configurables.variables.MyField@faf32e3 / false
12-31 19:00:27.305   975  1134 I System.out: PANELS: PLUGINS/COM.BYLAZAR.CONFIGURABLES: (Plugin): Found field of double / true
12-31 19:00:27.306   975  1134 I System.out: PANELS: PLUGINS/COM.BYLAZAR.CONFIGURABLES: (Plugin): Adding field com.bylazar.configurables.variables.generics.GenericField@dac04e0 / DOUBLE / com.bylazar.configurables.variables.MyField@fa8399 / false
12-31 19:00:27.307   975  1134 I System.out: PANELS: PLUGINS/COM.BYLAZAR.CONFIGURABLES: (Plugin): Found field of double / true
12-31 19:00:27.308   975  1134 I System.out: PANELS: PLUGINS/COM.BYLAZAR.CONFIGURABLES: (Plugin): Adding field com.bylazar.configurables.variables.generics.GenericField@18d65e / DOUBLE / com.bylazar.configurables.variables.MyField@6981a3f / false
12-31 19:00:27.308   975  1134 I System.out: PANELS: PLUGINS/COM.BYLAZAR.CONFIGURABLES: (Plugin): Found field of double / true
12-31 19:00:27.310   975  1134 I System.out: PANELS: PLUGINS/COM.BYLAZAR.CONFIGURABLES: (Plugin): Adding field com.bylazar.configurables.variables.generics.GenericField@27c8f0c / DOUBLE / com.bylazar.configurables.variables.MyField@1e6c055 / false
12-31 19:00:27.311   975  1134 I System.out: PANELS: PLUGINS/COM.BYLAZAR.CONFIGURABLES: (Plugin): Found field of double / true
12-31 19:00:27.312   975  1134 I System.out: PANELS: PLUGINS/COM.BYLAZAR.CONFIGURABLES: (Plugin): Adding field com.bylazar.configurables.variables.generics.GenericField@497fa6a / DOUBLE / com.bylazar.configurables.variables.MyField@afe1b5b / false
12-31 19:00:27.312   975  1134 I System.out: PANELS: PLUGINS/COM.BYLAZAR.CONFIGURABLES: (Plugin): Found field of double / true
12-31 19:00:27.313   975  1134 I System.out: PANELS: PLUGINS/COM.BYLAZAR.CONFIGURABLES: (Plugin): Adding field com.bylazar.configurables.variables.generics.GenericField@de98ff8 / DOUBLE / com.bylazar.configurables.variables.MyField@8200cd1 / false
12-31 19:00:27.313   975   987 I art     : Background partial concurrent mark sweep GC freed 174150(11MB) AllocSpace objects, 6(12MB) LOS objects, 39% free, 23MB/39MB, paused 2.903ms total 191.571ms
12-31 19:00:27.314   975  1134 I System.out: PANELS: PLUGINS/COM.BYLAZAR.CONFIGURABLES: (Plugin): Inspecting class org.firstinspires.ftc.teamcode.Testers.KShooterTester
12-31 19:00:27.315   975  1134 I System.out: PANELS: PLUGINS/COM.BYLAZAR.CONFIGURABLES: (Plugin): Found field of double / false
12-31 19:00:27.315   975  1134 I System.out: PANELS: PLUGINS/COM.BYLAZAR.CONFIGURABLES: (Plugin): Found field of double / false
12-31 19:00:27.315   975  1134 I System.out: PANELS: PLUGINS/COM.BYLAZAR.CONFIGURABLES: (Plugin): Found field of double / false
12-31 19:00:27.316   975  1134 I System.out: PANELS: PLUGINS/COM.BYLAZAR.CONFIGURABLES: (Plugin): Found field of double / false
12-31 19:00:27.317   975  1134 I System.out: PANELS: PLUGINS/COM.BYLAZAR.CONFIGURABLES: (Plugin): Found field of java.util.List / false
12-31 19:00:27.317   975  1134 I System.out: PANELS: PLUGINS/COM.BYLAZAR.CONFIGURABLES: (Plugin): Found field of com.pedropathing.follower.Follower / false
12-31 19:00:27.318   975  1134 I System.out: PANELS: PLUGINS/COM.BYLAZAR.CONFIGURABLES: (Plugin): Found field of org.firstinspires.ftc.teamcode.Config.Subsystems.Intake / false
12-31 19:00:27.318   975  1134 I System.out: PANELS: PLUGINS/COM.BYLAZAR.CONFIGURABLES: (Plugin): Found field of boolean / false
12-31 19:00:27.319   975  1134 I System.out: PANELS: PLUGINS/COM.BYLAZAR.CONFIGURABLES: (Plugin): Found field of boolean / false
12-31 19:00:27.321   975  1134 I System.out: PANELS: PLUGINS/COM.BYLAZAR.CONFIGURABLES: (Plugin): Found field of com.qualcomm.robotcore.util.ElapsedTime / false
12-31 19:00:27.321   975  1134 I System.out: PANELS: PLUGINS/COM.BYLAZAR.CONFIGURABLES: (Plugin): Found field of org.firstinspires.ftc.teamcode.Config.Subsystems.Shooter / false
12-31 19:00:27.322   975  1134 I System.out: PANELS: PLUGINS/COM.BYLAZAR.CONFIGURABLES: (Plugin): Found field of double / false
12-31 19:00:27.322   975  1134 I System.out: PANELS: PLUGINS/COM.BYLAZAR.CONFIGURABLES: (Plugin): Found field of double / true
12-31 19:00:27.324   975  1134 I System.out: PANELS: PLUGINS/COM.BYLAZAR.CONFIGURABLES: (Plugin): Adding field com.bylazar.configurables.variables.generics.GenericField@ef91237 / DOUBLE / com.bylazar.configurables.variables.MyField@123b3a4 / false
12-31 19:00:27.324   975  1134 I System.out: PANELS: PLUGINS/COM.BYLAZAR.CONFIGURABLES: (Plugin): Found field of double / true
12-31 19:00:27.325   975  1134 I System.out: PANELS: PLUGINS/COM.BYLAZAR.CONFIGURABLES: (Plugin): Adding field com.bylazar.configurables.variables.generics.GenericField@1c7a50d / DOUBLE / com.bylazar.configurables.variables.MyField@b596cc2 / false
12-31 19:00:27.325   975  1134 I System.out: PANELS: PLUGINS/COM.BYLAZAR.CONFIGURABLES: (Plugin): Found field of double / true
12-31 19:00:27.327   975  1134 I System.out: PANELS: PLUGINS/COM.BYLAZAR.CONFIGURABLES: (Plugin): Adding field com.bylazar.configurables.variables.generics.GenericField@4429ad3 / DOUBLE / com.bylazar.configurables.variables.MyField@dba6610 / false
12-31 19:00:27.327   975  1134 I System.out: PANELS: PLUGINS/COM.BYLAZAR.CONFIGURABLES: (Plugin): Found field of double / true
12-31 19:00:27.328   975  1134 I System.out: PANELS: PLUGINS/COM.BYLAZAR.CONFIGURABLES: (Plugin): Adding field com.bylazar.configurables.variables.generics.GenericField@3d68509 / DOUBLE / com.bylazar.configurables.variables.MyField@cd5930e / false
12-31 19:00:27.329   975  1134 I System.out: PANELS: PLUGINS/COM.BYLAZAR.CONFIGURABLES: (Plugin): Found field of double / true
12-31 19:00:27.330   975  1134 I System.out: PANELS: PLUGINS/COM.BYLAZAR.CONFIGURABLES: (Plugin): Adding field com.bylazar.configurables.variables.generics.GenericField@492112f / DOUBLE / com.bylazar.configurables.variables.MyField@cc7d33c / false
12-31 19:00:27.331   975  1134 I System.out: PANELS: PLUGINS/COM.BYLAZAR.CONFIGURABLES: (Plugin): Found field of double / true
12-31 19:00:27.332   975  1134 I System.out: PANELS: PLUGINS/COM.BYLAZAR.CONFIGURABLES: (Plugin): Adding field com.bylazar.configurables.variables.generics.GenericField@fd968c5 / DOUBLE / com.bylazar.configurables.variables.MyField@adbd21a / false
12-31 19:00:27.332   975  1134 I System.out: PANELS: PLUGINS/COM.BYLAZAR.CONFIGURABLES: (Plugin): Found field of double / false
12-31 19:00:27.333   975  1134 I System.out: PANELS: PLUGINS/COM.BYLAZAR.CONFIGURABLES: (Plugin): Found field of double / false
12-31 19:00:27.333   975  1134 I System.out: PANELS: PLUGINS/COM.BYLAZAR.CONFIGURABLES: (Plugin): Found field of double / true
12-31 19:00:27.336   975  1133 V RobotCore: EventLoopManager state is NOT_STARTED
12-31 19:00:27.336   975  1133 V FTCService: Waiting for a connection to a Wi-Fi service
12-31 19:00:27.337   975  1133 V RobotCore: Robot Status: stopped, waiting for network to become active
12-31 19:00:27.340   975  1133 I RobotControllerAccessPointAssistant: Wi-Fi AP is enabled
12-31 19:00:27.340   975  1133 V CoreRobotWebServer: Asked an already running WebServer to start
12-31 19:00:27.340   975  1134 I System.out: PANELS: PLUGINS/COM.BYLAZAR.CONFIGURABLES: (Plugin): Adding field com.bylazar.configurables.variables.generics.GenericField@3b8914b / DOUBLE / com.bylazar.configurables.variables.MyField@cdce728 / false
12-31 19:00:27.341   975  1134 I System.out: PANELS: PLUGINS/COM.BYLAZAR.CONFIGURABLES: (Plugin): Found field of boolean / true
12-31 19:00:27.341   975  1133 V RobotCore: Robot Status: stopped, starting robot
12-31 19:00:27.341   975  1133 V Robocol : EventLoopManager.start()
12-31 19:00:27.341   975  1133 V RobotCore: Getting network assistant of type: RCWIRELESSAP
12-31 19:00:27.341   975  1134 I System.out: PANELS: PLUGINS/COM.BYLAZAR.CONFIGURABLES: (Plugin): Adding field com.bylazar.configurables.variables.generics.GenericField@96ccc41 / BOOLEAN / com.bylazar.configurables.variables.MyField@4d4f5e6 / false
12-31 19:00:27.342   975  1133 I RobotControllerAccessPointAssistant: Wi-Fi AP is enabled
12-31 19:00:27.342   975  1134 I System.out: PANELS: PLUGINS/COM.BYLAZAR.CONFIGURABLES: (Plugin): Found field of boolean / true
12-31 19:00:27.342   975  1133 V Robocol : Spoofing a Network Connection event...
12-31 19:00:27.342   975  1133 I EventLoopManager: onNetworkConnectionEvent: CONNECTION_INFO_AVAILABLE
12-31 19:00:27.342   975  1133 I Robocol : Received network connection event
12-31 19:00:27.343   975  1134 I System.out: PANELS: PLUGINS/COM.BYLAZAR.CONFIGURABLES: (Plugin): Adding field com.bylazar.configurables.variables.generics.GenericField@77cf727 / BOOLEAN / com.bylazar.configurables.variables.MyField@2ad4dd4 / false
12-31 19:00:27.343   975  1134 I System.out: PANELS: PLUGINS/COM.BYLAZAR.CONFIGURABLES: (Plugin): Found field of double / true
12-31 19:00:27.343   975  1133 I RobotControllerAccessPointAssistant: Wi-Fi AP is enabled
12-31 19:00:27.343   975  1133 I NetworkConnectionHandler: Handling new network connection infomation, connected: true setup needed: true
12-31 19:00:27.344   975  1133 I RobotControllerAccessPointAssistant: Wi-Fi AP is enabled
12-31 19:00:27.344   975  1134 I System.out: PANELS: PLUGINS/COM.BYLAZAR.CONFIGURABLES: (Plugin): Adding field com.bylazar.configurables.variables.generics.GenericField@778eb7d / DOUBLE / com.bylazar.configurables.variables.MyField@5ea8a72 / false
12-31 19:00:27.345   975  1134 I System.out: PANELS: PLUGINS/COM.BYLAZAR.CONFIGURABLES: (Plugin): Inspecting class org.firstinspires.ftc.teamcode.Testers.ShooterKTuner
12-31 19:00:27.345   975  1134 I System.out: PANELS: PLUGINS/COM.BYLAZAR.CONFIGURABLES: (Plugin): Found field of double / false
12-31 19:00:27.346   975  1134 I System.out: PANELS: PLUGINS/COM.BYLAZAR.CONFIGURABLES: (Plugin): Found field of double / false
12-31 19:00:27.346   975  1134 I System.out: PANELS: PLUGINS/COM.BYLAZAR.CONFIGURABLES: (Plugin): Found field of double / false
12-31 19:00:27.353   975  1134 I System.out: PANELS: PLUGINS/COM.BYLAZAR.CONFIGURABLES: (Plugin): Found field of double / false
12-31 19:00:27.353   975  1134 I System.out: PANELS: PLUGINS/COM.BYLAZAR.CONFIGURABLES: (Plugin): Found field of java.util.List / false
12-31 19:00:27.354   975  1134 I System.out: PANELS: PLUGINS/COM.BYLAZAR.CONFIGURABLES: (Plugin): Found field of com.pedropathing.follower.Follower / false
12-31 19:00:27.354   975  1134 I System.out: PANELS: PLUGINS/COM.BYLAZAR.CONFIGURABLES: (Plugin): Found field of org.firstinspires.ftc.teamcode.Config.Subsystems.Intake / false
12-31 19:00:27.355   975  1134 I System.out: PANELS: PLUGINS/COM.BYLAZAR.CONFIGURABLES: (Plugin): Found field of boolean / false
12-31 19:00:27.356   975  1134 I System.out: PANELS: PLUGINS/COM.BYLAZAR.CONFIGURABLES: (Plugin): Found field of org.firstinspires.ftc.teamcode.Config.Subsystems.Shooter / false
12-31 19:00:27.356   975  1134 I System.out: PANELS: PLUGINS/COM.BYLAZAR.CONFIGURABLES: (Plugin): Found field of double / false
12-31 19:00:27.356   975  1134 I System.out: PANELS: PLUGINS/COM.BYLAZAR.CONFIGURABLES: (Plugin): Found field of double / true
12-31 19:00:27.358   975  1134 I System.out: PANELS: PLUGINS/COM.BYLAZAR.CONFIGURABLES: (Plugin): Adding field com.bylazar.configurables.variables.generics.GenericField@137dec3 / DOUBLE / com.bylazar.configurables.variables.MyField@87b7340 / false
12-31 19:00:27.358   975  1134 I System.out: PANELS: PLUGINS/COM.BYLAZAR.CONFIGURABLES: (Plugin): Found field of double / true
12-31 19:00:27.359   975  1134 I System.out: PANELS: PLUGINS/COM.BYLAZAR.CONFIGURABLES: (Plugin): Adding field com.bylazar.configurables.variables.generics.GenericField@d2dc279 / DOUBLE / com.bylazar.configurables.variables.MyField@52dbbe / false
12-31 19:00:27.359   975  1134 I System.out: PANELS: PLUGINS/COM.BYLAZAR.CONFIGURABLES: (Plugin): Found field of double / true
12-31 19:00:27.360   975  1134 I System.out: PANELS: PLUGINS/COM.BYLAZAR.CONFIGURABLES: (Plugin): Adding field com.bylazar.configurables.variables.generics.GenericField@52fa41f / DOUBLE / com.bylazar.configurables.variables.MyField@844836c / false
12-31 19:00:27.361   975  1134 I System.out: PANELS: PLUGINS/COM.BYLAZAR.CONFIGURABLES: (Plugin): Found field of double / true
12-31 19:00:27.362   975  1134 I System.out: PANELS: PLUGINS/COM.BYLAZAR.CONFIGURABLES: (Plugin): Adding field com.bylazar.configurables.variables.generics.GenericField@6bf0d35 / DOUBLE / com.bylazar.configurables.variables.MyField@15cf5ca / false
12-31 19:00:27.362   975  1134 I System.out: PANELS: PLUGINS/COM.BYLAZAR.CONFIGURABLES: (Plugin): Found field of double / true
12-31 19:00:27.363   975  1134 I System.out: PANELS: PLUGINS/COM.BYLAZAR.CONFIGURABLES: (Plugin): Adding field com.bylazar.configurables.variables.generics.GenericField@bb4633b / DOUBLE / com.bylazar.configurables.variables.MyField@cac6a58 / false
12-31 19:00:27.364   975  1134 I System.out: PANELS: PLUGINS/COM.BYLAZAR.CONFIGURABLES: (Plugin): Found field of double / false
12-31 19:00:27.364   975  1134 I System.out: PANELS: PLUGINS/COM.BYLAZAR.CONFIGURABLES: (Plugin): Found field of double / false
12-31 19:00:27.365   975  1134 I System.out: PANELS: PLUGINS/COM.BYLAZAR.CONFIGURABLES: (Plugin): Found field of double / true
12-31 19:00:27.366   975  1134 I System.out: PANELS: PLUGINS/COM.BYLAZAR.CONFIGURABLES: (Plugin): Adding field com.bylazar.configurables.variables.generics.GenericField@5e047b1 / DOUBLE / com.bylazar.configurables.variables.MyField@a3ca496 / false
12-31 19:00:27.366   975  1134 I System.out: PANELS: PLUGINS/COM.BYLAZAR.CONFIGURABLES: (Plugin): Found field of boolean / true
12-31 19:00:27.368   419   479 I ActivityManager: Waited long enough for: ServiceRecord{c919dff u0 org.firstinspires.ftc.ftcaccesspointservice/.MonitoringService}
12-31 19:00:27.373   975  1134 I System.out: PANELS: PLUGINS/COM.BYLAZAR.CONFIGURABLES: (Plugin): Adding field com.bylazar.configurables.variables.generics.GenericField@7fbf817 / BOOLEAN / com.bylazar.configurables.variables.MyField@4a9d404 / false
12-31 19:00:27.373   975  1134 I System.out: PANELS: PLUGINS/COM.BYLAZAR.CONFIGURABLES: (Plugin): Found field of double / true
12-31 19:00:27.375   975  1134 I System.out: PANELS: PLUGINS/COM.BYLAZAR.CONFIGURABLES: (Plugin): Adding field com.bylazar.configurables.variables.generics.GenericField@a00aded / DOUBLE / com.bylazar.configurables.variables.MyField@9967422 / false
12-31 19:00:27.375   975  1134 I System.out: PANELS: PLUGINS/COM.BYLAZAR.CONFIGURABLES: (Plugin): Found field of boolean / true
12-31 19:00:27.377   975  1134 I System.out: PANELS: PLUGINS/COM.BYLAZAR.CONFIGURABLES: (Plugin): Adding field com.bylazar.configurables.variables.generics.GenericField@bdfeb3 / BOOLEAN / com.bylazar.configurables.variables.MyField@5f22c70 / false
12-31 19:00:27.377   975  1134 I System.out: PANELS: PLUGINS/COM.BYLAZAR.CONFIGURABLES: (Plugin): Found field of double / true
12-31 19:00:27.378   975  1134 I System.out: PANELS: PLUGINS/COM.BYLAZAR.CONFIGURABLES: (Plugin): Adding field com.bylazar.configurables.variables.generics.GenericField@473be9 / DOUBLE / com.bylazar.configurables.variables.MyField@1cbb06e / false
12-31 19:00:27.379   975  1134 I System.out: PANELS: PLUGINS/COM.BYLAZAR.CONFIGURABLES: (Plugin): Inspecting class org.firstinspires.ftc.teamcode.Testers.TurretAutoAlign
12-31 19:00:27.379   975  1134 I System.out: PANELS: PLUGINS/COM.BYLAZAR.CONFIGURABLES: (Plugin): Found field of org.firstinspires.ftc.teamcode.Config.Subsystems.MecanumDrive / false
12-31 19:00:27.380   975  1134 I System.out: PANELS: PLUGINS/COM.BYLAZAR.CONFIGURABLES: (Plugin): Found field of com.pedropathing.follower.Follower / false
12-31 19:00:27.380   975  1134 I System.out: PANELS: PLUGINS/COM.BYLAZAR.CONFIGURABLES: (Plugin): Found field of org.firstinspires.ftc.teamcode.Config.Subsystems.Intake / false
12-31 19:00:27.381   975  1134 I System.out: PANELS: PLUGINS/COM.BYLAZAR.CONFIGURABLES: (Plugin): Found field of boolean / false
12-31 19:00:27.381   975  1134 I System.out: PANELS: PLUGINS/COM.BYLAZAR.CONFIGURABLES: (Plugin): Found field of org.firstinspires.ftc.teamcode.Config.Subsystems.LimelightCamera / false
12-31 19:00:27.382   975  1134 I System.out: PANELS: PLUGINS/COM.BYLAZAR.CONFIGURABLES: (Plugin): Found field of com.qualcomm.hardware.gobilda.GoBildaPinpointDriver / false
12-31 19:00:27.382   975  1134 I System.out: PANELS: PLUGINS/COM.BYLAZAR.CONFIGURABLES: (Plugin): Found field of com.seattlesolvers.solverslib.gamepad.GamepadEx / false
12-31 19:00:27.382   975  1134 I System.out: PANELS: PLUGINS/COM.BYLAZAR.CONFIGURABLES: (Plugin): Found field of boolean / false
12-31 19:00:27.383   975  1134 I System.out: PANELS: PLUGINS/COM.BYLAZAR.CONFIGURABLES: (Plugin): Found field of org.firstinspires.ftc.teamcode.Config.Subsystems.Sensors / false
12-31 19:00:27.383   975  1134 I System.out: PANELS: PLUGINS/COM.BYLAZAR.CONFIGURABLES: (Plugin): Found field of org.firstinspires.ftc.teamcode.Config.Subsystems.Shooter / false
12-31 19:00:27.383   975  1134 I System.out: PANELS: PLUGINS/COM.BYLAZAR.CONFIGURABLES: (Plugin): Found field of double / true
12-31 19:00:27.384   975  1134 I System.out: PANELS: PLUGINS/COM.BYLAZAR.CONFIGURABLES: (Plugin): Adding field com.bylazar.configurables.variables.generics.GenericField@68fd30f / DOUBLE / com.bylazar.configurables.variables.MyField@a259f9c / false
12-31 19:00:27.385   975  1134 I System.out: PANELS: PLUGINS/COM.BYLAZAR.CONFIGURABLES: (Plugin): Found field of java.lang.String / false
12-31 19:00:27.385   975  1134 I System.out: PANELS: PLUGINS/COM.BYLAZAR.CONFIGURABLES: (Plugin): Found field of double / false
12-31 19:00:27.386   975  1134 I System.out: PANELS: PLUGINS/COM.BYLAZAR.CONFIGURABLES: (Plugin): Found field of double / true
12-31 19:00:27.387   975  1134 I System.out: PANELS: PLUGINS/COM.BYLAZAR.CONFIGURABLES: (Plugin): Adding field com.bylazar.configurables.variables.generics.GenericField@74eada5 / DOUBLE / com.bylazar.configurables.variables.MyField@806657a / false
12-31 19:00:27.387   975  1134 I System.out: PANELS: PLUGINS/COM.BYLAZAR.CONFIGURABLES: (Plugin): Found field of double / true
12-31 19:00:27.388   975  1134 I System.out: PANELS: PLUGINS/COM.BYLAZAR.CONFIGURABLES: (Plugin): Adding field com.bylazar.configurables.variables.generics.GenericField@400912b / DOUBLE / com.bylazar.configurables.variables.MyField@2bb1988 / false
12-31 19:00:27.388   975  1134 I System.out: PANELS: PLUGINS/COM.BYLAZAR.CONFIGURABLES: (Plugin): Found field of double / true
12-31 19:00:27.390   975  1134 I System.out: PANELS: PLUGINS/COM.BYLAZAR.CONFIGURABLES: (Plugin): Adding field com.bylazar.configurables.variables.generics.GenericField@2a17f21 / DOUBLE / com.bylazar.configurables.variables.MyField@8055f46 / false
12-31 19:00:27.391   975  1134 I System.out: PANELS: PLUGINS/COM.BYLAZAR.CONFIGURABLES: (Plugin): Found field of org.firstinspires.ftc.robotcore.external.navigation.Pose2D / false
12-31 19:00:27.392   975  1134 I System.out: PANELS: PLUGINS/COM.BYLAZAR.CONFIGURABLES: (Plugin): Inspecting class org.firstinspires.ftc.teamcode.Testers.TurretPIDFTuner
12-31 19:00:27.392   975  1134 I System.out: PANELS: PLUGINS/COM.BYLAZAR.CONFIGURABLES: (Plugin): Found field of boolean / false
12-31 19:00:27.393   975  1134 I System.out: PANELS: PLUGINS/COM.BYLAZAR.CONFIGURABLES: (Plugin): Found field of com.qualcomm.robotcore.util.ElapsedTime / false
12-31 19:00:27.393   975  1134 I System.out: PANELS: PLUGINS/COM.BYLAZAR.CONFIGURABLES: (Plugin): Found field of com.seattlesolvers.solverslib.controller.PIDFController / false
12-31 19:00:27.394   975  1134 I System.out: PANELS: PLUGINS/COM.BYLAZAR.CONFIGURABLES: (Plugin): Found field of org.firstinspires.ftc.teamcode.Config.Subsystems.Sensors / false
12-31 19:00:27.394   975  1134 I System.out: PANELS: PLUGINS/COM.BYLAZAR.CONFIGURABLES: (Plugin): Found field of com.qualcomm.robotcore.util.ElapsedTime / false
12-31 19:00:27.394   975  1134 I System.out: PANELS: PLUGINS/COM.BYLAZAR.CONFIGURABLES: (Plugin): Found field of org.firstinspires.ftc.teamcode.Config.Subsystems.Shooter / false
12-31 19:00:27.395   975  1134 I System.out: PANELS: PLUGINS/COM.BYLAZAR.CONFIGURABLES: (Plugin): Found field of com.qualcomm.robotcore.hardware.DcMotorEx / false
12-31 19:00:27.395   975  1134 I System.out: PANELS: PLUGINS/COM.BYLAZAR.CONFIGURABLES: (Plugin): Found field of java.lang.String / false
12-31 19:00:27.396   975  1134 I System.out: PANELS: PLUGINS/COM.BYLAZAR.CONFIGURABLES: (Plugin): Found field of double / true
12-31 19:00:27.397   975  1134 I System.out: PANELS: PLUGINS/COM.BYLAZAR.CONFIGURABLES: (Plugin): Adding field com.bylazar.configurables.variables.generics.GenericField@3751507 / DOUBLE / com.bylazar.configurables.variables.MyField@fac4634 / false
12-31 19:00:27.397   975  1134 I System.out: PANELS: PLUGINS/COM.BYLAZAR.CONFIGURABLES: (Plugin): Found field of boolean / true
12-31 19:00:27.398   975  1134 I System.out: PANELS: PLUGINS/COM.BYLAZAR.CONFIGURABLES: (Plugin): Adding field com.bylazar.configurables.variables.generics.GenericField@9f5ec5d / BOOLEAN / com.bylazar.configurables.variables.MyField@8a829d2 / false
12-31 19:00:27.400   975  1134 I System.out: PANELS: PLUGINS/COM.BYLAZAR.CONFIGURABLES: (Plugin): Found field of boolean / true
12-31 19:00:27.401   975  1134 I System.out: PANELS: PLUGINS/COM.BYLAZAR.CONFIGURABLES: (Plugin): Adding field com.bylazar.configurables.variables.generics.GenericField@6c3faa3 / BOOLEAN / com.bylazar.configurables.variables.MyField@4e191a0 / false
12-31 19:00:27.401   975  1134 I System.out: PANELS: PLUGINS/COM.BYLAZAR.CONFIGURABLES: (Plugin): Found field of double / true
12-31 19:00:27.402   975  1134 I System.out: PANELS: PLUGINS/COM.BYLAZAR.CONFIGURABLES: (Plugin): Adding field com.bylazar.configurables.variables.generics.GenericField@29f159 / DOUBLE / com.bylazar.configurables.variables.MyField@d3b111e / false
12-31 19:00:27.402   975  1134 I System.out: PANELS: PLUGINS/COM.BYLAZAR.CONFIGURABLES: (Plugin): Found field of double / true
12-31 19:00:27.403   975  1134 I System.out: PANELS: PLUGINS/COM.BYLAZAR.CONFIGURABLES: (Plugin): Adding field com.bylazar.configurables.variables.generics.GenericField@c919dff / DOUBLE / com.bylazar.configurables.variables.MyField@a5e27cc / false
12-31 19:00:27.403   975  1134 I System.out: PANELS: PLUGINS/COM.BYLAZAR.CONFIGURABLES: (Plugin): Found field of double / true
12-31 19:00:27.404   975  1134 I System.out: PANELS: PLUGINS/COM.BYLAZAR.CONFIGURABLES: (Plugin): Adding field com.bylazar.configurables.variables.generics.GenericField@dff4a15 / DOUBLE / com.bylazar.configurables.variables.MyField@f83212a / false
12-31 19:00:27.405   975  1134 I System.out: PANELS: PLUGINS/COM.BYLAZAR.CONFIGURABLES: (Plugin): Found field of double / true
12-31 19:00:27.406   975  1134 I System.out: PANELS: PLUGINS/COM.BYLAZAR.CONFIGURABLES: (Plugin): Adding field com.bylazar.configurables.variables.generics.GenericField@f6c1b1b / DOUBLE / com.bylazar.configurables.variables.MyField@32bf4b8 / false
12-31 19:00:27.406   975  1134 I System.out: PANELS: PLUGINS/COM.BYLAZAR.CONFIGURABLES: (Plugin): Found field of double / true
12-31 19:00:27.407   975  1134 I System.out: PANELS: PLUGINS/COM.BYLAZAR.CONFIGURABLES: (Plugin): Adding field com.bylazar.configurables.variables.generics.GenericField@c977291 / DOUBLE / com.bylazar.configurables.variables.MyField@e8a25f6 / false
12-31 19:00:27.407   975  1134 I System.out: PANELS: PLUGINS/COM.BYLAZAR.CONFIGURABLES: (Plugin): Found field of double / true
12-31 19:00:27.409   975  1134 I System.out: PANELS: PLUGINS/COM.BYLAZAR.CONFIGURABLES: (Plugin): Adding field com.bylazar.configurables.variables.generics.GenericField@aa74df7 / DOUBLE / com.bylazar.configurables.variables.MyField@707a464 / false
12-31 19:00:27.409   975  1134 I System.out: PANELS: PLUGINS/COM.BYLAZAR.CONFIGURABLES: (Plugin): Found field of double / true
12-31 19:00:27.411   975  1134 I System.out: PANELS: PLUGINS/COM.BYLAZAR.CONFIGURABLES: (Plugin): Adding field com.bylazar.configurables.variables.generics.GenericField@bafa6cd / DOUBLE / com.bylazar.configurables.variables.MyField@e2aab82 / false
12-31 19:00:27.412   975  1134 I System.out: PANELS: PLUGINS/COM.BYLAZAR.CONFIGURABLES: (Plugin): Inspecting class org.firstinspires.ftc.teamcode.Testers.TurretTunerInAuto
12-31 19:00:27.412   975  1134 I System.out: PANELS: PLUGINS/COM.BYLAZAR.CONFIGURABLES: (Plugin): Found field of double / false
12-31 19:00:27.412   975  1134 I System.out: PANELS: PLUGINS/COM.BYLAZAR.CONFIGURABLES: (Plugin): Found field of double / false
12-31 19:00:27.413   975  1134 I System.out: PANELS: PLUGINS/COM.BYLAZAR.CONFIGURABLES: (Plugin): Found field of double / false
12-31 19:00:27.414   975  1134 I System.out: PANELS: PLUGINS/COM.BYLAZAR.CONFIGURABLES: (Plugin): Found field of com.pedropathing.follower.Follower / false
12-31 19:00:27.414   975  1134 I System.out: PANELS: PLUGINS/COM.BYLAZAR.CONFIGURABLES: (Plugin): Found field of org.firstinspires.ftc.teamcode.Config.Subsystems.Intake / false
12-31 19:00:27.415   975  1134 I System.out: PANELS: PLUGINS/COM.BYLAZAR.CONFIGURABLES: (Plugin): Found field of org.firstinspires.ftc.teamcode.Config.Subsystems.Shooter / false
12-31 19:00:27.415   975  1134 I System.out: PANELS: PLUGINS/COM.BYLAZAR.CONFIGURABLES: (Plugin): Found field of com.pedropathing.util.Timer / false
12-31 19:00:27.415   975  1134 I System.out: PANELS: PLUGINS/COM.BYLAZAR.CONFIGURABLES: (Plugin): Found field of double[] / true
12-31 19:00:27.418   975  1134 I System.out: PANELS: PLUGINS/COM.BYLAZAR.CONFIGURABLES: (Plugin): Adding field com.bylazar.configurables.variables.generics.GenericField@f8d293 / ARRAY / com.bylazar.configurables.variables.instances.CustomVariable@acca2d0 / false
12-31 19:00:27.418   975  1134 I System.out: PANELS: PLUGINS/COM.BYLAZAR.CONFIGURABLES: (Plugin): Inspecting class org.firstinspires.ftc.teamcode.Testers.notCookedTurretTuner
12-31 19:00:27.419   975  1134 I System.out: PANELS: PLUGINS/COM.BYLAZAR.CONFIGURABLES: (Plugin): Found field of double / false
12-31 19:00:27.419   975  1134 I System.out: PANELS: PLUGINS/COM.BYLAZAR.CONFIGURABLES: (Plugin): Found field of com.qualcomm.robotcore.util.ElapsedTime / false
12-31 19:00:27.420   975  1134 I System.out: PANELS: PLUGINS/COM.BYLAZAR.CONFIGURABLES: (Plugin): Found field of com.seattlesolvers.solverslib.controller.PIDFController / false
12-31 19:00:27.420   975  1134 I System.out: PANELS: PLUGINS/COM.BYLAZAR.CONFIGURABLES: (Plugin): Found field of org.firstinspires.ftc.teamcode.Config.Subsystems.Shooter / false
12-31 19:00:27.421   975  1134 I System.out: PANELS: PLUGINS/COM.BYLAZAR.CONFIGURABLES: (Plugin): Found field of double / false
12-31 19:00:27.421   975  1134 I System.out: PANELS: PLUGINS/COM.BYLAZAR.CONFIGURABLES: (Plugin): Found field of com.qualcomm.robotcore.hardware.DcMotorEx / false
12-31 19:00:27.421   975  1134 I System.out: PANELS: PLUGINS/COM.BYLAZAR.CONFIGURABLES: (Plugin): Found field of java.lang.String / false
12-31 19:00:27.422   975  1134 I System.out: PANELS: PLUGINS/COM.BYLAZAR.CONFIGURABLES: (Plugin): Found field of double / true
12-31 19:00:27.423   975  1134 I System.out: PANELS: PLUGINS/COM.BYLAZAR.CONFIGURABLES: (Plugin): Adding field com.bylazar.configurables.variables.generics.GenericField@f9ce2c9 / DOUBLE / com.bylazar.configurables.variables.MyField@35bfdce / false
12-31 19:00:27.423   975  1134 I System.out: PANELS: PLUGINS/COM.BYLAZAR.CONFIGURABLES: (Plugin): Found field of boolean / true
12-31 19:00:27.424   975  1134 I System.out: PANELS: PLUGINS/COM.BYLAZAR.CONFIGURABLES: (Plugin): Adding field com.bylazar.configurables.variables.generics.GenericField@d404ef / BOOLEAN / com.bylazar.configurables.variables.MyField@3a11bfc / false
12-31 19:00:27.424   975  1134 I System.out: PANELS: PLUGINS/COM.BYLAZAR.CONFIGURABLES: (Plugin): Found field of double / true
12-31 19:00:27.425   975  1134 I System.out: PANELS: PLUGINS/COM.BYLAZAR.CONFIGURABLES: (Plugin): Adding field com.bylazar.configurables.variables.generics.GenericField@307e285 / DOUBLE / com.bylazar.configurables.variables.MyField@93e28da / false
12-31 19:00:27.426   975  1134 I System.out: PANELS: PLUGINS/COM.BYLAZAR.CONFIGURABLES: (Plugin): Found field of double / true
12-31 19:00:27.427   975  1134 I System.out: PANELS: PLUGINS/COM.BYLAZAR.CONFIGURABLES: (Plugin): Adding field com.bylazar.configurables.variables.generics.GenericField@286010b / DOUBLE / com.bylazar.configurables.variables.MyField@e1fbe8 / false
12-31 19:00:27.427   975  1134 I System.out: PANELS: PLUGINS/COM.BYLAZAR.CONFIGURABLES: (Plugin): Found field of double / true
12-31 19:00:27.428   975  1134 I System.out: PANELS: PLUGINS/COM.BYLAZAR.CONFIGURABLES: (Plugin): Adding field com.bylazar.configurables.variables.generics.GenericField@8692201 / DOUBLE / com.bylazar.configurables.variables.MyField@ae5f8a6 / false
12-31 19:00:27.428   975  1134 I System.out: PANELS: PLUGINS/COM.BYLAZAR.CONFIGURABLES: (Plugin): Found field of double / true
12-31 19:00:27.429   975  1134 I System.out: PANELS: PLUGINS/COM.BYLAZAR.CONFIGURABLES: (Plugin): Adding field com.bylazar.configurables.variables.generics.GenericField@c11a2e7 / DOUBLE / com.bylazar.configurables.variables.MyField@8ceee94 / false
12-31 19:00:27.430   975  1134 I System.out: PANELS: PLUGINS/COM.BYLAZAR.CONFIGURABLES: (Plugin): Found field of double / true
12-31 19:00:27.431   975  1134 I System.out: PANELS: PLUGINS/COM.BYLAZAR.CONFIGURABLES: (Plugin): Adding field com.bylazar.configurables.variables.generics.GenericField@744dd3d / DOUBLE / com.bylazar.configurables.variables.MyField@de8f932 / false
12-31 19:00:27.431   975  1134 I System.out: PANELS: PLUGINS/COM.BYLAZAR.CONFIGURABLES: (Plugin): Found field of double / true
12-31 19:00:27.432   975  1134 I System.out: PANELS: PLUGINS/COM.BYLAZAR.CONFIGURABLES: (Plugin): Adding field com.bylazar.configurables.variables.generics.GenericField@6cb8683 / DOUBLE / com.bylazar.configurables.variables.MyField@3f66000 / false
12-31 19:00:27.434   975  1134 I System.out: PANELS: PLUGINS/COM.BYLAZAR.CONFIGURABLES: (Plugin): Configurable fields: [follower, canShoot, motorPower, targetPatternFromAuto, targetRPM, HEADING_KD_TX, HEADING_KF_TX, HEADING_KI_TX, HEADING_KP_TX, ROTATION_MIN_POWER, MAX_LAUNCH_ANGLE_DEG, MIN_LAUNCH_ANGLE_DEG, currentRequiredFlywheelTicks, currentRequiredHoodAngle, currentRequiredInAirTOF, flywheelVeloReached, h_a, h_b, h_c, h_d, h_e, hoodReached, isShotImpossible, maxTurretPower, targetFlywheelVelocity, targetHoodAngle, targetTurretPosition, turretReached, v_a, v_b, v_c, v_d, v_e, MAX_LAUNCH_ANGLE_DEG, MIN_LAUNCH_ANGLE_DEG, flywheelCoefficients, flywheelVeloReached, h_a, h_b, h_c, h_d, h_e, hoodReached, k, maxTurretPower, targetFlywheelVelocity, targetHoodAngle, targetTurretPosition, turretCoefficientsAuto, turretCoefficientsTeleop, turretDeadband, turretEndPosAuto, turretReached, startX, startY, startX, startY, startX, startY, limelightCloseZoneOffset, limelightFarZoneOffset, limelightTurretScale, limelightTurretTolerance, shootOnDaMove, turretCoefficientsTeleop, turretDeadband, startX, startY, cookedLoopTargetMS, intakeOn, kD, kF, kI, kP, maxPower, targetVelocity, GOAL_HEIGHT_OLD, GOAL_X, GOAL_Y, GRAVITY, LAUNCH_HEIGHT, TEST_DISTANCE_INCHES, desiredHoodAngle, enableShooter, sixSeven, targetTicksPerSec, GOAL_X, GOAL_Y, GRAVITY, LAUNCH_HEIGHT, TEST_DISTANCE_INCHES, desiredHoodAngle, enableShooter, k, sixSeven, targetTicksPerSec, GOAL_Y, RED_GOAL_X, limelightTurretScale, limelightTurretTolerance, cookedLoopTargetMS, intakeOn, isCooked, kD, kF, kI, kP, maxPower, targetAngle, tolerance, turretCoefficientsAuto, cookedLoopTargetMS, isReversed, kD, kF, kI, kP, maxPower, targetAngle]
12-31 19:00:27.486  1182  1182 I getprop : type=1400 audit(0.0:104): avc: denied { open } for path="/dev/__properties__/u:object_r:secureboot_prop:s0" dev="tmpfs" ino=8196 scontext=u:r:shell:s0 tcontext=u:object_r:secureboot_prop:s0 tclass=file permissive=1
12-31 19:00:27.490  1182  1182 I getprop : type=1400 audit(0.0:105): avc: denied { getattr } for path="/dev/__properties__/u:object_r:secureboot_prop:s0" dev="tmpfs" ino=8196 scontext=u:r:shell:s0 tcontext=u:object_r:secureboot_prop:s0 tclass=file permissive=1
12-31 19:00:27.490  1182  1182 I getprop : type=1400 audit(0.0:106): avc: denied { open } for path="/dev/__properties__/u:object_r:pppoe_prop:s0" dev="tmpfs" ino=8197 scontext=u:r:shell:s0 tcontext=u:object_r:pppoe_prop:s0 tclass=file permissive=1
12-31 19:00:27.490  1178  1178 I getprop : type=1400 audit(0.0:107): avc: denied { open } for path="/dev/__properties__/u:object_r:pppoe_prop:s0" dev="tmpfs" ino=8197 scontext=u:r:shell:s0 tcontext=u:object_r:pppoe_prop:s0 tclass=file permissive=1
