12-31 19:00:30.462   975  1192 I System.out: PANELS: PLUGINS/COM.BYLAZAR.OPMODECONTROL: (Plugin): Sending: {"data":{"opModes":[{"autoTransition":"","defaultGroup":"$$$$$$$","flavour":"TELEOP","group":"$$$$$$$","name":"Mecanum -Robot Centric","source":"ANDROID_STUDIO"},{"autoTransition":"v2Teleop","defaultGroup":"$$$$$$$","flavour":"AUTONOMOUS","group":"A","name":"GS 15 - 1 Gate Cycle","source":"ANDROID_STUDIO"},{"autoTransition":"v2Teleop","defaultGroup":"$$$$$$$","flavour":"AUTONOMOUS","group":"A","name":"GS 15 - 2 Gate Cycle","source":"ANDROID_STUDIO"},{"autoTransition":"v2Teleop","defaultGroup":"$$$$$$$","flavour":"AUTONOMOUS","group":"A","name":"GS 9 Ball ","source":"ANDROID_STUDIO"},{"autoTransition":"v2Teleop","defaultGroup":"$$$$$$$","flavour":"AUTONOMOUS","group":"A","name":"NEW GS 12 - 2 Gate Cycle","source":"ANDROID_STUDIO"},{"autoTransition":"v2Teleop","defaultGroup":"$$$$$$$","flavour":"AUTONOMOUS","group":"A","name":"OG GS 12 Ball ","source":"ANDROID_STUDIO"},{"autoTransition":"","defaultGroup":"$$$$$$$","flavour":"TELEOP","group":"A","name":"Zenith Teleop","source":"ANDROID_STUDIO"},{"autoTransition":"v2Teleop","defaultGroup":"$$$$$$$","flavour":"AUTONOMOUS","group":"B","name":"FS 6 Ball - No Line","source":"ANDROID_STUDIO"},{"autoTransition":"v2Teleop","defaultGroup":"$$$$$$$","flavour":"AUTONOMOUS","group":"B","name":"FS 9 Ball - 1 Line","source":"ANDROID_STUDIO"},{"autoTransition":"v2Teleop","defaultGroup":"$$$$$$$","flavour":"AUTONOMOUS","group":"B","name":"FS High Cycle - 1 Line","source":"ANDROID_STUDIO"},{"autoTransition":"v2Teleop","defaultGroup":"$$$$$$$","flavour":"AUTONOMOUS","group":"C","name":"SUSSY GS 9 Ball SORT ","source":"ANDROID_STUDIO"},{"autoTransition":"","defaultGroup":"$$$$$$$","flavour":"TELEOP","group":"Dashboard","name":"Enable/Disable Dashboard","source":"ANDROID_STUDIO"},{"autoTransition":"","defaultGroup":"$$$$$$$","flavour":"TELEOP","group":"Dashboard","name":"Hardware","source":"ANDROID_STUDIO"},{"autoTransition":"","defaultGroup":"$$$$$$$","flavour":"TELEOP","group":"Panels","name":"Enable/Disable Panels","source":"ANDROID_STUDIO"},{"autoTransition":"","defaultGroup":"$$$$$$$","flavour":"TELEOP","group":"Pedro Pathing","name":"Tuning","source":"ANDROID_STUDIO"},{"autoTransition":"","defaultGroup":"$$$$$$$","flavour":"TELEOP","group":"Sensor","name":"Sensor: Limelight3A","source":"ANDROID_STUDIO"},{"autoTransition":"","defaultGroup":"$$$$$$$","flavour":"TELEOP","group":"TEST","name":"Artifact Detection Tester","source":"ANDROID_STUDIO"},{"autoTransition":"","defaultGroup":"$$$$$$$","flavour":"TELEOP","group":"TEST","name":"FlywheelPIDFTuner","source":"ANDROID_STUDIO"},{"autoTransition":"","defaultGroup":"$$$$$$$","flavour":"TELEOP","group":"TEST","name":"HoodTester","source":"ANDROID_STUDIO"},{"autoTransition":"","defaultGroup":"$$$$$$$","flavour":"TELEOP","group":"TEST","name":"Shooter: K-Tuner v2.1","source":"ANDROID_STUDIO"},{"autoTransition":"","defaultGroup":"$$$$$$$","flavour":"TELEOP","group":"TEST","name":"SigmaIntakeTest","source":"ANDROID_STUDIO"},{"autoTransition":"","defaultGroup":"$$$$$$$","flavour":"TELEOP","group":"TEST","name":"Test Shooter With Motion Compensation","source":"ANDROID_STUDIO"},{"autoTransition":"","defaultGroup":"$$$$$$$","flavour":"TELEOP","group":"TEST","name":"TurretAutoAlignLimelightTester","source":"ANDROID_STUDIO"},{"autoTransition":"","defaultGroup":"$$$$$$$","flavour":"TELEOP","group":"TEST","name":"TurretPIDFTuner","source":"ANDROID_STUDIO"},{"autoTransition":"","defaultGroup":"$$$$$$$","flavour":"TELEOP","group":"TEST","name":"TurretPIDFTuner_DualTelemetry","source":"ANDROID_STUDIO"},{"autoTransition":"","defaultGroup":"$$$$$$$","flavour":"AUTONOMOUS","group":"Test","name":"ONLY TURRET ALIGN","source":"ANDROID_STUDIO"},{"autoTransition":"","defaultGroup":"$$$$$$$","flavour":"TELEOP","group":"Test","name":"ServoTester","source":"ANDROID_STUDIO"}]},"messageID":"opModesList","pluginID":"com.bylazar.opmodecontrol"}
12-31 19:00:30.463   975  1192 I System.out: PANELS: SOCKET: (Socket): Sent to all clients: {"data":{"opModes":[{"autoTransition":"","defaultGroup":"$$$$$$$","flavour":"TELEOP","group":"$$$$$$$","name":"Mecanum -Robot Centric","source":"ANDROID_STUDIO"},{"autoTransition":"v2Teleop","defaultGroup":"$$$$$$$","flavour":"AUTONOMOUS","group":"A","name":"GS 15 - 1 Gate Cycle","source":"ANDROID_STUDIO"},{"autoTransition":"v2Teleop","defaultGroup":"$$$$$$$","flavour":"AUTONOMOUS","group":"A","name":"GS 15 - 2 Gate Cycle","source":"ANDROID_STUDIO"},{"autoTransition":"v2Teleop","defaultGroup":"$$$$$$$","flavour":"AUTONOMOUS","group":"A","name":"GS 9 Ball ","source":"ANDROID_STUDIO"},{"autoTransition":"v2Teleop","defaultGroup":"$$$$$$$","flavour":"AUTONOMOUS","group":"A","name":"NEW GS 12 - 2 Gate Cycle","source":"ANDROID_STUDIO"},{"autoTransition":"v2Teleop","defaultGroup":"$$$$$$$","flavour":"AUTONOMOUS","group":"A","name":"OG GS 12 Ball ","source":"ANDROID_STUDIO"},{"autoTransition":"","defaultGroup":"$$$$$$$","flavour":"TELEOP","group":"A","name":"Zenith Teleop","source":"ANDROID_STUDIO"},{"autoTransition":"v2Teleop","defaultGroup":"$$$$$$$","flavour":"AUTONOMOUS","group":"B","name":"FS 6 Ball - No Line","source":"ANDROID_STUDIO"},{"autoTransition":"v2Teleop","defaultGroup":"$$$$$$$","flavour":"AUTONOMOUS","group":"B","name":"FS 9 Ball - 1 Line","source":"ANDROID_STUDIO"},{"autoTransition":"v2Teleop","defaultGroup":"$$$$$$$","flavour":"AUTONOMOUS","group":"B","name":"FS High Cycle - 1 Line","source":"ANDROID_STUDIO"},{"autoTransition":"v2Teleop","defaultGroup":"$$$$$$$","flavour":"AUTONOMOUS","group":"C","name":"SUSSY GS 9 Ball SORT ","source":"ANDROID_STUDIO"},{"autoTransition":"","defaultGroup":"$$$$$$$","flavour":"TELEOP","group":"Dashboard","name":"Enable/Disable Dashboard","source":"ANDROID_STUDIO"},{"autoTransition":"","defaultGroup":"$$$$$$$","flavour":"TELEOP","group":"Dashboard","name":"Hardware","source":"ANDROID_STUDIO"},{"autoTransition":"","defaultGroup":"$$$$$$$","flavour":"TELEOP","group":"Panels","name":"Enable/Disable Panels","source":"ANDROID_STUDIO"},{"autoTransition":"","defaultGroup":"$$$$$$$","flavour":"TELEOP","group":"Pedro Pathing","name":"Tuning","source":"ANDROID_STUDIO"},{"autoTransition":"","defaultGroup":"$$$$$$$","flavour":"TELEOP","group":"Sensor","name":"Sensor: Limelight3A","source":"ANDROID_STUDIO"},{"autoTransition":"","defaultGroup":"$$$$$$$","flavour":"TELEOP","group":"TEST","name":"Artifact Detection Tester","source":"ANDROID_STUDIO"},{"autoTransition":"","defaultGroup":"$$$$$$$","flavour":"TELEOP","group":"TEST","name":"FlywheelPIDFTuner","source":"ANDROID_STUDIO"},{"autoTransition":"","defaultGroup":"$$$$$$$","flavour":"TELEOP","group":"TEST","name":"HoodTester","source":"ANDROID_STUDIO"},{"autoTransition":"","defaultGroup":"$$$$$$$","flavour":"TELEOP","group":"TEST","name":"Shooter: K-Tuner v2.1","source":"ANDROID_STUDIO"},{"autoTransition":"","defaultGroup":"$$$$$$$","flavour":"TELEOP","group":"TEST","name":"SigmaIntakeTest","source":"ANDROID_STUDIO"},{"autoTransition":"","defaultGroup":"$$$$$$$","flavour":"TELEOP","group":"TEST","name":"Test Shooter With Motion Compensation","source":"ANDROID_STUDIO"},{"autoTransition":"","defaultGroup":"$$$$$$$","flavour":"TELEOP","group":"TEST","name":"TurretAutoAlignLimelightTester","source":"ANDROID_STUDIO"},{"autoTransition":"","defaultGroup":"$$$$$$$","flavour":"TELEOP","group":"TEST","name":"TurretPIDFTuner","source":"ANDROID_STUDIO"},{"autoTransition":"","defaultGroup":"$$$$$$$","flavour":"TELEOP","group":"TEST","name":"TurretPIDFTuner_DualTelemetry","source":"ANDROID_STUDIO"},{"autoTransition":"","defaultGroup":"$$$$$$$","flavour":"AUTONOMOUS","group":"Test","name":"ONLY TURRET ALIGN","source":"ANDROID_STUDIO"},{"autoTransition":"","defaultGroup":"$$$$$$$","flavour":"TELEOP","group":"Test","name":"ServoTester","source":"ANDROID_STUDIO"}]},"messageID":"opModesList","pluginID":"com.bylazar.opmodecontrol"}
12-31 19:00:30.463   975  1192 I System.out: PANELS: PLUGINS/COM.BYLAZAR.OPMODECONTROL: (Plugin): New active OpMode STOPPED, 
12-31 19:00:30.465   975  1192 I System.out: PANELS: PLUGINS/COM.BYLAZAR.OPMODECONTROL: (Plugin): Sending: {"data":{"opMode":{"autoTransition":"","defaultGroup":"$$$$$$$","flavour":"AUTONOMOUS","group":"","name":"","source":"ANDROID_STUDIO"},"status":"STOPPED"},"messageID":"activeOpMode","pluginID":"com.bylazar.opmodecontrol"}
12-31 19:00:30.466   975  1192 I System.out: PANELS: SOCKET: (Socket): Sent to all clients: {"data":{"opMode":{"autoTransition":"","defaultGroup":"$$$$$$$","flavour":"AUTONOMOUS","group":"","name":"","source":"ANDROID_STUDIO"},"status":"STOPPED"},"messageID":"activeOpMode","pluginID":"com.bylazar.opmodecontrol"}
12-31 19:00:30.512   975  1133 V ThreadPool: container(0x0d2307dc: default scheduler) added id=124 TID=0 count=7
12-31 19:00:30.512   975  1133 V FtcEventLoop: Ensuring that the embedded Control Hub module is set up correctly
12-31 19:00:30.513   975  1133 V RobotCore: Creating REV Robotics USB Expansion Hub Portal [(embedded)]
12-31 19:00:30.514   975  1133 V LynxUsb : creating new [(embedded)]: 0x007f3435
12-31 19:00:30.517   975  1133 V FtDeviceManager: createDeviceInfoList(): 0 USB devices
12-31 19:00:30.516   975   975 I pRunnable.run(): type=1400 audit(0.0:117): avc: denied { read } for name="ttyS1" dev="tmpfs" ino=7383 scontext=u:r:untrusted_app:s0:c512,c768 tcontext=u:object_r:serial_device:s0 tclass=chr_file permissive=1
12-31 19:00:30.517   975  1133 V RobotUsbManagerCombining: FTDI driver failed to open USB device with serial number (embedded) (returned null device)
12-31 19:00:30.516   975   975 I pRunnable.run(): type=1400 audit(0.0:118): avc: denied { write } for name="ttyS1" dev="tmpfs" ino=7383 scontext=u:r:untrusted_app:s0:c512,c768 tcontext=u:object_r:serial_device:s0 tclass=chr_file permissive=1
12-31 19:00:30.518   975  1133 V SerialPortNative: [SerialPort.cpp:150] opened(/dev/ttyS1): fd=108
12-31 19:00:30.519   975  1133 V RobotUsbDeviceTTY: opening serial=(embedded) file=/dev/ttyS1
12-31 19:00:30.519   975  1133 V LynxUsb : armDevice() serial=(embedded)...
12-31 19:00:30.520   975  1133 V LynxUsb : resetDevice() serial=(embedded)
12-31 19:00:30.516   975   975 I pRunnable.run(): type=1400 audit(0.0:119): avc: denied { open } for path="/dev/ttyS1" dev="tmpfs" ino=7383 scontext=u:r:untrusted_app:s0:c512,c768 tcontext=u:object_r:serial_device:s0 tclass=chr_file permissive=1
12-31 19:00:30.521   975  1133 V LynxModule: resetting embedded usb device: isPresent: was=true
12-31 19:00:30.516   975   975 I pRunnable.run(): type=1400 audit(0.0:120): avc: denied { ioctl } for path="/dev/ttyS1" dev="tmpfs" ino=7383 ioctlcmd=5401 scontext=u:r:untrusted_app:s0:c512,c768 tcontext=u:object_r:serial_device:s0 tclass=chr_file permissive=1
12-31 19:00:30.520   975   975 I pRunnable.run(): type=1400 audit(0.0:121): avc: denied { read } for name="value" dev="sysfs" ino=13336 scontext=u:r:untrusted_app:s0:c512,c768 tcontext=u:object_r:sysfs:s0 tclass=file permissive=1
12-31 19:00:30.520   975   975 I pRunnable.run(): type=1400 audit(0.0:122): avc: denied { open } for path="/sys/devices/pinctrl.26/gpio/gpio50/value" dev="sysfs" ino=13336 scontext=u:r:untrusted_app:s0:c512,c768 tcontext=u:object_r:sysfs:s0 tclass=file permissive=1
12-31 19:00:30.520   975   975 I pRunnable.run(): type=1400 audit(0.0:123): avc: denied { getattr } for path="/sys/devices/pinctrl.26/gpio/gpio50/value" dev="sysfs" ino=13336 scontext=u:r:untrusted_app:s0:c512,c768 tcontext=u:object_r:sysfs:s0 tclass=file permissive=1
12-31 19:00:30.520   975   975 I pRunnable.run(): type=1400 audit(0.0:124): avc: denied { write } for name="value" dev="sysfs" ino=16375 scontext=u:r:untrusted_app:s0:c512,c768 tcontext=u:object_r:sysfs:s0 tclass=file permissive=1
12-31 19:00:30.679   975  1226 E Robocol : exception SocketTimeoutException(Receive timed out): no packet received [java.net.PlainDatagramSocketImpl.receive0(Native Method)]
12-31 19:00:30.874   975  1133 V ThreadPool: container(0x0a5eb2e9: lynx dg poller) added id=125 TID=0 count=1
12-31 19:00:30.875   975  1133 V LynxUsb : ...done armDevice()
12-31 19:00:30.876   975  1228 V RobotCore: thread: 'lynx incoming datagrams' starting...
12-31 19:00:30.876   975  1133 V LynxUsb : 0x05c5a20f on 0x007f3435: new delegate to [(embedded)]
12-31 19:00:30.876   975  1133 V LynxUsb : addConfiguredModule() module#=173
12-31 19:00:30.881   975  1133 V LynxModule: pingAndQueryKnownInterfaces mod=173
12-31 19:00:30.882   975  1133 V ThreadPool: container(0x0bb5c407: lynx module executor) added id=126 TID=0 count=1
12-31 19:00:30.882   975  1228 V LynxUsb : synchronization gained: serial=(embedded)
12-31 19:00:30.894   975  1133 V LynxModule: mod#=173 queryInterface(DEKA)=54 commands starting at 4096
12-31 19:00:30.900   975  1133 V LynxModule: sending LynxFtdiResetControlCommand(true) wasInterrupted=false
12-31 19:00:30.906   975  1133 V LynxModule: sendLEDPatternSteps(): steps=[Step(color=65280, msDuration=1000)]
12-31 19:00:30.910   975  1133 V LynxModule: setAsControlHubEmbeddedModule(mod=173)
12-31 19:00:30.910   975  1133 V EmbeddedControlHubModule: setting embedded module
12-31 19:00:30.913   975  1133 V LynxModule: sending LynxFtdiResetControlCommand(false) wasInterrupted=false
12-31 19:00:30.915   975  1133 V LynxModule: close(#173)
12-31 19:00:30.916   975  1133 V ThreadPool: waiting for service lynx module executor
12-31 19:00:30.916   975  1133 V ThreadPool: service lynx module executor terminated in awaitTermination()
12-31 19:00:30.916   975  1133 V ThreadPool: executive service lynx module executor(0x0bb5c407) is terminated
12-31 19:00:30.916   975  1229 V ThreadPool: container(0x0bb5c407: lynx module executor) removed id=126 TID=1229 count=1
12-31 19:00:30.916   975  1133 V LynxUsb : Verified that the embedded Control Hub module has the correct address
12-31 19:00:30.916   975  1133 V LynxUsb : addConfiguredModule() module#=173
12-31 19:00:30.918   975  1133 V LynxModule: pingAndQueryKnownInterfaces mod=173
12-31 19:00:30.920   975  1133 V ThreadPool: container(0x0c862953: lynx module executor) added id=127 TID=0 count=1
12-31 19:00:30.929   975  1133 V LynxModule: mod#=173 queryInterface(DEKA)=54 commands starting at 4096
12-31 19:00:30.935   975  1133 V LynxModule: sending LynxFtdiResetControlCommand(true) wasInterrupted=false
12-31 19:00:30.939   975  1133 V LynxModule: sendLEDPatternSteps(): steps=[Step(color=65280, msDuration=1000)]
12-31 19:00:30.944   975  1133 V LynxModule: setAsControlHubEmbeddedModule(mod=173)
12-31 19:00:30.945   975  1133 V EmbeddedControlHubModule: setting embedded module
12-31 19:00:30.947   975  1133 V ThreadPool: container(0x06b2280a: default threadpool) added id=128 TID=0 count=2
12-31 19:00:30.950   975  1228 V RobotCore: nack rec'd mod=173 msg#=8 ref#=0 reason=PARAM0:0
12-31 19:00:30.952   975  1231 V LynxModule: mod#=173 queryInterface(): interface SERVO_HUB is not supported
12-31 19:00:30.952   975  1231 I RobotCore: LynxFirmwareVersionManager: LynxI2cDeviceSynchV2
12-31 19:00:30.952   975  1231 V LynxI2cDeviceSynch: initializeHardware() mod#=173
12-31 19:00:30.953   975  1231 V BNO055  : Suppressing I2C warnings while we check for a BNO055 IMU
12-31 19:00:30.958   975  1231 V BNO055  : No BNO055 IMU found
12-31 19:00:30.958   975  1231 V BHI260IMU: Suppressing I2C warnings while we check for a BHI260AP IMU
12-31 19:00:30.963   975  1231 V BHI260IMU: Found BHI260AP IMU
12-31 19:00:30.963   975  1231 V EmbeddedControlHubModule: setting embedded IMU type
12-31 19:00:30.963   975  1133 V LynxModule: sending LynxFtdiResetControlCommand(false) wasInterrupted=false
12-31 19:00:30.965   975  1133 V LynxModule: close(#173)
12-31 19:00:30.966   975  1133 V ThreadPool: waiting for service lynx module executor
12-31 19:00:30.966   975  1133 V ThreadPool: service lynx module executor terminated in awaitTermination()
12-31 19:00:30.966   975  1133 V ThreadPool: executive service lynx module executor(0x0c862953) is terminated
12-31 19:00:30.966   975  1230 V ThreadPool: container(0x0c862953: lynx module executor) removed id=127 TID=1230 count=1
12-31 19:00:30.967   975  1133 V LynxUsb : addConfiguredModule() module#=173
12-31 19:00:30.968   975  1133 V LynxModule: pingAndQueryKnownInterfaces mod=173
12-31 19:00:30.969   975  1133 V ThreadPool: container(0x0be11a9a: lynx module executor) added id=129 TID=0 count=1
12-31 19:00:30.978   975  1133 V LynxModule: mod#=173 queryInterface(DEKA)=54 commands starting at 4096
12-31 19:00:30.984   975  1133 V LynxModule: sending LynxFtdiResetControlCommand(true) wasInterrupted=false
12-31 19:00:30.988   975  1133 V LynxModule: sendLEDPatternSteps(): steps=[Step(color=65280, msDuration=1000)]
12-31 19:00:30.992   975  1133 V LynxModule: setAsControlHubEmbeddedModule(mod=173)
12-31 19:00:30.992   975  1133 V EmbeddedControlHubModule: setting embedded module
12-31 19:00:30.994   975  1231 I RobotCore: LynxFirmwareVersionManager: LynxI2cDeviceSynchV2
12-31 19:00:30.995   975  1231 V LynxI2cDeviceSynch: initializeHardware() mod#=173
12-31 19:00:31.014   975  1231 V BHI260IMU: flashFirmwareIfNecessary() alreadyFlashed=true firmwareVersion=20
12-31 19:00:31.015   975  1133 V LynxModule: sending LynxFtdiResetControlCommand(false) wasInterrupted=false
12-31 19:00:31.017   975  1133 V LynxModule: close(#173)
12-31 19:00:31.018   975  1133 V ThreadPool: waiting for service lynx module executor
12-31 19:00:31.018   975  1232 V ThreadPool: container(0x0be11a9a: lynx module executor) removed id=129 TID=1232 count=1
12-31 19:00:31.019   975  1133 V ThreadPool: service lynx module executor terminated in awaitTermination()
12-31 19:00:31.019   975  1133 V ThreadPool: executive service lynx module executor(0x0be11a9a) is terminated
12-31 19:00:31.019   975  1133 V HardwareFactory: createHardwareMap()
12-31 19:00:31.019   975  1133 V EmbeddedControlHubModule: clearing embedded module
12-31 19:00:31.034   975  1133 V ReadXMLFileHandler: embedded lynx USB device and module are already present
12-31 19:00:31.034   975  1133 V RobotCore: Creating REV Robotics USB Expansion Hub Portal [(embedded)]
12-31 19:00:31.035   975  1133 V LynxUsb : using existing [(embedded)]: 0x007f3435
12-31 19:00:31.035   975  1133 V LynxUsb : 0x084062f2 on 0x007f3435: new delegate to [(embedded)]
12-31 19:00:31.035   975  1133 V LynxUsb : addConfiguredModule() module#=173
12-31 19:00:31.037   975  1133 V LynxModule: pingAndQueryKnownInterfaces mod=173
12-31 19:00:31.038   975  1133 V ThreadPool: container(0x0abc0d43: lynx module executor) added id=130 TID=0 count=1
12-31 19:00:31.046   975  1133 V LynxModule: mod#=173 queryInterface(DEKA)=54 commands starting at 4096
12-31 19:00:31.052   975  1133 V LynxModule: sending LynxFtdiResetControlCommand(true) wasInterrupted=false
12-31 19:00:31.056   975  1133 V LynxModule: sendLEDPatternSteps(): steps=[Step(color=65280, msDuration=1000)]
12-31 19:00:31.060   975  1133 V LynxModule: setAsControlHubEmbeddedModule(mod=173)
12-31 19:00:31.060   975  1133 V EmbeddedControlHubModule: setting embedded module
12-31 19:00:31.060   975  1133 V LynxUsb : addConfiguredModule() module#=2
12-31 19:00:31.061   975  1133 V LynxModule: pingAndQueryKnownInterfaces mod=2
12-31 19:00:31.062   975  1133 V ThreadPool: container(0x016dbc3e: lynx module executor) added id=131 TID=0 count=1
12-31 19:00:31.068   975  1234 W HubPowerCycle: Expansion Hub 2 regained power after a complete power loss. No user OpMode was running.
12-31 19:00:31.068   975  1234 V LynxModule: resendCurrentPattern()
12-31 19:00:31.068   975  1234 V LynxModule: sendLEDPatternSteps(): steps=[]
12-31 19:00:31.077   975  1133 V LynxModule: mod#=2 queryInterface(DEKA)=54 commands starting at 4096
12-31 19:00:31.083   975  1133 V LynxModule: sending LynxFtdiResetControlCommand(true) wasInterrupted=false
12-31 19:00:31.091   975  1133 V LynxModule: sendLEDPatternSteps(): steps=[Step(color=65280, msDuration=4500), Step(color=0, msDuration=500), Step(color=255, msDuration=500), Step(color=0, msDuration=500), Step(color=255, msDuration=500), Step(color=0, msDuration=500)]
12-31 19:00:31.097   975  1133 V LynxUsb : addConfiguredModule() module#=3
12-31 19:00:31.098   975  1133 V LynxModule: pingAndQueryKnownInterfaces mod=3
12-31 19:00:31.100   975  1133 V ThreadPool: container(0x0a1dc7b5: lynx module executor) added id=132 TID=0 count=1
12-31 19:00:31.106   975  1235 W HubPowerCycle: Expansion Hub 3 regained power after a complete power loss. No user OpMode was running.
12-31 19:00:31.106   975  1235 V LynxModule: resendCurrentPattern()
12-31 19:00:31.107   975  1235 V LynxModule: sendLEDPatternSteps(): steps=[]
12-31 19:00:31.112   975  1133 V LynxModule: mod#=3 queryInterface(DEKA)=56 commands starting at 4096
12-31 19:00:31.117   975  1133 V LynxModule: sending LynxFtdiResetControlCommand(true) wasInterrupted=false
12-31 19:00:31.128   975  1133 V LynxModule: sendLEDPatternSteps(): steps=[Step(color=65280, msDuration=4500), Step(color=0, msDuration=500), Step(color=255, msDuration=500), Step(color=0, msDuration=500), Step(color=255, msDuration=500), Step(color=0, msDuration=500), Step(color=255, msDuration=500), Step(color=0, msDuration=500)]
12-31 19:00:31.135   975  1133 V LynxMotor: initializeHardware() mod#=173
12-31 19:00:31.169   975  1224 D RobotCore: system telemetry: key=$System$None$ msg=""
12-31 19:00:31.170   975  1224 V PeerDiscovery: new remote peer discovered: 192.168.43.82
12-31 19:00:31.170   975  1224 V NetworkConnectionHandler: starting sending loop
12-31 19:00:31.174   975  1236 V Robocol : sending CMD_NOTIFY_ROBOT_STATE(10), attempt: 0
12-31 19:00:31.176   975  1236 V Robocol : sending CMD_NOTIFY_ROBOT_STATE(11), attempt: 0
12-31 19:00:31.177   975  1236 V Robocol : sending CMD_NOTIFY_ROBOT_STATE(12), attempt: 0
12-31 19:00:31.177   975  1236 V Robocol : sending CMD_NOTIFY_ACTIVE_CONFIGURATION(22), attempt: 0
12-31 19:00:31.178   975  1236 V Robocol : sending CMD_NOTIFY_USER_DEVICE_LIST(23), attempt: 0
12-31 19:00:31.187   975  1236 V Robocol : sending CMD_NOTIFY_OP_MODE_LIST(24), attempt: 0
12-31 19:00:31.192   975  1133 V RobotCore: DcMotorImpl(type=goBILDA5202SeriesMotor)
12-31 19:00:31.193   975  1133 V RobotCore: DcMotorImpl(type=goBILDA5202SeriesMotor)
12-31 19:00:31.194   975  1133 V RobotCore: DcMotorImpl(type=goBILDA5202SeriesMotor)
12-31 19:00:31.194   975  1133 V RobotCore: DcMotorImpl(type=goBILDA5202SeriesMotor)
12-31 19:00:31.195   975  1133 V LynxServoController: initializeHardware() mod#=173
12-31 19:00:31.201   975  1224 V ThreadPool: container(0x03536ca2: SoundPlayer) added id=136 TID=0 count=1
12-31 19:00:31.202   975  1224 V UpdateUI: Network: active, connected
12-31 19:00:31.204   975  1224 D FTCService: Sending user device types and preferences to driver station
12-31 19:00:31.205   206   655 I MediaPlayerService: processName cmdline:/proc/975/cmdline
12-31 19:00:31.206   206   676 I MediaPlayerFactory:  createFFPlayer
12-31 19:00:31.213   206   676 E FFPlayer: isBluray(), extension = .apk
12-31 19:00:31.213   206   676 E FFPlayerHelper: isBDDirectory() ,path = /data/app/com.qualcomm.ftcrobotcontroller-2/base.apk
12-31 19:00:31.214   206   676 E FFPlayerHelper: isBDDirectory(): no BDMV
12-31 19:00:31.215   206   676 D RkMemConfig: RkMemConfig init
12-31 19:00:31.215   206   676 E RockFFPlayerBase: FFMPlayerBase:eDisplayIdMain
12-31 19:00:31.215   206   676 D FFPlayerHelper: MediaServer is SP_FOREGROUND, tid=676
12-31 19:00:31.221   975  1224 V NetDiscover_prefremrc: sendAllPreferences()
12-31 19:00:31.221   975  1224 V NetDiscover_prefremrc: sending RC pref name=pref_wifip2p_remote_channel_change_works value=false
12-31 19:00:31.225   975  1224 V NetDiscover_prefremrc: sending RC pref name=pref_device_name value=1002-RC
12-31 19:00:31.225   975  1133 V LynxVoltageSensor: initializeHardware() mod#=173
12-31 19:00:31.225   975  1224 V NetDiscover_prefremrc: sending RC pref name=pref_warn_about_incorrect_clocks value=true
12-31 19:00:31.225   975  1133 V LynxAnalogInputController: initializeHardware() mod#=173
12-31 19:00:31.226   975  1224 V NetDiscover_prefremrc: sending RC pref name=pref_warn_about_obsolete_software value=true
12-31 19:00:31.226   975  1224 V NetDiscover_prefremrc: sending RC pref name=pref_has_speaker value=false
12-31 19:00:31.226   975  1133 V LynxDigitalChannelController: initializeHardware() mod#=173
12-31 19:00:31.227   975  1224 V NetDiscover_prefremrc: sending RC pref name=pref_warn_about_2_4_ghz_band value=true
12-31 19:00:31.227   975  1224 V NetDiscover_prefremrc: sending RC pref name=pref_has_independent_phone_battery value=false
12-31 19:00:31.228   975  1224 V NetDiscover_prefremrc: sending RC pref name=pref_app_theme value=red
12-31 19:00:31.229   975  1224 V NetDiscover_prefremrc: sending RC pref name=pref_warn_about_mismatched_app_versions value=true
12-31 19:00:31.230   975  1224 V NetDiscover_prefremrc: sending RC pref name=pref_sound_on_off value=false
12-31 19:00:31.230   975  1224 V NetworkConnectionHandler: Peer connection established
12-31 19:00:31.231   975  1224 V Robocol : packet processing took 62.4ms: type=PEER_DISCOVERY
12-31 19:00:31.237   975  1226 V EventLoopManager: Setting authoritative wall clock based on connected DS.
12-31 19:00:31.237   975  1226 D Uvc     : [time.cpp:64] Java_org_firstinspires_ftc_robotcore_internal_system_AppUtil_nativeSetCurrentTimeMillis()...
02-27 18:14:26.512   975  1226 I JniTime : [time.cpp:83] settimeofday() succeeded
02-27 18:14:26.512   975  1226 D Uvc     : [time.cpp:64] ...Java_org_firstinspires_ftc_robotcore_internal_system_AppUtil_nativeSetCurrentTimeMillis()
02-27 18:14:26.513   419   969 D AlarmManagerService: Kernel timezone updated to 300 minutes west of GMT
02-27 18:14:26.513   975  1226 V AppUtil : attempted to set timezone: before=America/New_York after=America/New_York
02-27 18:14:26.516   975  1224 V EventLoopManager: synthetic gamepad received: id=-2 user=ONE atRest=true 
02-27 18:14:26.517   975  1224 V Robocol : received command: CMD_REQUEST_ACTIVE_CONFIG(10000) 
02-27 18:14:26.519   975  1224 V Robocol : received command: CMD_REQUEST_USER_DEVICE_TYPES(10001) 
02-27 18:14:26.519   975  1224 V Robocol : received command: CMD_REQUEST_OP_MODE_LIST(10002) 
02-27 18:14:26.521   975  1224 V Robocol : received command: CMD_REQUEST_ACTIVE_CONFIG(10006) 
02-27 18:14:26.522   975  1133 V RobotCore: Creating user sensor goBILDA® Pinpoint Odometry Computer - on Lynx module=173 bus=0
02-27 18:14:26.522   975  1224 V Robocol : received command: CMD_REQUEST_USER_DEVICE_TYPES(10007) 
02-27 18:14:26.522   975  1133 I RobotCore: LynxFirmwareVersionManager: LynxI2cDeviceSynchV2
02-27 18:14:26.522   975  1133 V LynxI2cDeviceSynch: initializeHardware() mod#=173
02-27 18:14:26.522   975  1224 V Robocol : received command: CMD_REQUEST_OP_MODE_LIST(10008) 
02-27 18:14:26.523   975  1133 V RobotCore: Creating user sensor SRSHub - on Lynx module=173 bus=3
02-27 18:14:26.524   975  1133 I RobotCore: LynxFirmwareVersionManager: LynxI2cDeviceSynchV2
02-27 18:14:26.524   975  1133 V LynxI2cDeviceSynch: initializeHardware() mod#=173
02-27 18:14:26.525   975  1236 V Robocol : sending CMD_NOTIFY_USER_DEVICE_LIST(28), attempt: 0
02-27 18:14:26.525   975  1133 V LynxMotor: initializeHardware() mod#=2
02-27 18:14:26.527   975  1236 V Robocol : sending CMD_ROBOT_CONTROLLER_PREFERENCE(29), attempt: 0
02-27 18:14:26.528   975  1236 V Robocol : sending CMD_ROBOT_CONTROLLER_PREFERENCE(30), attempt: 0
02-27 18:14:26.529   975  1236 V Robocol : sending CMD_ROBOT_CONTROLLER_PREFERENCE(31), attempt: 0
02-27 18:14:26.529   975  1236 V Robocol : sending CMD_ROBOT_CONTROLLER_PREFERENCE(32), attempt: 0
02-27 18:14:26.528   206   206 I Binder:206_5: type=1400 audit(0.0:125): avc: denied { create } for name="rk_ext_subtitle" scontext=u:r:mediaserver:s0 tcontext=u:object_r:system_data_file:s0 tclass=dir permissive=1
02-27 18:14:26.530   975  1236 V Robocol : sending CMD_ROBOT_CONTROLLER_PREFERENCE(33), attempt: 0
02-27 18:14:26.531   975  1236 V Robocol : sending CMD_ROBOT_CONTROLLER_PREFERENCE(34), attempt: 0
02-27 18:14:26.532   206   676 D RkExtensionPlayer: RkExtensionPlayer in
02-27 18:14:26.532   206   676 D RkExtensionPlayer: checkDirectoryAccess: Directory[0] = /tmp/rk_ext_subtitle/, AccessPermission = -1
02-27 18:14:26.532   206   676 D RkExtensionPlayer: checkDirectoryAccess: Directory[1] = /data/rk_ext_subtitle/, AccessPermission = -1
02-27 18:14:26.532   206   676 D RkExtensionPlayer: checkDirectoryAccess: Directory[2] = /data/media/0/rk_ext_subtitle/, AccessPermission = -1
02-27 18:14:26.532   206   676 E RkExtensionPlayer: createDirectory(), path = /tmp/rk_ext_subtitle/
02-27 18:14:26.532   206   676 E RkExtensionPlayer: createDirectory(), create directory = /tmp/rk_ext_subtitle/ fail,reson = No such file or directory
02-27 18:14:26.532   206   676 E RkExtensionPlayer: createDirectory(), path = /data/rk_ext_subtitle/
02-27 18:14:26.532   975  1236 V Robocol : sending CMD_ROBOT_CONTROLLER_PREFERENCE(35), attempt: 0
02-27 18:14:26.533   975  1236 V Robocol : sending CMD_ROBOT_CONTROLLER_PREFERENCE(36), attempt: 0
02-27 18:14:26.534   975  1236 V Robocol : sending CMD_ROBOT_CONTROLLER_PREFERENCE(37), attempt: 0
02-27 18:14:26.535   975  1236 V Robocol : sending CMD_ROBOT_CONTROLLER_PREFERENCE(38), attempt: 0
02-27 18:14:26.535   206   206 I Binder:206_5: type=1400 audit(0.0:126): avc: denied { setattr } for name="rk_ext_subtitle" dev="mmcblk0p14" ino=588673 scontext=u:r:mediaserver:s0 tcontext=u:object_r:system_data_file:s0 tclass=dir permissive=1
02-27 18:14:26.539   206   676 E RkExtensionPlayer: createDirectory(), path = /data/rk_ext_subtitle/e8834240/
02-27 18:14:26.540   206   676 D RkExtensionPlayer: checkDirectoryAccess: Use [/data/rk_ext_subtitle/e8834240/] as Temp Subtile Directory
02-27 18:14:26.545   206   676 E TraceThread: TraceThread::randomUID() --> [UID=1837542e]
02-27 18:14:26.546   206   676 E TraceThread:     RockFFPlayer(tid = 3871189280)--> [UID=1837542e] FFMPlayer Construction; object=0xe8850000
02-27 18:14:26.546   206   676 D RockFFPlayer: setDataSource fd = 12, offset =44494176,length = 72716
02-27 18:14:26.546   206   676 D RockFFPlayer: start:create thread
02-27 18:14:26.546   206  1241 E TraceThread:     VsyncReciver(tid = 3873278240)--> [UID=1837542e] VsyncReciver::startthread
02-27 18:14:26.547   206  1242 D RockFFPlayer: RkMessageQueue::run()
02-27 18:14:26.548   206   676 D RockFFPlayer: start:create thread ok,mThreadStatus=0
02-27 18:14:26.548   206   676 D RockFFPlayer: enter enqueueMessage
02-27 18:14:26.548   206   676 D RockFFPlayer: enqueueMessage:****1
02-27 18:14:26.548   206   676 D RockFFPlayer: enqueueMessage:****2
02-27 18:14:26.548   206   676 D RockFFPlayer: enqueueMessage:****3
02-27 18:14:26.548   206   676 D RockFFPlayer: enqueueMessage:Message 1,set signal
02-27 18:14:26.548   206   676 D RockFFPlayer: enqueueMessage:sync wait
02-27 18:14:26.548   206  1242 D RockFFPlayer: deliverMessage 
02-27 18:14:26.548   206  1242 D RockFFPlayer: run : dequeueMessage Message 20
02-27 18:14:26.548   206  1242 D RockFFPlayer: CMD_CURRENTSTATUS
02-27 18:14:26.548   206  1242 D RockFFPlayerBase: dumpStatus(): Initialized
02-27 18:14:26.548   206  1242 D RockFFPlayer: run : dequeueMessage Message 20 OK
02-27 18:14:26.548   206  1242 D RockFFPlayer: Messagecomplete type [20]
02-27 18:14:26.548   206   676 D RockFFPlayer: enqueueMessage:sync wait ok
02-27 18:14:26.551   206   625 D RockFFPlayer: prepareAsync in
02-27 18:14:26.551   206   625 D RockFFPlayerBase: dumpStatus(): Initialized
02-27 18:14:26.551   206   625 D RockFFPlayerBase: dumpStatus(): Preparing
02-27 18:14:26.552   206  1242 D RockFFPlayer: run : Message 20 complete
02-27 18:14:26.553   975  1224 V Robocol : received command: CMD_ROBOT_CONTROLLER_PREFERENCE(10011) {"booleanValue":true,"prefName":"pref_ds_supports_5_ghz"}
02-27 18:14:26.554   206  1243 I FFPlayer_Version: rk30 board found in board property
02-27 18:14:26.554   206  1243 I FFPlayer_Version: ******************************************
02-27 18:14:26.554   206  1243 I FFPlayer_Version: 
02-27 18:14:26.554   206  1243 I FFPlayer_Version: starting main player: v2.1 ffplayer git_version: git-2018-01-18-45a23f4
02-27 18:14:26.554   206  1243 E FFPlayerHelper: efuse open fail
02-27 18:14:26.554   206  1243 E FFPlayerHelper: rk3328
02-27 18:14:26.554   206  1243 I FFPlayer_Version: ffPlayer runs on BOARD_RK3328
02-27 18:14:26.554   206  1243 I FFPlayer_Version: 
02-27 18:14:26.554   206  1243 I FFPlayer_Version: ******************************************
02-27 18:14:26.554   206  1243 I RockFFPlayer: setDataSource(url =file/fd::12,offset::44494176,length::72716)
02-27 18:14:26.554   206  1243 I RockFFPlayer: setDataSource(fileurl =/data/app/com.qualcomm.ftcrobotcontroller-2/base.apk)
02-27 18:14:26.554   206  1243 E RockFFPlayerBase: openContext : in
02-27 18:14:26.554   206   625 D RockFFPlayer: prepareAsync ok
02-27 18:14:26.554   206  1243 E RockFFPlayer: ffmpeg version v2.1: git-2017-12-25-6d3343b
02-27 18:14:26.555   206  1243 E RockFFPlayer: av_probe_input_buffer:avio_read
02-27 18:14:26.555   975  1224 V Robocol : received command: CMD_ROBOT_CONTROLLER_PREFERENCE(10012) {"intValue":21,"prefName":"pref_dh_os_version_code"}
02-27 18:14:26.558   206  1243 I RockFFPlayer: flv_probe get probe score: 0
02-27 18:14:26.558   206  1243 E RockFFPlayer: Hery, probe size = 0
02-27 18:14:26.559   206  1243 E RockFFPlayer: avformat_open_input:read_header
02-27 18:14:26.561   206  1243 E RockFFPlayer: file_read: offset=44566892, c->offset=44494176, c->length=72716
02-27 18:14:26.561   206  1243 E RockFFPlayer: file_read: offset=44566892, c->offset=44494176, c->length=72716
02-27 18:14:26.561   206  1243 E RockFFPlayer: avformat_open_input:read_header ok
02-27 18:14:26.561   206  1243 D RkExtensionPlayer: openContext in
02-27 18:14:26.561   206  1243 E RkExtensionPlayer: autoDetect(): path = /data/app/com.qualcomm.ftcrobotcontroller-2/base.apk
02-27 18:14:26.561   206  1243 E FFPlayerHelper: isNetWorkUrl: url = /data/app/com.qualcomm.ftcrobotcontroller-2/base.apk
02-27 18:14:26.562   206  1243 E FFPlayerHelper: isBDDirectory() ,path = /data/app/com.qualcomm.ftcrobotcontroller-2
02-27 18:14:26.562   206  1243 E FFPlayerHelper: isBDDirectory(): no BDMV
02-27 18:14:26.562   206  1243 D RkExtensionPlayer: openContext out,mTrackInfos size = 0
02-27 18:14:26.562   206  1243 E RockFFPlayerBase: openContext : out,ret = 0
02-27 18:14:26.562   206  1243 D RockFFPlayer: the source format name: wav
02-27 18:14:26.558   206   206 I FFParser: type=1400 audit(0.0:127): avc: denied { read } for name="com.qualcomm.ftcrobotcontroller-2" dev="mmcblk0p14" ino=327077 scontext=u:r:mediaserver:s0 tcontext=u:object_r:apk_data_file:s0 tclass=dir permissive=1
02-27 18:14:26.562   206  1243 D RockFFPlayer: find av stream info in
02-27 18:14:26.562   206  1243 I RockFFPlayer: flv_probe get probe score: 0
02-27 18:14:26.562   206  1243 E RockFFPlayer: Hery, probe size = 0
02-27 18:14:26.563   206  1243 I RockFFPlayer: flv_probe get probe score: 0
02-27 18:14:26.564   206  1243 E RockFFPlayer: Hery, probe size = 0
02-27 18:14:26.565   206  1243 I RockFFPlayer: flv_probe get probe score: 0
02-27 18:14:26.566   206  1243 E RockFFPlayer: Hery, probe size = 0
02-27 18:14:26.569   206  1243 I RockFFPlayer: flv_probe get probe score: 0
02-27 18:14:26.570   206  1243 E RockFFPlayer: Hery, probe size = 0
02-27 18:14:26.577   206  1243 I RockFFPlayer: flv_probe get probe score: 0
02-27 18:14:26.579   206  1243 E RockFFPlayer: Hery, probe size = 0
02-27 18:14:26.586   206  1243 E RockFFPlayer: file_read: offset=44566892, c->offset=44494176, c->length=72716
02-27 18:14:26.586   206  1243 E RockFFPlayer: file_read: offset=44566892, c->offset=44494176, c->length=72716
02-27 18:14:26.589   206  1243 I RockFFPlayer: flv_probe get probe score: 0
02-27 18:14:26.558   206   206 I FFParser: type=1400 audit(0.0:128): avc: denied { open } for path="/data/app/com.qualcomm.ftcrobotcontroller-2" dev="mmcblk0p14" ino=327077 scontext=u:r:mediaserver:s0 tcontext=u:object_r:apk_data_file:s0 tclass=dir permissive=1
02-27 18:14:26.591   206  1243 E RockFFPlayer: Hery, probe size = 0
02-27 18:14:26.599   206  1243 E RockFFPlayer: probed stream 0
02-27 18:14:26.599   206  1243 E RockFFPlayer: file_read: offset=44566892, c->offset=44494176, c->length=72716
02-27 18:14:26.599   206  1243 E RockFFPlayer: read_size = 72672
02-27 18:14:26.599   206  1243 E RockFFPlayer: update_stream_timings: st[-394227264].duration = 36336
02-27 18:14:26.599   206  1243 E RockFFPlayer: update_stream_timings: st[-394227264].duration = 36336
02-27 18:14:26.600   206  1243 E RockFFPlayer: estimate_timings:0: start_time: -9223372036854.775 duration: 0.036,base_time.den=48000,base_time.num=1
02-27 18:14:26.600   206  1243 E RockFFPlayer: stream: start_time: -9223372036854.775 duration: 0.757 bitrate=827060 kb/s
02-27 18:14:26.600   206  1243 E RockFFPlayer: avformat_find_stream_info:find_stream_info_err:free info,ok
02-27 18:14:26.600   206  1243 D RockFFPlayer: find av stream info ok
02-27 18:14:26.600   206  1243 D RockFFPlayer: AudioStartTime=0,VideoStartTime=-1,tmpTime=-1
02-27 18:14:26.600   206  1243 D RockFFPlayer: findAVStreamStartTime:start_time set 0
02-27 18:14:26.600   206  1243 E RockFFPlayer: Hery, s->duration = 757000.000000
02-27 18:14:26.600   206  1243 I RockFFPlayer: Input #0, wav, from 'file/fd::12,offset::44494176,length::72716':
02-27 18:14:26.600   206  1243 I RockFFPlayer:   Duration: 
02-27 18:14:26.600   206  1243 I RockFFPlayer: 00:00:00.76
02-27 18:14:26.600   206  1243 I RockFFPlayer: , start: 
02-27 18:14:26.600   206  1243 I RockFFPlayer: 0.000000
02-27 18:14:26.600   206  1243 I RockFFPlayer: , bitrate: 
02-27 18:14:26.600   206  1243 I RockFFPlayer: 827060 kb/s
02-27 18:14:26.600   206  1243 I RockFFPlayer: 
02-27 18:14:26.600   206  1243 I RockFFPlayer:     Stream #0:0
02-27 18:14:26.600   206  1243 I RockFFPlayer: : Audio: pcm_s16le ([1][0][0][0] / 0x0001), 48000 Hz, 1 channels, s16, 768 kb/s
02-27 18:14:26.600   206  1243 I RockFFPlayer: 
02-27 18:14:26.600   206  1243 D RockFFPlayer: send do-prepare message in
02-27 18:14:26.600   206  1243 D RockFFPlayer: enter enqueueMessage
02-27 18:14:26.600   206  1243 D RockFFPlayer: enqueueMessage:****1
02-27 18:14:26.600   206  1243 D RockFFPlayer: enqueueMessage:****2
02-27 18:14:26.600   206  1243 D RockFFPlayer: enqueueMessage:****3
02-27 18:14:26.601   206  1243 D RockFFPlayer: enqueueMessage:Message 1,set signal
02-27 18:14:26.601   206  1243 D RockFFPlayer: enqueueMessage:sync wait
02-27 18:14:26.601   206  1242 D RockFFPlayer: deliverMessage 
02-27 18:14:26.601   206  1242 D RockFFPlayer: run : dequeueMessage Message 1
02-27 18:14:26.601   206  1242 D RockFFPlayer: CMD_PREPARE
02-27 18:14:26.601   206  1242 I RockFFPlayer: doPrepare in
02-27 18:14:26.601   206  1242 I RockFFPlayer: prepareVideo
02-27 18:14:26.601   206  1242 E RockFFPlayer: mVideoStreamIndex is -1
02-27 18:14:26.601   206  1242 I RockFFPlayer: prepareAudio
02-27 18:14:26.601   206  1242 E RockFFPlayer: audio stream codec_id = 65536
02-27 18:14:26.601   206  1242 D RockFFPlayerBase: open MediaDecoder.cfg failed,so can't config anything
02-27 18:14:26.601   206  1242 D RockFFPlayerBase: File not exists!
02-27 18:14:26.601   206  1242 D RkBitstreamManager: isBypass: false
02-27 18:14:26.602   206  1242 D RockFFPlayer: initAudioPlayer
02-27 18:14:26.602   206  1242 I RkBitstreamManager: BUF: 
02-27 18:14:26.602   206  1242 I RkBitstreamManager: 
02-27 18:14:26.602   206  1242 D RkBitstreamManager: isBypass: false
02-27 18:14:26.602   206  1242 D RockFFPlayer: AudioPlayer getOutputMode : 0, SPDIF mode : -1
02-27 18:14:26.602   206  1242 D RockFFPlayerBase: setAudioOutputMode output_mode : 0
02-27 18:14:26.602   206  1242 D RockFFPlayerBase: set SPDIF output mode : -1
02-27 18:14:26.602   206  1242 D AudioPlayerApi: audio player mode in: 0
02-27 18:14:26.603   206  1242 D AudioPlayerApi: audio player mode out: 0
02-27 18:14:26.603   206  1242 D RockFFPlayer: initAudioPlayer out
02-27 18:14:26.603   206  1242 D RkExtensionPlayer: prepareExtendSubtitle in
02-27 18:14:26.603   206  1242 E RockFFPlayer: prepareExtandSubtitle return error!
02-27 18:14:26.603   206  1242 D RkExtensionPlayer: ~RkExtensionPlayer in
02-27 18:14:26.603   206  1242 D RkExtensionPlayer: RkExtensionPlayer::closeExtendSubDecoder in
02-27 18:14:26.603   206  1242 E FFExtensionSource: ~FFExtensionSource in
02-27 18:14:26.603   206  1242 D RockFFPlayer: FFMediaSource context null. 
02-27 18:14:26.603   206  1242 E FFExtensionSource: ~FFExtensionSource out
02-27 18:14:26.603   206  1242 D RockFFPlayer: ~FFMediaSource
02-27 18:14:26.603   206  1242 D RockFFPlayer: FFMediaSource context null. 
02-27 18:14:26.603   206  1242 D RkExtensionPlayer: closeExtendSubDecoder out
02-27 18:14:26.604   206  1242 E RkExtensionPlayer: deleteAllFileInDirectory(),/tmp/rk_ext_subtitle/ is not exist
02-27 18:14:26.604   206  1242 E RkExtensionPlayer: deleteAllFileInDirectory(),/data/media/0/rk_ext_subtitle/ is not exist
02-27 18:14:26.604   206  1242 I RockFFPlayer: prepareSubtitle in
02-27 18:14:26.604   206  1242 E RockFFPlayer: hasSubtitle return fail
02-27 18:14:26.604   206  1242 D AudioDecoder: decodeaudio AudioOutputMode : 0, SPDIF_MODE : -1, PlayerMode : 0
02-27 18:14:26.604   206  1242 D AudioDecoder: mStream->codec->channels = 1  mStream->codec->sample_rate = 48000
02-27 18:14:26.604   206  1242 D AudioDecoder: mStream->codec->channels = 1  mStream->codec->sample_rate = 48000
02-27 18:14:26.604   206  1242 D RockFFPlayer: createAudioDecoder: create audio decoder ok
02-27 18:14:26.605   206  1242 E RockFFPlayer: createVideoDecoder: no video stream
02-27 18:14:26.605   206  1242 E RockFFPlayer: createSubtitleDecoder: no subtitle stream
02-27 18:14:26.605   206  1242 E TraceThread: TraceThread::dumpTrace() FileName:/data/trace_thread.log
02-27 18:14:26.606   206  1242 D RockFFPlayerBase: dumpStatus(): Preapared
02-27 18:14:26.598   206   206 I RkMsgQueue: type=1400 audit(0.0:129): avc: denied { read } for name="e8834240" dev="mmcblk0p14" ino=588674 scontext=u:r:mediaserver:s0 tcontext=u:object_r:system_data_file:s0 tclass=dir permissive=1
02-27 18:14:26.608   206  1242 D RockFFPlayer: Sync master clock type - 1
02-27 18:14:26.608   206  1242 I RockFFPlayer: doPrepareFinish ok
02-27 18:14:26.608   206  1242 D RockFFPlayer: run : dequeueMessage Message 1 OK
02-27 18:14:26.608   206  1242 D RockFFPlayer: Messagecomplete type [1]
02-27 18:14:26.608   206  1242 D RockFFPlayer: run : Message 1 complete
02-27 18:14:26.608   975  1239 D MediaPlayer: setSubtitleAnchor in MediaPlayer
02-27 18:14:26.608   975   975 D MediaPlayer: setSubtitleAnchor in MediaPlayer
02-27 18:14:26.598   206   206 I RkMsgQueue: type=1400 audit(0.0:130): avc: denied { open } for path="/data/rk_ext_subtitle/e8834240" dev="mmcblk0p14" ino=588674 scontext=u:r:mediaserver:s0 tcontext=u:object_r:system_data_file:s0 tclass=dir permissive=1
02-27 18:14:26.602   206   206 I RkMsgQueue: type=1400 audit(0.0:131): avc: denied { remove_name } for name="e8834240" dev="mmcblk0p14" ino=588674 scontext=u:r:mediaserver:s0 tcontext=u:object_r:system_data_file:s0 tclass=dir permissive=1
02-27 18:14:26.609   206  1243 D RockFFPlayer: enqueueMessage:sync wait ok
02-27 18:14:26.609   206  1243 D RockFFPlayer: send do-prepare message ok
02-27 18:14:26.609   206  1243 I RockFFPlayer: decodeMovie:getCurrentStatus() = 8
02-27 18:14:26.609   206  1243 D FFPlayerHelper: MediaServer is SP_FOREGROUND, tid=1243
02-27 18:14:26.611   206   273 E RockFFPlayer: doGetTrackInfo: track size = 1
02-27 18:14:26.612   206   655 E RockFFPlayer: doGetTrackInfo: track size = 1
02-27 18:14:26.613   975  1239 V SoundInfo: construct(0x02409b87)
02-27 18:14:26.618   206  1243 E RockFFPlayer: file_read: offset=44566892, c->offset=44494176, c->length=72716
02-27 18:14:26.618   206  1243 E RockFFPlayer: file_read: offset=44566892, c->offset=44494176, c->length=72716
02-27 18:14:26.618   206  1243 D RockFFPlayer: url_feof=1,err=0
02-27 18:14:26.618   206  1243 I RockFFPlayer: av_read_frame end of stream ret = -541478725
02-27 18:14:26.623   975  1238 E WVMExtractor: Failed to open libwvm.so: dlopen failed: "/system/vendor/lib64/libwvm.so" is 32-bit instead of 64-bit
02-27 18:14:26.602   206   206 I RkMsgQueue: type=1400 audit(0.0:132): avc: denied { rmdir } for name="e8834240" dev="mmcblk0p14" ino=588674 scontext=u:r:mediaserver:s0 tcontext=u:object_r:system_data_file:s0 tclass=dir permissive=1
02-27 18:14:26.602   206   206 I RkMsgQueue: type=1400 audit(0.0:133): avc: denied { write } for name="trace_thread.log" dev="mmcblk0p14" ino=14 scontext=u:r:mediaserver:s0 tcontext=u:object_r:system_data_file:s0 tclass=file permissive=1
02-27 18:14:26.602   206   206 I RkMsgQueue: type=1400 audit(0.0:134): avc: denied { open } for path="/data/trace_thread.log" dev="mmcblk0p14" ino=14 scontext=u:r:mediaserver:s0 tcontext=u:object_r:system_data_file:s0 tclass=file permissive=1
02-27 18:14:26.640   975  1133 V RobotCore: DcMotorImpl(type=goBILDA5202SeriesMotor)
02-27 18:14:26.640   975  1133 V RobotCore: DcMotorImpl(type=goBILDA5202SeriesMotor)
02-27 18:14:26.641   975  1133 V RobotCore: DcMotorImpl(type=goBILDA5202SeriesMotor)
02-27 18:14:26.641   975  1133 V RobotCore: DcMotorImpl(type=goBILDA5202SeriesMotor)
02-27 18:14:26.642   975  1133 V LynxServoController: initializeHardware() mod#=2
02-27 18:14:26.646   975   987 I art     : Background sticky concurrent mark sweep GC freed 140033(5MB) AllocSpace objects, 33(5MB) LOS objects, 3% free, 39MB/41MB, paused 2.062ms total 115.490ms
02-27 18:14:26.657   975  1238 I MediaCodec: callingProcessName:com.qualcomm.ftcrobotcontroller
02-27 18:14:26.660   206   625 I MediaPlayerService: MediaPlayerService::getOMX
02-27 18:14:26.661   975  1245 I OMXClient: MuxOMX ctor
02-27 18:14:26.662   975  1245 I ACodec  : onAllocateComponent:6752 mSoftCodecPref:0 componentName:
02-27 18:14:26.664   975  1245 I ACodec  : onAllocateComponent:6783 mSoftCodecPref:0 componentName:OMX.google.raw.decoder
02-27 18:14:26.665   203   897 I OMXMaster: makeComponentInstance(OMX.google.raw.decoder) in mediacodec process
02-27 18:14:26.682   975  1133 V LynxVoltageSensor: initializeHardware() mod#=2
02-27 18:14:26.682   975  1133 V LynxAnalogInputController: initializeHardware() mod#=2
02-27 18:14:26.684   205   223 D MediaBufferGroup: creating MemoryDealer
02-27 18:14:26.685   975  1236 V Robocol : sending CMD_NOTIFY_ROBOT_STATE(10), attempt: 1
02-27 18:14:26.686   975  1236 V Robocol : sending CMD_NOTIFY_ROBOT_STATE(11), attempt: 1
02-27 18:14:26.687   975  1236 V Robocol : sending CMD_NOTIFY_ROBOT_STATE(12), attempt: 1
02-27 18:14:26.687   975  1236 V Robocol : sending CMD_NOTIFY_ACTIVE_CONFIGURATION(22), attempt: 1
02-27 18:14:26.688   975  1236 V Robocol : sending CMD_NOTIFY_USER_DEVICE_LIST(23), attempt: 1
02-27 18:14:26.690   975  1236 V Robocol : sending CMD_NOTIFY_OP_MODE_LIST(24), attempt: 1
02-27 18:14:26.692   975  1133 V LynxDigitalChannelController: initializeHardware() mod#=2
02-27 18:14:26.718   975  1088 D SoundPlayer: onLoadComplete(samp=1|ms=757, samp=1)=0
02-27 18:14:26.719   975  1133 V RobotCore: Creating Digital Channel Device - Type: Digital Device - Port: 7
02-27 18:14:26.720   975  1133 V LynxServoController: initializeHardware() mod#=3
02-27 18:14:26.721   975  1239 W AudioTrack: AUDIO_OUTPUT_FLAG_FAST denied by client; transfer 4, track 48000 Hz, output 44100 Hz
02-27 18:14:26.752   975  1133 V LynxVoltageSensor: initializeHardware() mod#=3
02-27 18:14:26.753   975  1133 V RobotCore: Creating Limelight3A named limelight at EthernetOverUsb:eth0:172.29.0.30
02-27 18:14:26.753   975  1133 I RobotCore: ========= Device Information ===================================================
02-27 18:14:26.754   975  1133 I RobotCore: Type                                               Name                           Connection
02-27 18:14:26.754   975  1133 I RobotCore: Servo                                              ptoLeft                        USB (embedded); module 3; port 0
02-27 18:14:26.755   975  1133 I RobotCore: Motor                                              bl                             USB (embedded); module 173; port 2
02-27 18:14:26.756   975  1133 I RobotCore: Motor                                              intake                         USB (embedded); module 2; port 2
02-27 18:14:26.756   975  1133 I RobotCore: Digital Device                                     beamBreak                      USB (embedded); module 2; digital port 7
02-27 18:14:26.757   975  1133 I RobotCore: Motor                                              fr                             USB (embedded); module 173; port 0
02-27 18:14:26.758   975  1133 I RobotCore: Motor                                              leftShooter                    USB (embedded); module 2; port 0
02-27 18:14:26.758   975  1133 I RobotCore: goBILDA® Pinpoint Odometry Computer                odo                            USB (embedded); module 173; bus 0; addr7=0x31
02-27 18:14:26.759   975  1133 I RobotCore: Motor                                              fl                             USB (embedded); module 173; port 1
02-27 18:14:26.759   975  1133 I RobotCore: Servo                                              hood                           USB (embedded); module 2; port 0
02-27 18:14:26.760   975  1133 I RobotCore: SRSHub                                             SRSHub                         USB (embedded); module 173; bus 3; addr7=0x57
02-27 18:14:26.760   975  1133 I RobotCore: Motor                                              rightShooter                   USB (embedded); module 2; port 1
02-27 18:14:26.760   975  1133 I RobotCore: REV Robotics USB Expansion Hub Portal              Control Hub Portal             USB (embedded)
