--------- beginning of system
12-31 19:00:06.061   419   419 I InstallerConnection: connecting...
12-31 19:00:06.201   419   419 I InstallerConnection: disconnecting...
12-31 19:00:06.437   419   419 W SystemServer: System clock is before 1970; setting to 1970.
12-31 19:00:06.459   419   419 I SystemServer: Entered the Android system server!
12-31 19:00:06.791   419   419 I SystemServiceManager: Starting com.android.server.pm.Installer
12-31 19:00:06.812   419   419 I Installer: Waiting for installd to be ready.
12-31 19:00:06.812   419   419 I InstallerConnection: connecting...
12-31 19:00:06.813   419   419 I SystemServiceManager: Starting com.android.server.am.ActivityManagerService$Lifecycle
12-31 19:00:06.827   419   419 I ActivityManager: Memory class: 192
12-31 19:00:06.829   419   479 I ServiceThread: Enabled StrictMode logging for ActivityManager looper.
12-31 19:00:06.830   419   480 I ServiceThread: Enabled StrictMode logging for android.ui looper.
12-31 19:00:06.916   419   419 D BatteryStatsImpl: Reading daily items from /data/system/batterystats-daily.xml
12-31 19:00:07.099   419   419 I IntentFirewall: Read new rules (A:0 B:0 S:0)
12-31 19:00:07.107   419   488 I ServiceThread: Enabled StrictMode logging for android.display looper.
12-31 19:00:07.128   419   419 D AppOps  : AppOpsService published
12-31 19:00:07.129   419   419 I SystemServiceManager: Starting com.android.server.power.PowerManagerService
12-31 19:00:07.141   419   490 I ServiceThread: Enabled StrictMode logging for PowerManagerService looper.
12-31 19:00:07.143   419   419 E PowerManagerService:  Failed while trying resolve ddr config file, not exists
12-31 19:00:07.146   419   419 D lvjinhua:  Failed while trying resolve alarm filter file, not exists
12-31 19:00:07.147   419   419 I SystemServiceManager: Starting com.android.server.lights.LightsService
12-31 19:00:07.159   419   419 I SystemServiceManager: Starting com.android.server.display.DisplayManagerService
12-31 19:00:07.168   419   419 I SystemServiceManager: Starting phase 100
12-31 19:00:07.174   419   488 I DisplayManagerService: Display device added: DisplayDeviceInfo{"Built-in Screen": uniqueId="local:0", 1280 x 720, modeId 1, defaultModeId 1, supportedModes [{id=1, width=1280, height=720, fps=52.0}], colorMode 0, supportedColorModes [0], HdrCapabilities android.view.Display$HdrCapabilities@a69d6308, density 160, 2147483.8 x 2147483.8 dpi, appVsyncOff 1000000, presDeadline 19230769, touch INTERNAL, rotation 0, type BUILT_IN, state UNKNOWN, FLAG_DEFAULT_DISPLAY, FLAG_ROTATES_WITH_CONTENT, FLAG_SECURE, FLAG_SUPPORTS_PROTECTED_BUFFERS}
12-31 19:00:07.176   419   419 I SystemServer: StartPackageManagerService
12-31 19:00:07.176   419   488 I DisplayManagerService: Display device changed state: "Built-in Screen", ON
12-31 19:00:07.237   419   419 D SELinuxMMAC: Using policy file /system/etc/security/mac_permissions.xml
12-31 19:00:07.416   419   419 W PackageManager: Library not found: /system/framework/org.apache.http.legacy.jar
12-31 19:00:07.441   419   419 W PackageManager: Library not found: /system/framework/org.apache.http.legacy.jar
12-31 19:00:07.582   419   419 W PackageParser: Ignoring duplicate uses-permissions/uses-permissions-sdk-m: android.permission.ACCESS_FINE_LOCATION in package: com.DeviceTest at: Binary XML file line #22
12-31 19:00:07.582   419   419 W PackageParser: Ignoring duplicate uses-permissions/uses-permissions-sdk-m: android.permission.WRITE_SETTINGS in package: com.DeviceTest at: Binary XML file line #31
12-31 19:00:07.582   419   419 W PackageParser: Ignoring duplicate uses-permissions/uses-permissions-sdk-m: android.permission.INTERNET in package: com.DeviceTest at: Binary XML file line #39
12-31 19:00:07.582   419   419 W PackageParser: Ignoring duplicate uses-permissions/uses-permissions-sdk-m: android.permission.DEVICE_POWER in package: com.DeviceTest at: Binary XML file line #43
12-31 19:00:07.587   419   419 I PackageManager: /system/priv-app/DeviceTest changed; collecting certs
12-31 19:00:07.619   419   419 W PackageManager: Failed to parse /system/priv-app/DeviceTest: Signature mismatch for shared user: SharedUserSetting{f34fa7d android.uid.system/1000}
12-31 19:00:07.663   419   419 W PackageManager: Permission android.permission.DOWNLOAD_WITHOUT_NOTIFICATION from package com.android.providers.downloads in an unknown group android.permission-group.NETWORK
12-31 19:00:07.871   419   419 W PackageParser: Ignoring duplicate uses-permissions/uses-permissions-sdk-m: android.permission.USE_CREDENTIALS in package: com.android.settings at: Binary XML file line #56
12-31 19:00:07.871   419   419 W PackageParser: Ignoring duplicate uses-permissions/uses-permissions-sdk-m: android.permission.READ_SYNC_SETTINGS in package: com.android.settings at: Binary XML file line #61
12-31 19:00:07.871   419   419 W PackageParser: Ignoring duplicate uses-permissions/uses-permissions-sdk-m: android.permission.WRITE_SYNC_SETTINGS in package: com.android.settings at: Binary XML file line #62
12-31 19:00:07.947   419   419 W PackageParser: Ignoring duplicate uses-permissions/uses-permissions-sdk-m: android.permission.INSTALL_GRANT_RUNTIME_PERMISSIONS in package: com.android.shell at: Binary XML file line #103
12-31 19:00:07.967   419   419 I PackageManager: /system/priv-app/StressTest changed; collecting certs
12-31 19:00:08.013   419   419 W PackageManager: Failed to parse /system/priv-app/StressTest: Signature mismatch for shared user: SharedUserSetting{f34fa7d android.uid.system/1000}
12-31 19:00:08.067   419   419 W PackageParser: Ignoring duplicate uses-permissions/uses-permissions-sdk-m: android.permission.CONFIGURE_WIFI_DISPLAY in package: com.android.systemui at: Binary XML file line #123
12-31 19:00:08.144   419   419 W PackageParser: No actions in intent filter at /system/priv-app/TvSettings/TvSettings.apk Binary XML file line #87
12-31 19:00:08.148   419   419 W PackageParser: No actions in intent filter at /system/priv-app/TvSettings/TvSettings.apk Binary XML file line #631
12-31 19:00:08.148   419   419 W PackageParser: No actions in intent filter at /system/priv-app/TvSettings/TvSettings.apk Binary XML file line #639
12-31 19:00:08.195   419   419 W PackageParser: Ignoring duplicate uses-permissions/uses-permissions-sdk-m: android.permission.READ_CONTACTS in package: com.android.bluetooth at: Binary XML file line #61
12-31 19:00:08.196   419   419 W PackageParser: No actions in intent filter at /system/app/Bluetooth/Bluetooth.apk Binary XML file line #223
12-31 19:00:08.277   419   419 W PackageManager: Non-privileged app; cap priority to 0; package: com.android.cts.ctsshim activity: com.android.cts.ctsshim.InstallPriority origPrio: 100
12-31 19:00:08.277   419   419 W PackageManager: Non-privileged app; cap priority to 0; package: com.android.cts.ctsshim activity: com.android.cts.ctsshim.InstallPriority origPrio: 100
12-31 19:00:08.277   419   419 W PackageManager: Non-privileged app; cap priority to 0; package: com.android.cts.ctsshim activity: com.android.cts.ctsshim.InstallPriority origPrio: 100
12-31 19:00:08.277   419   419 W PackageManager: Non-privileged app; cap priority to 0; package: com.android.cts.ctsshim activity: com.android.cts.ctsshim.InstallPriority origPrio: 100
12-31 19:00:08.277   419   419 W PackageManager: Non-privileged app; cap priority to 0; package: com.android.cts.ctsshim activity: com.android.cts.ctsshim.InstallPriority origPrio: 100
12-31 19:00:08.417   419   419 W PackageManager: Non-privileged app; cap priority to 0; package: com.rockchips.android.leanbacklauncher activity: com.rockchips.android.leanbacklauncher.MainActivity origPrio: 2
12-31 19:00:08.432   419   419 I PackageManager: /system/app/RkExplorer changed; collecting certs
12-31 19:00:08.470   419   419 W PackageManager: Failed to parse /system/app/RkExplorer: Signature mismatch for shared user: SharedUserSetting{f34fa7d android.uid.system/1000}
12-31 19:00:08.771   419   419 W PackageManager: Protected action; cap priority to 0; package: com.android.cts.priv.ctsshim activity: com.android.cts.priv.ctsshim.InstallPriority origPrio: 100
12-31 19:00:08.771   419   419 W PackageManager: Protected action; cap priority to 0; package: com.android.cts.priv.ctsshim activity: com.android.cts.priv.ctsshim.InstallPriority origPrio: 100
12-31 19:00:08.771   419   419 W PackageManager: Protected action; cap priority to 0; package: com.android.cts.priv.ctsshim activity: com.android.cts.priv.ctsshim.InstallPriority origPrio: 100
12-31 19:00:08.771   419   419 W PackageManager: Protected action; cap priority to 0; package: com.android.cts.priv.ctsshim activity: com.android.cts.priv.ctsshim.InstallPriority origPrio: 100
12-31 19:00:08.771   419   419 W PackageManager: Protected action; cap priority to 0; package: com.android.packageinstaller activity: com.android.packageinstaller.PackageInstallerActivity origPrio: 1
12-31 19:00:08.771   419   419 I PackageManager: Adjusting ABI for com.android.settings to arm64-v8a (requirer=com.android.tv.settings, scannedPackage=null)
12-31 19:00:08.772   419   419 I PackageManager: Adjusting ABI for com.revrobotics.controlhubupdater to arm64-v8a (requirer=com.android.tv.settings, scannedPackage=null)
12-31 19:00:08.773   419   419 I PackageManager: Adjusting ABI for com.android.wallpaperbackup to arm64-v8a (requirer=com.android.tv.settings, scannedPackage=null)
12-31 19:00:08.774   419   419 I PackageManager: Adjusting ABI for com.android.keychain to arm64-v8a (requirer=com.android.tv.settings, scannedPackage=null)
12-31 19:00:08.774   419   419 I PackageManager: Adjusting ABI for com.android.location.fused to arm64-v8a (requirer=com.android.tv.settings, scannedPackage=null)
12-31 19:00:08.775   419   419 I PackageManager: Adjusting ABI for com.android.providers.settings to arm64-v8a (requirer=com.android.tv.settings, scannedPackage=null)
12-31 19:00:08.775   419   419 I PackageManager: Adjusting ABI for com.android.inputdevices to arm64-v8a (requirer=com.android.tv.settings, scannedPackage=null)
12-31 19:00:08.776   419   419 I PackageManager: Adjusting ABI for com.rockchips.android.leanbacklauncher to arm64-v8a (requirer=com.android.tv.settings, scannedPackage=null)
12-31 19:00:08.780   419   419 I PackageManager: Time to scan packages: 1.385 seconds
12-31 19:00:08.780   419   419 W PackageManager: Unknown permission com.google.android.googleapps.permission.GOOGLE_AUTH in package com.android.providers.calendar
12-31 19:00:08.780   419   419 W PackageManager: Unknown permission com.google.android.googleapps.permission.GOOGLE_AUTH.cl in package com.android.providers.calendar
12-31 19:00:08.781   419   419 W PackageManager: Unknown permission com.rockchips.android.leanbacklauncher.recommendations.permission.RECOMMENDATIONS in package com.rockchips.android.leanbacklauncher
12-31 19:00:08.781   419   419 W PackageManager: Unknown permission com.rockchips.android.providers.gsf.permission.READ_GSERVICES in package com.rockchips.android.leanbacklauncher
12-31 19:00:08.781   419   419 W PackageManager: Not granting permission android.permission.ACCESS_DOWNLOAD_MANAGER to package com.android.browser (protectionLevel=18 flags=0x3809be45)
12-31 19:00:08.781   419   419 W PackageManager: Not granting permission android.permission.SEND_DOWNLOAD_COMPLETED_INTENTS to package com.android.browser (protectionLevel=2 flags=0x3809be45)
12-31 19:00:08.782   419   419 W PackageManager: Not granting permission android.permission.WRITE_EXTERNAL_STORAGE to package com.qualcomm.ftcrobotcontroller because it was previously installed without
12-31 19:00:08.782   419   419 W PackageManager: Not granting permission android.permission.READ_EXTERNAL_STORAGE to package com.qualcomm.ftcrobotcontroller because it was previously installed without
12-31 19:00:08.782   419   419 W PackageManager: Not granting permission android.permission.CAMERA to package com.qualcomm.ftcrobotcontroller because it was previously installed without
12-31 19:00:08.782   419   419 W PackageManager: Not granting permission android.permission.ACCESS_COARSE_LOCATION to package com.qualcomm.ftcrobotcontroller because it was previously installed without
12-31 19:00:08.782   419   419 W PackageManager: Not granting permission android.permission.ACCESS_FINE_LOCATION to package com.qualcomm.ftcrobotcontroller because it was previously installed without
12-31 19:00:08.782   419   419 W PackageManager: Not granting permission android.permission.READ_PHONE_STATE to package com.qualcomm.ftcrobotcontroller because it was previously installed without
12-31 19:00:08.782   419   419 W PackageManager: Unknown permission com.google.android.permission.INSTALL_WEARABLE_PACKAGES in package com.android.packageinstaller
12-31 19:00:08.782   419   419 W PackageManager: Not granting permission android.permission.DELETE_PACKAGES to package com.svox.pico (protectionLevel=18 flags=0x3808be45)
12-31 19:00:08.782   419   419 W PackageManager: Unknown permission com.google.android.googleapps.permission.GOOGLE_AUTH in package com.android.settings
12-31 19:00:08.782   419   419 W PackageManager: Unknown permission com.android.launcher.permission.READ_SETTINGS in package com.android.settings
12-31 19:00:08.782   419   419 W PackageManager: Unknown permission com.android.launcher.permission.WRITE_SETTINGS in package com.android.settings
12-31 19:00:08.783   419   419 W PackageManager: Unknown permission com.google.android.gallery3d.permission.GALLERY_PROVIDER in package com.android.bluetooth
12-31 19:00:08.783   419   419 W PackageManager: Unknown permission com.android.gallery3d.permission.GALLERY_PROVIDER in package com.android.bluetooth
12-31 19:00:08.783   419   419 W PackageManager: Unknown permission android.permission.PROCESS_PHONE_ACCOUNT_REGISTRATION in package com.android.providers.contacts
12-31 19:00:08.783   419   419 V PackageManager: reconcileAppsData for null u0 0x3
12-31 19:00:09.036   419   419 V PackageManager: reconcileAppsData finished 49 packages
12-31 19:00:09.128   419   419 D PackageManager: Ephemeral resolver NOT found; no matching intent filters
12-31 19:00:09.128   419   419 I PackageManager: Ephemeral deactivated; missing resolver and installer
12-31 19:00:09.152   419   419 I SystemServer: StartOtaDexOptService
12-31 19:00:09.154   419   419 I SystemServer: StartUserManagerService
12-31 19:00:09.154   419   419 I SystemServiceManager: Starting com.android.server.pm.UserManagerService$LifeCycle
12-31 19:00:09.166   419   419 I SystemServiceManager: Starting com.android.server.BatteryService
12-31 19:00:09.170   419   419 I SystemServiceManager: Starting com.android.server.usage.UsageStatsService
12-31 19:00:09.179   419   419 I SystemServiceManager: Starting com.android.server.webkit.WebViewUpdateService
12-31 19:00:09.183   419   419 I SystemServer: isBox stop some start....
12-31 19:00:09.183   419   419 I SystemServer: Reading configuration...
12-31 19:00:09.183   419   419 I SystemServer: StartSchedulingPolicyService
12-31 19:00:09.184   419   419 I SystemServiceManager: Starting com.android.server.telecom.TelecomLoaderService
12-31 19:00:09.185   419   419 I SystemServer: StartTelephonyRegistry
12-31 19:00:09.189   419   419 I SystemServer: StartEntropyMixer
12-31 19:00:09.192   419   419 I EntropyMixer: Writing entropy...
12-31 19:00:09.202   419   419 I SystemServer: Camera Service
12-31 19:00:09.202   419   419 I SystemServiceManager: Starting com.android.server.camera.CameraService
12-31 19:00:09.204   419   501 I ServiceThread: Enabled StrictMode logging for CameraService_proxy looper.
12-31 19:00:09.205   419   419 I SystemServer: StartAccountManagerService
12-31 19:00:09.205   419   419 I SystemServiceManager: Starting com.android.server.accounts.AccountManagerService$Lifecycle
12-31 19:00:09.213   419   419 I SystemServer: StartContentService
12-31 19:00:09.214   419   419 I SystemServiceManager: Starting com.android.server.content.ContentService$Lifecycle
12-31 19:00:09.216   419   419 I SystemServer: InstallSystemProviders
12-31 19:00:09.245   419   419 I SystemServer: StartConsumerIrService
12-31 19:00:09.247   419   419 I SystemServer: StartAlarmManagerService
12-31 19:00:09.247   419   419 I SystemServiceManager: Starting com.android.server.AlarmManagerService
12-31 19:00:09.255   419   419 I SystemServer: InitWatchdog
12-31 19:00:09.256   419   419 I SystemServer: StartInputManagerService
12-31 19:00:09.256   419   419 I InputManager: Initializing input manager, mUseDevInputEventForAudioJack=false
12-31 19:00:09.257   419   419 I SystemServer: StartWindowManagerService
12-31 19:00:09.272   419   488 I WindowManager: No existing display settings /data/system/display_settings.xml; starting empty
12-31 19:00:09.310   419   419 I SystemServer: StartVrManagerService
12-31 19:00:09.310   419   419 I SystemServiceManager: Starting com.android.server.vr.VrManagerService
12-31 19:00:09.317   419   419 I InputManager: Starting input manager
12-31 19:00:09.321   419   419 I SystemServiceManager: Starting com.android.server.BluetoothService
12-31 19:00:09.324   419   419 D BluetoothManagerService: Loading stored name and address
12-31 19:00:09.324   419   419 D BluetoothManagerService: Stored bluetooth Name=rksdk,Address=22:22:0C:67:2A:F5
12-31 19:00:09.324   419   419 D BluetoothManagerService: Bluetooth persisted state: 0
12-31 19:00:09.324   419   419 I SystemServer: ConnectivityMetricsLoggerService
12-31 19:00:09.325   419   419 I SystemServiceManager: Starting com.android.server.connectivity.MetricsLoggerService
12-31 19:00:09.325   419   419 I SystemServer: IpConnectivityMetrics
12-31 19:00:09.326   419   419 I SystemServiceManager: Starting com.android.server.connectivity.IpConnectivityMetrics
12-31 19:00:09.327   419   419 I SystemServer: PinnerService
12-31 19:00:09.328   419   419 I SystemServiceManager: Starting com.android.server.PinnerService
12-31 19:00:09.329   419   419 I SystemServiceManager: Starting com.android.server.InputMethodManagerService$Lifecycle
12-31 19:00:09.337   419   419 I InputMethodManagerService: All the enabled IMEs are gone. Reset default enabled IMEs.
12-31 19:00:09.337   419   419 W InputMethodUtils: Found no fallback locale. imis=[]
12-31 19:00:09.338   419   419 W InputMethodUtils: No software keyboard is found. imis=[] fallbackLocale=null
12-31 19:00:09.340   419   419 I SystemServer: StartAccessibilityManagerService
12-31 19:00:09.347   419   419 I ActivityManager: Config changes=1df8 {1.0 ?mcc?mnc [en_US] ldltr sw720dp w1280dp h720dp 160dpi xlrg long land ?uimode ?night -touch -keyb/v/h dpad/v s.2}
12-31 19:00:09.366   419   478 E PinnerService: Could not pin file /system/framework/arm64/boot-framework.oat with error open failed: ENOENT (No such file or directory)
12-31 19:00:09.366   419   478 E PinnerService: Failed to pin file = /system/framework/arm64/boot-framework.oat
12-31 19:00:09.367   419   478 E PinnerService: Could not pin file /system/framework/oat/arm64/services.odex with error open failed: ENOENT (No such file or directory)
12-31 19:00:09.367   419   478 E PinnerService: Failed to pin file = /system/framework/oat/arm64/services.odex
12-31 19:00:09.367   419   478 E PinnerService: Could not pin file /system/framework/arm64/boot.oat with error open failed: ENOENT (No such file or directory)
12-31 19:00:09.367   419   478 E PinnerService: Failed to pin file = /system/framework/arm64/boot.oat
12-31 19:00:09.367   419   478 E PinnerService: Could not pin file /system/framework/arm64/boot-core-libart.oat with error open failed: ENOENT (No such file or directory)
12-31 19:00:09.367   419   478 E PinnerService: Failed to pin file = /system/framework/arm64/boot-core-libart.oat
12-31 19:00:09.373   419   419 I SystemServiceManager: Starting com.android.server.MountService$Lifecycle
12-31 19:00:09.404   419   419 I SystemServer: start UiModeManagerService.
12-31 19:00:09.404   419   419 I SystemServiceManager: Starting com.android.server.UiModeManagerService
12-31 19:00:09.407   419   514 D MountService: Thinking about init, mSystemReady=false, mDaemonConnected=true
12-31 19:00:09.407   419   514 D MountService: Thinking about reset, mSystemReady=false, mDaemonConnected=true
12-31 19:00:09.407   419   514 D MountService: Thinking about init, mSystemReady=false, mDaemonConnected=true
12-31 19:00:09.407   419   514 D MountService: Thinking about reset, mSystemReady=false, mDaemonConnected=true
12-31 19:00:09.407   419   514 D CryptdConnector: SND -> {1 cryptfs getfield SystemLocale}
12-31 19:00:09.408   419   419 I ActivityManager: Config changes=200 {1.0 ?mcc?mnc [en_US] ldltr sw720dp w1280dp h720dp 160dpi xlrg long land television -touch -keyb/v/h dpad/v s.3}
12-31 19:00:09.410   419   516 D CryptdConnector: RCV <- {200 1 -1}
12-31 19:00:09.413   419   514 W MountService: No primary storage mounted!
12-31 19:00:09.413   419   514 D VoldConnector: SND -> {1 asec list}
12-31 19:00:09.416   419   419 I SystemServer: StartLockSettingsService
12-31 19:00:09.416   419   419 I SystemServiceManager: Starting com.android.server.LockSettingsService$Lifecycle
12-31 19:00:09.417   419   515 D VoldConnector: RCV <- {200 1 asec operation succeeded}
12-31 19:00:09.418   419   514 W PackageManager: Unknown permission com.google.android.googleapps.permission.GOOGLE_AUTH in package com.android.providers.calendar
12-31 19:00:09.418   419   514 W PackageManager: Unknown permission com.google.android.googleapps.permission.GOOGLE_AUTH.cl in package com.android.providers.calendar
12-31 19:00:09.418   419   514 W PackageManager: Unknown permission com.rockchips.android.leanbacklauncher.recommendations.permission.RECOMMENDATIONS in package com.rockchips.android.leanbacklauncher
12-31 19:00:09.418   419   514 W PackageManager: Unknown permission com.rockchips.android.providers.gsf.permission.READ_GSERVICES in package com.rockchips.android.leanbacklauncher
12-31 19:00:09.418   419   514 W PackageManager: Not granting permission android.permission.ACCESS_DOWNLOAD_MANAGER to package com.android.browser (protectionLevel=18 flags=0x3809be45)
12-31 19:00:09.418   419   514 W PackageManager: Not granting permission android.permission.SEND_DOWNLOAD_COMPLETED_INTENTS to package com.android.browser (protectionLevel=2 flags=0x3809be45)
12-31 19:00:09.419   419   514 W PackageManager: Not granting permission android.permission.WRITE_EXTERNAL_STORAGE to package com.qualcomm.ftcrobotcontroller because it was previously installed without
12-31 19:00:09.419   419   514 W PackageManager: Not granting permission android.permission.READ_EXTERNAL_STORAGE to package com.qualcomm.ftcrobotcontroller because it was previously installed without
12-31 19:00:09.419   419   514 W PackageManager: Not granting permission android.permission.CAMERA to package com.qualcomm.ftcrobotcontroller because it was previously installed without
12-31 19:00:09.419   419   514 W PackageManager: Not granting permission android.permission.ACCESS_COARSE_LOCATION to package com.qualcomm.ftcrobotcontroller because it was previously installed without
12-31 19:00:09.419   419   514 W PackageManager: Not granting permission android.permission.ACCESS_FINE_LOCATION to package com.qualcomm.ftcrobotcontroller because it was previously installed without
12-31 19:00:09.419   419   514 W PackageManager: Not granting permission android.permission.READ_PHONE_STATE to package com.qualcomm.ftcrobotcontroller because it was previously installed without
12-31 19:00:09.419   419   514 W PackageManager: Unknown permission com.google.android.permission.INSTALL_WEARABLE_PACKAGES in package com.android.packageinstaller
12-31 19:00:09.419   419   514 W PackageManager: Not granting permission android.permission.DELETE_PACKAGES to package com.svox.pico (protectionLevel=18 flags=0x3808be45)
12-31 19:00:09.419   419   514 W PackageManager: Unknown permission com.google.android.googleapps.permission.GOOGLE_AUTH in package com.android.settings
12-31 19:00:09.419   419   514 W PackageManager: Unknown permission com.android.launcher.permission.READ_SETTINGS in package com.android.settings
12-31 19:00:09.419   419   514 W PackageManager: Unknown permission com.android.launcher.permission.WRITE_SETTINGS in package com.android.settings
12-31 19:00:09.420   419   514 W PackageManager: Unknown permission com.google.android.gallery3d.permission.GALLERY_PROVIDER in package com.android.bluetooth
12-31 19:00:09.420   419   514 W PackageManager: Unknown permission com.android.gallery3d.permission.GALLERY_PROVIDER in package com.android.bluetooth
12-31 19:00:09.420   419   514 W PackageManager: Unknown permission android.permission.PROCESS_PHONE_ACCOUNT_REGISTRATION in package com.android.providers.contacts
12-31 19:00:09.428   419   419 I SystemServiceManager: Starting com.android.server.DeviceIdleController
12-31 19:00:09.460   419   478 I UsageStatsService: User[0] Rollover scheduled @ 1970-01-01 19:00:09(86409433)
12-31 19:00:09.496   419   419 I SystemServiceManager: Starting com.android.server.devicepolicy.DevicePolicyManagerService$Lifecycle
12-31 19:00:09.498   419   514 W MountService: No primary storage mounted!
12-31 19:00:09.498   419   514 D VoldConnector: SND -> {2 asec list}
12-31 19:00:09.499   419   515 D VoldConnector: RCV <- {200 2 asec operation succeeded}
12-31 19:00:09.505   419   419 I SystemServer: StartStatusBarManagerService
12-31 19:00:09.507   419   419 I SystemServer: StartClipboardService
12-31 19:00:09.509   419   419 I SystemServer: StartNetworkManagementService
12-31 19:00:09.513   419   517 I NetworkManagement: onDaemonConnected()
12-31 19:00:09.516   419   419 I SystemServiceManager: Starting com.android.server.TextServicesManagerService$Lifecycle
12-31 19:00:09.519   419   419 W TextServicesManagerService: no available spell checker services found
12-31 19:00:09.520   419   419 I SystemServer: StartNetworkScoreService
12-31 19:00:09.522   419   419 I SystemServer: StartNetworkStatsService
12-31 19:00:09.527   419   419 I SystemServer: StartNetworkPolicyManagerService
12-31 19:00:09.532   419   419 I SystemServer: No Wi-Fi NAN Service (NAN support Not Present)
12-31 19:00:09.534   419   419 I SystemServiceManager: Starting com.android.server.wifi.p2p.WifiP2pService
12-31 19:00:09.597   419   419 I SystemServiceManager: Starting com.android.server.wifi.WifiService
12-31 19:00:09.801   419   419 I SystemServiceManager: Starting com.android.server.wifi.scanner.WifiScanningService
12-31 19:00:09.809   419   419 I SystemServiceManager: Starting com.android.server.wifi.RttService
12-31 19:00:09.813   419   419 I SystemServer: StartEthernetService
12-31 19:00:09.813   419   419 I SystemServiceManager: Starting com.android.server.ethernet.EthernetService
12-31 19:00:09.817   419   419 I SystemServer: StartPppoeService
12-31 19:00:09.818   419   419 I SystemServiceManager: Starting com.android.server.pppoe.PppoeService
12-31 19:00:09.822   419   419 I SystemServer: StartConnectivityService
12-31 19:00:09.829   419   419 D ConnectivityService: ConnectivityService starting up
12-31 19:00:09.833   419   419 D ConnectivityService: wifiOnly=true
12-31 19:00:09.833   419   419 D ConnectivityService: naString=wifi,1,1,2,-1,true config=android.net.NetworkConfig@ede6d3f
12-31 19:00:09.833   419   419 D ConnectivityService: naString=mobile,0,0,0,-1,true config=android.net.NetworkConfig@7b7e60c
12-31 19:00:09.833   419   419 D ConnectivityService: networkAttributes - ignoring mobile as this dev is wifiOnly 0
12-31 19:00:09.833   419   419 D ConnectivityService: naString=mobile_mms,2,0,2,60000,true config=android.net.NetworkConfig@aaccb55
12-31 19:00:09.833   419   419 D ConnectivityService: networkAttributes - ignoring mobile as this dev is wifiOnly 2
12-31 19:00:09.833   419   419 D ConnectivityService: naString=mobile_supl,3,0,2,60000,true config=android.net.NetworkConfig@a44a96a
12-31 19:00:09.833   419   419 D ConnectivityService: networkAttributes - ignoring mobile as this dev is wifiOnly 3
12-31 19:00:09.833   419   419 D ConnectivityService: naString=mobile_dun,4,0,2,60000,true config=android.net.NetworkConfig@cd69e5b
12-31 19:00:09.833   419   419 D ConnectivityService: networkAttributes - ignoring mobile as this dev is wifiOnly 4
12-31 19:00:09.833   419   419 D ConnectivityService: naString=mobile_hipri,5,0,3,60000,true config=android.net.NetworkConfig@10356f8
12-31 19:00:09.833   419   419 D ConnectivityService: networkAttributes - ignoring mobile as this dev is wifiOnly 5
12-31 19:00:09.834   419   419 D ConnectivityService: naString=mobile_fota,10,0,2,60000,true config=android.net.NetworkConfig@ebbc7d1
12-31 19:00:09.834   419   419 D ConnectivityService: networkAttributes - ignoring mobile as this dev is wifiOnly 10
12-31 19:00:09.834   419   419 D ConnectivityService: naString=mobile_ims,11,0,2,60000,true config=android.net.NetworkConfig@97bf236
12-31 19:00:09.834   419   419 D ConnectivityService: networkAttributes - ignoring mobile as this dev is wifiOnly 11
12-31 19:00:09.834   419   419 D ConnectivityService: naString=mobile_cbs,12,0,2,60000,true config=android.net.NetworkConfig@956c537
12-31 19:00:09.834   419   419 D ConnectivityService: networkAttributes - ignoring mobile as this dev is wifiOnly 12
12-31 19:00:09.834   419   419 D ConnectivityService: naString=bluetooth,7,7,0,-1,true config=android.net.NetworkConfig@992eaa4
12-31 19:00:09.834   419   419 D ConnectivityService: naString=ethernet,9,9,9,-1,true config=android.net.NetworkConfig@5e4100d
12-31 19:00:09.834   419   419 D ConnectivityService: mNetworksDefined=4
12-31 19:00:09.834   419   419 E ConnectivityService: Ignoring protectedNetwork 10
12-31 19:00:09.834   419   419 E ConnectivityService: Ignoring protectedNetwork 11
12-31 19:00:09.834   419   419 E ConnectivityService: Ignoring protectedNetwork 12
12-31 19:00:09.834   419   419 E ConnectivityService: Ignoring protectedNetwork 14
12-31 19:00:09.834   419   419 E ConnectivityService: Ignoring protectedNetwork 15
12-31 19:00:09.845   419   419 I SystemServer: StartNsdService
12-31 19:00:09.850   419   419 I SystemServer: StartUpdateLockService
12-31 19:00:09.852   419   419 I SystemServiceManager: Starting com.android.server.RecoverySystemService
12-31 19:00:09.854   419   419 I SystemServiceManager: Starting com.android.server.notification.NotificationManagerService
12-31 19:00:09.868   419   419 D ConditionProviders.SCP: new ScheduleConditionProvider()
12-31 19:00:09.873   419   419 D ZenLog  : config: readXml,ZenModeConfig[user=0,allowCalls=true,allowRepeatCallers=false,allowMessages=false,allowCallsFrom=contacts,allowMessagesFrom=contacts,allowReminders=true,allowEvents=true,allowWhenScreenOff=true,allowWhenScreenOn=true,automaticRules={3df50a7aa12c42b69664d587e5a9c912=ZenRule[enabled=false,snoozing=false,name=Weekend,zenMode=ZEN_MODE_ALARMS,conditionId=condition://android/schedule?days=6.7&start=23.30&end=10.0&exitAtAlarm=false,condition=Condition[id=condition://android/schedule?days=6.7&start=23.30&end=10.0&exitAtAlarm=false,summary=...,line1=...,line2=...,icon=0,state=STATE_FALSE,flags=2],component=ComponentInfo{android/com.android.server.notification.ScheduleConditionProvider},id=3df50a7aa12c42b69664d587e5a9c912,creationTime=116617,enabler=null], 96a88e36c4b1434984bf9b38b9bbc73e=ZenRule[enabled=false,snoozing=false,name=Event,zenMode=ZEN_MODE_ALARMS,conditionId=condition://android/event?userId=-10000&calendar=&reply=1,condition=Condition[id=condition://android/event?userId=-10000&calendar=&reply=1,summary=...,line1=...,line2=...,icon=0,state=STATE_FALSE,flags=2],component=ComponentInfo{android/com.android.server.notification.EventConditionProvider},id=96a88e36c4b1434984bf9b38b9bbc73e,creationTime=116618,enabler=null], 506ef9e7d8534942868f92743ee8d060=ZenRule[enabled=false,snoozing=false,name=Weeknight,zenMode=ZEN_MODE_ALARMS,conditionId=condition://android/schedule?days=1.2.3.4.5&start=22.0&end=7.0&exitAtAlarm=false,condition=Condition[id=condition://android/schedule?days=1.2.3.4.5&start=22.0&end=7.0&exitAtAlarm=false,summary=...,line1=...,line2=...,icon=0,state=STATE_FALSE,flags=2],component=ComponentInfo{android/com.android.server.notification.ScheduleConditionProvider},id=506ef9e7d8534942868f92743ee8d060,creationTime=116617,enabler=null]},manualRule=ZenRule[enabled=true,snoozing=false,name=null,zenMode=ZEN_MODE_ALARMS,conditionId=null,condition=null,component=null,id=null,creationTime=0,enabler=com.rockchips.android.leanbacklauncher]],Diff[automaticRule[d89b6b043123482a9509e40440809823]:delete,automaticRule[3df50a7aa12c42b69664d587e5a9c912]:insert,automaticRule[3186e4d00b07439298cac4239109118e]:delete,automaticRule[887d0b676ee74436b3b746ea58f08d6c]:delete,automaticRule[96a88e36c4b1434984bf9b38b9bbc73e]:insert,automaticRule[506ef9e7d8534942868f92743ee8d060]:insert,manualRule:insert]
12-31 19:00:09.881   419   419 D ZenLog  : set_zen_mode: alarms,init
12-31 19:00:09.885   419   419 I SystemServiceManager: Starting com.android.server.storage.DeviceStorageMonitorService
12-31 19:00:09.888   419   419 I SystemServer: StartLocationManagerService
12-31 19:00:09.891   419   419 I SystemServer: StartCountryDetectorService
12-31 19:00:09.892   419   419 I SystemServer: StartSearchManagerService
12-31 19:00:09.893   419   419 I SystemServiceManager: Starting com.android.server.search.SearchManagerService$Lifecycle
12-31 19:00:09.897   419   419 I SystemServiceManager: Starting com.android.server.DropBoxManagerService
12-31 19:00:09.900   419   419 I SystemServer: StartAudioService
12-31 19:00:09.900   419   419 I SystemServiceManager: Starting com.android.server.audio.AudioService$Lifecycle
12-31 19:00:09.943   419   419 I SystemServer: StartWiredAccessoryManager
12-31 19:00:09.945   419   419 W WiredAccessoryManager: This kernel does not have wired headset support
12-31 19:00:09.945   419   419 W WiredAccessoryManager: This kernel does not have dp audio support
12-31 19:00:09.945   419   419 I SystemServiceManager: Starting com.android.server.usb.UsbService$Lifecycle
12-31 19:00:09.957   419   419 I SystemServer: StartSerialService
12-31 19:00:09.959   419   419 I SystemServiceManager: Starting com.android.server.twilight.TwilightService
12-31 19:00:09.960   419   419 I SystemServiceManager: Starting com.android.server.job.JobSchedulerService
12-31 19:00:09.969   419   419 I SystemServiceManager: Starting com.android.server.soundtrigger.SoundTriggerService
12-31 19:00:09.971   419   419 I SystemServiceManager: Starting com.android.server.backup.BackupManagerService$Lifecycle
12-31 19:00:09.974   419   419 I SystemServiceManager: Starting com.android.server.appwidget.AppWidgetService
12-31 19:00:09.980   419   419 I SystemServiceManager: Starting com.android.server.voiceinteraction.VoiceInteractionManagerService
12-31 19:00:09.983   419   419 I SystemServiceManager: Starting com.android.server.SensorNotificationService
12-31 19:00:09.983   419   419 I SystemServiceManager: Starting com.android.server.ContextHubSystemService
12-31 19:00:09.985   419   419 I SystemServer: StartDiskStatsService
12-31 19:00:09.987   419   419 I SystemServer: StartSamplingProfilerService
12-31 19:00:09.998   419   419 I SystemServer: StartNetworkTimeUpdateService
12-31 19:00:10.000   419   419 I SystemServer: StartCommonTimeManagementService
12-31 19:00:10.002   419   419 I SystemServer: CertBlacklister
12-31 19:00:10.003   419   419 I SystemServiceManager: Starting com.android.server.emergency.EmergencyAffordanceService
12-31 19:00:10.004   419   419 I SystemServiceManager: Starting com.android.server.dreams.DreamManagerService
12-31 19:00:10.007   419   419 I SystemServer: StartAssetAtlasService
12-31 19:00:10.011   419   419 I SystemServiceManager: Starting com.android.server.restrictions.RestrictionsManagerService
12-31 19:00:10.014   419   419 I SystemServiceManager: Starting com.android.server.media.MediaSessionService
12-31 19:00:10.018   419   419 I SystemServiceManager: Starting com.android.server.hdmi.HdmiControlService
12-31 19:00:10.025   419   419 I HdmiControlService: Device does not support MHL-control.
12-31 19:00:10.030   419   419 I SystemServiceManager: Starting com.android.server.tv.TvInputManagerService
12-31 19:00:10.036   419   419 I SystemServiceManager: Starting com.android.server.media.MediaResourceMonitorService
12-31 19:00:10.037   419   419 I SystemServer: StartMediaRouterService
12-31 19:00:10.040   419   419 I SystemServiceManager: Starting com.android.server.trust.TrustManagerService
12-31 19:00:10.044   419   419 I SystemServer: DisplayDeviceManagementService Service
12-31 19:00:10.045   419   419 D DisplayDeviceManagementService: DisplayDeviceManagementService start
12-31 19:00:10.046   419   419 I SystemServer: StartBackgroundDexOptService
12-31 19:00:10.047   419   419 I SystemServiceManager: Starting com.android.server.pm.ShortcutService$Lifecycle
12-31 19:00:10.056   419   419 I SystemServiceManager: Starting com.android.server.pm.LauncherAppsService
12-31 19:00:10.058   419   419 I SystemServiceManager: Starting com.android.server.media.projection.MediaProjectionManagerService
12-31 19:00:10.067   419   419 I SystemServiceManager: Starting com.android.server.MmsServiceBroker
12-31 19:00:10.107   419   419 E LockSettingsStorage: Cannot read file java.io.FileNotFoundException: /data/system/gatekeeper.password.key: open failed: ENOENT (No such file or directory)
12-31 19:00:10.108   419   419 E LockSettingsStorage: Cannot read file java.io.FileNotFoundException: /data/system/password.key: open failed: ENOENT (No such file or directory)
12-31 19:00:10.108   419   419 E LockSettingsStorage: Cannot read file java.io.FileNotFoundException: /data/system/gatekeeper.pattern.key: open failed: ENOENT (No such file or directory)
12-31 19:00:10.109   419   419 E LockSettingsStorage: Cannot read file java.io.FileNotFoundException: /data/system/gatekeeper.gesture.key: open failed: ENOENT (No such file or directory)
12-31 19:00:10.109   419   419 E LockSettingsStorage: Cannot read file java.io.FileNotFoundException: /data/system/gesture.key: open failed: ENOENT (No such file or directory)
12-31 19:00:10.109   419   419 I SystemServiceManager: Starting phase 480
12-31 19:00:10.113   419   419 I DevicePolicyManagerService: Set ro.device_owner property to false
12-31 19:00:10.116   419   419 I SystemServiceManager: Starting phase 500
12-31 19:00:10.125   419   419 D ConnectivityService: listenForNetwork for uid/pid:1000/419 NetworkRequest [ LISTEN id=3, [] ]
12-31 19:00:10.132   419   419 I WifiService: WifiService starting up with Wi-Fi disabled
12-31 19:00:10.166   419   526 D ConnectivityService: Got NetworkFactory Messenger for Ethernet
12-31 19:00:10.166   419   526 D ConnectivityService: NetworkFactory connected
12-31 19:00:10.171   419   419 D ZenLog  : config: cleanUpZenRules,ZenModeConfig[user=0,allowCalls=true,allowRepeatCallers=false,allowMessages=false,allowCallsFrom=contacts,allowMessagesFrom=contacts,allowReminders=true,allowEvents=true,allowWhenScreenOff=true,allowWhenScreenOn=true,automaticRules={3df50a7aa12c42b69664d587e5a9c912=ZenRule[enabled=false,snoozing=false,name=Weekend,zenMode=ZEN_MODE_ALARMS,conditionId=condition://android/schedule?days=6.7&start=23.30&end=10.0&exitAtAlarm=false,condition=Condition[id=condition://android/schedule?days=6.7&start=23.30&end=10.0&exitAtAlarm=false,summary=...,line1=...,line2=...,icon=0,state=STATE_FALSE,flags=2],component=ComponentInfo{android/com.android.server.notification.ScheduleConditionProvider},id=3df50a7aa12c42b69664d587e5a9c912,creationTime=116617,enabler=null], 96a88e36c4b1434984bf9b38b9bbc73e=ZenRule[enabled=false,snoozing=false,name=Event,zenMode=ZEN_MODE_ALARMS,conditionId=condition://android/event?userId=-10000&calendar=&reply=1,condition=Condition[id=condition://android/event?userId=-10000&calendar=&reply=1,summary=...,line1=...,line2=...,icon=0,state=STATE_FALSE,flags=2],component=ComponentInfo{android/com.android.server.notification.EventConditionProvider},id=96a88e36c4b1434984bf9b38b9bbc73e,creationTime=116618,enabler=null], 506ef9e7d8534942868f92743ee8d060=ZenRule[enabled=false,snoozing=false,name=Weeknight,zenMode=ZEN_MODE_ALARMS,conditionId=condition://android/schedule?days=1.2.3.4.5&start=22.0&end=7.0&exitAtAlarm=false,condition=Condition[id=condition://android/schedule?days=1.2.3.4.5&start=22.0&end=7.0&exitAtAlarm=false,summary=...,line1=...,line2=...,icon=0,state=STATE_FALSE,flags=2],component=ComponentInfo{android/com.android.server.notification.ScheduleConditionProvider},id=506ef9e7d8534942868f92743ee8d060,creationTime=116617,enabler=null]},manualRule=ZenRule[enabled=true,snoozing=false,name=null,zenMode=ZEN_MODE_ALARMS,conditionId=null,condition=null,component=null,id=null,creationTime=0,enabler=com.rockchips.android.leanbacklauncher]],Diff[manualRule.enabler:com.rockchips.android.leanbacklauncher->com.rockchips.android.leanbacklauncher]
12-31 19:00:10.171   419   419 D ZenLog  : set_zen_mode: alarms,onSystemReady
12-31 19:00:10.174   419   419 W SoundTriggerHelper: listModules status=0, # of modules=0
12-31 19:00:10.199   419   419 V UserManagerService: Found /data/user_de/0 with serial number 0
12-31 19:00:10.199   419   419 V UserManagerService: Found /data/user/0 with serial number 0
12-31 19:00:10.199   419   419 V UserManagerService: Found /data/system_de/0 with serial number 0
12-31 19:00:10.200   419   419 V UserManagerService: Found /data/system_ce/0 with serial number 0
12-31 19:00:10.201   419   490 W KeyguardServiceDelegate: onScreenTurningOn(): no keyguard service!
12-31 19:00:10.206   419   419 D ActivityManager: OK, system ready!
12-31 19:00:10.206   419   419 I ActivityManager: System now ready
12-31 19:00:10.210   419   479 I SystemServer: Making services ready
12-31 19:00:10.210   419   479 I SystemServiceManager: Starting phase 550
12-31 19:00:10.213   419   479 W ActivityManager: Unable to start service Intent { act=com.android.ITelecomService cmp=com.android.server.telecom/.components.TelecomService } U=0: not found
12-31 19:00:10.214   419   419 W VoiceInteractionManagerService: no available voice interaction services found for user 0
12-31 19:00:10.214   419   419 W VoiceInteractionManagerService: no available voice recognition services found for user 0
12-31 19:00:10.228   419   419 I ActivityManager: Start proc 551:com.android.systemui/u0a14 for added application com.android.systemui
12-31 19:00:10.230   419   419 I ActivityManager: START u0 {act=android.intent.action.MAIN cat=[android.intent.category.HOME] flg=0x10000100 cmp=com.android.tv.settings/.system.FallbackHome} from uid 0 on display 0
12-31 19:00:10.241   419   419 I ActivityManager: Loaded persisted task ids for user 0
12-31 19:00:10.255   419   419 I ActivityManager: Start proc 565:com.android.tv.settings/1000 for activity com.android.tv.settings/.system.FallbackHome
12-31 19:00:10.259   419   419 I SystemServer: Enabled StrictMode for system server main thread.
12-31 19:00:10.264   419   419 D ConditionProviders.SCP: onConnected
12-31 19:00:10.265   419   419 D ZenLog  : set_zen_mode: alarms,readXml
12-31 19:00:10.266   419   419 D ConditionProviders: Subscribing to condition://android/schedule?days=6.7&start=23.30&end=10.0&exitAtAlarm=false with ComponentInfo{android/com.android.server.notification.ScheduleConditionProvider}
12-31 19:00:10.266   419   419 D ZenLog  : subscribe: condition://android/schedule?days=6.7&start=23.30&end=10.0&exitAtAlarm=false,ok
12-31 19:00:10.267   419   419 D ConditionProviders: Subscribing to condition://android/event?userId=-10000&calendar=&reply=1 with ComponentInfo{android/com.android.server.notification.EventConditionProvider}
12-31 19:00:10.267   419   419 D ZenLog  : subscribe: condition://android/event?userId=-10000&calendar=&reply=1,ok
12-31 19:00:10.268   419   419 D ConditionProviders: Subscribing to condition://android/schedule?days=1.2.3.4.5&start=22.0&end=7.0&exitAtAlarm=false with ComponentInfo{android/com.android.server.notification.ScheduleConditionProvider}
12-31 19:00:10.268   419   419 D ZenLog  : subscribe: condition://android/schedule?days=1.2.3.4.5&start=22.0&end=7.0&exitAtAlarm=false,ok
12-31 19:00:10.273   419   479 D BluetoothManagerService: Bluetooth boot completed
12-31 19:00:10.275   419   479 E InputMethodManagerService: Ignoring updateSystemUiLocked due to an invalid token. uid:1000 token:null
12-31 19:00:10.276   419   479 I InputMethodManagerService: All the enabled IMEs are gone. Reset default enabled IMEs.
12-31 19:00:10.276   419   479 W InputMethodUtils: Found no fallback locale. imis=[]
12-31 19:00:10.276   419   479 W InputMethodUtils: No software keyboard is found. imis=[] systemLocale=en_US fallbackLocale=null
12-31 19:00:10.277   419   479 W TextServicesManagerService: no available spell checker services found
12-31 19:00:10.279   419   514 D MountService: Thinking about init, mSystemReady=true, mDaemonConnected=true
12-31 19:00:10.281   419   514 D MountService: Setting up emulation state, initlocked=false
12-31 19:00:10.282   419   514 D CryptdConnector: SND -> {2 cryptfs unlock_user_key 0 0 ! !}
12-31 19:00:10.283   419   479 D UsbAlsaManager: Adding ALSA device AlsaDevice: [card: 0, device: 0, type: 1]
12-31 19:00:10.283   419   479 D UsbAlsaManager: Adding ALSA device AlsaDevice: [card: 1, device: 0, type: 1]
12-31 19:00:10.283   151   179 D vold    : e4crypt_unlock_user_key 0 serial=0 token_present=0
12-31 19:00:10.283   419   516 D CryptdConnector: RCV <- {200 2 Command succeeded}
12-31 19:00:10.284   419   514 D MountService: Thinking about reset, mSystemReady=true, mDaemonConnected=true
12-31 19:00:10.284   419   514 D VoldConnector: SND -> {3 volume reset}
12-31 19:00:10.285   419   533 D BluetoothManagerService: Trying to bind to profile: 1, while Bluetooth was disabled
12-31 19:00:10.285   419   515 D VoldConnector: RCV <- {651 emulated 7}
12-31 19:00:10.286   419   515 D VoldConnector: RCV <- {659 emulated}
12-31 19:00:10.286   419   515 D VoldConnector: RCV <- {650 emulated 2 "" ""}
12-31 19:00:10.287   419   515 D VoldConnector: RCV <- {651 emulated 0}
12-31 19:00:10.287   419   515 D VoldConnector: RCV <- {200 3 Command succeeded}
12-31 19:00:10.290   419   479 I SystemServer: WebViewFactory preparation
12-31 19:00:10.290   419   514 D VoldConnector: SND -> {4 volume user_added 0 0}
12-31 19:00:10.294   419   515 D VoldConnector: RCV <- {200 4 Command succeeded}
12-31 19:00:10.299   419   579 D UsbHostManager: Added device UsbDevice[mName=/dev/bus/usb/003/003,mVendorId=3034,mProductId=51232,mClass=239,mSubclass=2,mProtocol=1,mManufacturerName=Realtek,mProductName=802.11ac NIC,mVersion=2.0,mSerialNumber=123456,mConfigurations=[
12-31 19:00:10.299   419   579 D UsbHostManager: UsbConfiguration[mId=1,mName=null,mAttributes=160,mMaxPower=250,mInterfaces=[
12-31 19:00:10.299   419   579 D UsbHostManager: UsbInterface[mId=0,mAlternateSetting=0,mName=Bluetooth Radio,mClass=224,mSubclass=1,mProtocol=1,mEndpoints=[
12-31 19:00:10.299   419   579 D UsbHostManager: UsbEndpoint[mAddress=129,mAttributes=3,mMaxPacketSize=16,mInterval=4]
12-31 19:00:10.299   419   579 D UsbHostManager: UsbEndpoint[mAddress=2,mAttributes=2,mMaxPacketSize=512,mInterval=0]
12-31 19:00:10.299   419   579 D UsbHostManager: UsbEndpoint[mAddress=130,mAttributes=2,mMaxPacketSize=512,mInterval=0]]
12-31 19:00:10.299   419   579 D UsbHostManager: UsbInterface[mId=1,mAlternateSetting=0,mName=Bluetooth Radio,mClass=224,mSubclass=1,mProtocol=1,mEndpoints=[
12-31 19:00:10.299   419   579 D UsbHostManager: UsbEndpoint[mAddress=3,mAttributes=1,mMaxPacketSize=0,mInterval=4]
12-31 19:00:10.299   419   579 D UsbHostManager: UsbEndpoint[mAddress=131,mAttributes=1,mMaxPacketSize=0,mInterval=4]]
12-31 19:00:10.299   419   579 D UsbHostManager: UsbInterface[mId=1,mAlternateSetting=1,mName=Bluetooth Radio,mClass=224,mSubclass=1,mProtocol=1,mEndpoints=[
12-31 19:00:10.299   419   579 D UsbHostManager: UsbEndpoint[mAddress=3,mAttributes=1,mMaxPacketSize=9,mInterval=4]
12-31 19:00:10.299   419   579 D UsbHostManager: UsbEndpoint[mAddress=131,mAttributes=1,mMaxPacketSize=9,mInterval=4]]
12-31 19:00:10.299   419   579 D UsbHostManager: UsbInterface[mId=1,mAlternateSetting=2,mName=Bluetooth Radio,mClass=224,mSubclass=1,mProtocol=1,mEndpoints=[
12-31 19:00:10.299   419   579 D UsbHostManager: UsbEndpoint[mAddress=3,mAttributes=1,mMaxPacketSize=17,mInterval=4]
12-31 19:00:10.299   419   579 D UsbHostManager: UsbEndpoint[mAddress=131,mAttributes=1,mMaxPacketSize=17,mInterval=4]]
12-31 19:00:10.299   419   579 D UsbHostManager: UsbInterface[mId=1,mAlternateSetting=3,mName=Bluetooth Radio,mClass=224,mSubclass=1,mProtocol=1,mEndpoints=[
12-31 19:00:10.299   419   579 D UsbHostManager: UsbEndpoint[mAddress=3,mAttributes=1,mMaxPacketSize=25,mInterval=4]
12-31 19:00:10.299   419   579 D UsbHostManager: UsbEndpoint[mAddress=131,mAttributes=1,mMaxPacketSize=25,mInterval=4]]
12-31 19:00:10.299   419   579 D UsbHostManager: UsbInterface[mId=1,mAlternateSetting=4,mName=Bluetooth Radio,mClass=224,mSubclass=1,mProtocol=1,mEndpoints=[
12-31 19:00:10.299   419   579 D UsbHostManager: UsbEndpoint[mAddress=3,mAttributes=1,mMaxPacketSize=33,mInterval=4]
12-31 19:00:10.299   419   579 D UsbHostManager: UsbEndpoint[mAddress=131,mAttributes=1,mMaxPacketSize=33,mInterval=4]]
12-31 19:00:10.299   419   579 D UsbHostManager: UsbInterface[mId=1,mAlternateSetting=5,mName=Bluetooth Radio,mClass=224,mSubclass=1,mProtocol=1,mEndpoints=[
12-31 19:00:10.299   419   579 D UsbHostManager: UsbEndpoint[mAddress=3,mAttributes=1,mMaxPacketSize=49,mInterval=4]
12-31 19:00:10.299   419   579 D UsbHostManager: UsbEndpoint[mAddress=131,mAttributes=1,mMaxPacketSize=49,mInterval=4]]
12-31 19:00:10.299   419   579 D UsbHostManager: UsbInterface[mId=2,mAlternateSetting=0,mName=802.11ac NIC,mClass=255,mSubclass=255,mProtocol=255,mEndpoints=[
12-31 19:00:10.299   419   579 D UsbHostManager: UsbEndpoint[mAddress=132,mAttributes=2,mMaxPacketSize=512,mInterval=0]
