12-31 19:00:10.299   419   579 D UsbHostManager: UsbEndpoint[mAddress=5,mAttributes=2,mMaxPacketSize=512,mInterval=0]
12-31 19:00:10.299   419   579 D UsbHostManager: UsbEndpoint[mAddress=6,mAttributes=2,mMaxPacketSize=512,mInterval=0]
12-31 19:00:10.299   419   579 D UsbHostManager: UsbEndpoint[mAddress=135,mAttributes=3,mMaxPacketSize=64,mInterval=3]
12-31 19:00:10.299   419   579 D UsbHostManager: UsbEndpoint[mAddress=8,mAttributes=2,mMaxPacketSize=512,mInterval=0]]]]
12-31 19:00:10.300   419   579 W ContextImpl: Calling a method in the system process without a qualified user: android.app.ContextImpl.sendBroadcast:877 com.android.server.usb.UsbSettingsManager.deviceAttached:739 com.android.server.usb.UsbHostManager.endUsbDeviceAdded:225 com.android.server.usb.UsbHostManager.monitorUsbHostBus:-2 com.android.server.usb.UsbHostManager.-wrap0:-1 
12-31 19:00:10.304   419   486 V MountService: Found primary storage at VolumeInfo{emulated}:
12-31 19:00:10.304   419   486 V MountService:     type=EMULATED diskId=null partGuid=null mountFlags=0 mountUserId=-1 
12-31 19:00:10.304   419   486 V MountService:     state=UNMOUNTED 
12-31 19:00:10.304   419   486 V MountService:     fsType=null fsUuid=null fsLabel=null 
12-31 19:00:10.304   419   486 V MountService:     path=null internalPath=null 
12-31 19:00:10.304   419   514 D VoldConnector: SND -> {5 volume mount emulated 3 -1}
12-31 19:00:10.306   151   178 V vold    : Waiting for FUSE to spin up...
12-31 19:00:10.306   419   515 D VoldConnector: RCV <- {651 emulated 1}
12-31 19:00:10.307   419   515 D VoldConnector: RCV <- {656 emulated /data/media}
12-31 19:00:10.307   419   515 D VoldConnector: RCV <- {655 emulated /storage/emulated}
12-31 19:00:10.357   419   515 D VoldConnector: RCV <- {651 emulated 2}
12-31 19:00:10.357   419   515 D VoldConnector: RCV <- {200 5 Command succeeded}
12-31 19:00:10.471   419   479 W ActivityManager: Slow operation: 74ms so far, now at startProcess: returned from zygote!
12-31 19:00:10.471   419   479 W ActivityManager: Slow operation: 74ms so far, now at startProcess: done updating battery stats
12-31 19:00:10.472   419   479 W ActivityManager: Slow operation: 75ms so far, now at startProcess: building log message
12-31 19:00:10.472   419   479 I ActivityManager: Start proc 600:WebViewLoader-armeabi-v7a/1037 [android.webkit.WebViewFactory$RelroFileCreator] for 
12-31 19:00:10.472   419   479 W ActivityManager: Slow operation: 75ms so far, now at startProcess: starting to update pids map
12-31 19:00:10.472   419   479 W ActivityManager: Slow operation: 75ms so far, now at startProcess: done updating pids map
12-31 19:00:10.472   419   479 W ActivityManager: Slow operation: 75ms so far, now at startProcess: done starting proc!
12-31 19:00:10.484   419   479 I ActivityManager: Start proc 612:WebViewLoader-arm64-v8a/1037 [android.webkit.WebViewFactory$RelroFileCreator] for 
12-31 19:00:10.487   419   479 D NetworkManagement: enabling bandwidth control
12-31 19:00:10.488   419   543 W HdmiCecController: Failed to send <Report Physical Address> src: 4, dst: 15, params: FF FF 04
12-31 19:00:10.490   419   543 W HdmiCecController: Failed to send <Device Vendor Id> src: 4, dst: 15, params: 00 00 01
12-31 19:00:10.515   551   551 D lvjinhua:  Failed while trying resolve alarm filter file, not exists
12-31 19:00:10.570   551   551 V FingerprintManager: FingerprintManagerService was null
12-31 19:00:10.741   419   419 D ZenLog  : set_zen_mode: alarms,cleanUpZenRules
12-31 19:00:10.857   419   419 D ConditionProviders.SCP: onSubscribe condition://android/schedule?days=6.7&start=23.30&end=10.0&exitAtAlarm=false
12-31 19:00:10.858   419   419 D ConditionProviders.SCP: setRegistered true
12-31 19:00:10.859   419   419 D ConditionProviders.SCP: notifyCondition condition://android/schedule?days=6.7&start=23.30&end=10.0&exitAtAlarm=false STATE_FALSE reason=!meetsSchedule
12-31 19:00:10.961   419   419 D ConditionProviders.SCP: Scheduling evaluate for Wed Dec 31 23:30:00 EST 1969 (16200000), in +4h29m49s141ms, now=Wed Dec 31 19:00:10 EST 1969 (10859)
12-31 19:00:10.962   419   419 D ConditionProviders.SCP: onSubscribe condition://android/schedule?days=1.2.3.4.5&start=22.0&end=7.0&exitAtAlarm=false
12-31 19:00:10.963   419   419 D ConditionProviders.SCP: notifyCondition condition://android/schedule?days=6.7&start=23.30&end=10.0&exitAtAlarm=false STATE_FALSE reason=!meetsSchedule
12-31 19:00:10.963   419   419 D ConditionProviders.SCP: notifyCondition condition://android/schedule?days=1.2.3.4.5&start=22.0&end=7.0&exitAtAlarm=false STATE_FALSE reason=!meetsSchedule
12-31 19:00:10.964   419   419 D ConditionProviders.SCP: Scheduling evaluate for Wed Dec 31 22:00:00 EST 1969 (10800000), in +2h59m49s38ms, now=Wed Dec 31 19:00:10 EST 1969 (10962)
12-31 19:00:10.969   419   419 W ContextImpl: Calling a method in the system process without a qualified user: android.app.ContextImpl.startService:1357 com.android.server.content.SyncManager$13.run:658 android.os.Handler.handleCallback:755 android.os.Handler.dispatchMessage:95 android.os.Looper.loop:154 
12-31 19:00:10.979   419   478 I SyncManager: Got SyncJobService instance.
12-31 19:00:10.997   419   479 D NetworkPolicy: setRestrictBackgroundUL(): false
12-31 19:00:11.041   419   618 W WindowManager: animateResizePinnedStack: stackId 4 not found.
12-31 19:00:11.122   419   479 I SystemServiceManager: Starting phase 600
12-31 19:00:11.127   419   479 V NotificationListeners: enabling notification listener for 0: ComponentInfo{com.rockchips.android.leanbacklauncher/com.rockchips.android.leanbacklauncher.recommendations.NotificationsService}
12-31 19:00:11.127   419   479 W ActivityManager: Unable to start service Intent { act=android.service.notification.NotificationListenerService cmp=com.rockchips.android.leanbacklauncher/.recommendations.NotificationsService } U=0: not found
12-31 19:00:11.128   419   479 W NotificationListeners: Unable to bind notification listener service: Intent { act=android.service.notification.NotificationListenerService cmp=com.rockchips.android.leanbacklauncher/.recommendations.NotificationsService (has extras) }
12-31 19:00:11.135   419   479 D SensorNotificationService: Cannot obtain dynamic meta sensor, not supported.
12-31 19:00:11.139   419   532 E ActivityThread: Failed to find provider info for com.android.calendar
12-31 19:00:11.140   419   532 E ActivityThread: Failed to find provider info for com.android.calendar
12-31 19:00:11.146   419   479 W LocationManagerService: no network location provider found
12-31 19:00:11.150   419   458 I StatusBarManagerService: registerStatusBar bar=com.android.internal.statusbar.IStatusBar$Stub$Proxy@c6c7b85
12-31 19:00:11.154   419   479 E LocationManagerService: no geocoder provider found
12-31 19:00:11.155   419   479 D LocationManagerService: FLP HAL not supported
12-31 19:00:11.157   419   479 D LocationManagerService: Unable to bind FLP Geofence proxy.
12-31 19:00:11.158   419   479 D LocationManagerService: Hardware Activity-Recognition not supported.
12-31 19:00:11.159   419   479 D LocationManagerService: Unable to bind ActivityRecognitionProxy.
12-31 19:00:11.171   419   479 I MmsServiceBroker: Delay connecting to MmsService until an API is called
12-31 19:00:11.173   419   419 V WiredAccessoryManager: init()
12-31 19:00:11.181   419   479 I ActivityManager: Force stopping com.android.providers.media appid=10006 user=-1: vold reset
12-31 19:00:11.184   419   479 W KeyguardServiceDelegate: onScreenTurningOn(): no keyguard service!
12-31 19:00:11.189   419   479 I SystemServiceManager: Starting phase 1000
12-31 19:00:11.210   419   479 I ActivityManager: Start proc 760:android.ext.services/u0a7 for on-hold
12-31 19:00:11.223   419   479 D ActivityManager: Finishing user boot 0
12-31 19:00:11.226   419   479 D CryptdConnector: SND -> {3 cryptfs prepare_user_storage ! 0 0 2}
12-31 19:00:11.226   151   179 D vold    : e4crypt_prepare_user_storage for volume null, user 0, serial 0, flags 2
12-31 19:00:11.226   151   179 D vold    : Preparing: /data/system_ce/0
12-31 19:00:11.227   151   179 D vold    : Preparing: /data/misc_ce/0
12-31 19:00:11.227   151   179 D vold    : Preparing: /data/media/0
12-31 19:00:11.227   151   179 D vold    : Preparing: /data/data
12-31 19:00:11.227   419   516 D CryptdConnector: RCV <- {200 3 Command succeeded}
12-31 19:00:11.228   419   479 V UserManagerService: Found /data/user/0 with serial number 0
12-31 19:00:11.228   419   479 V UserManagerService: Found /data/system_ce/0 with serial number 0
12-31 19:00:11.228   419   479 V PackageManager: reconcileAppsData for null u0 0x2
12-31 19:00:11.417   419   479 V PackageManager: reconcileAppsData finished 49 packages
12-31 19:00:11.427   419   479 D BluetoothManagerService: User 0 unlocked
12-31 19:00:11.427   419   487 D BluetoothManagerService: MESSAGE_USER_UNLOCKED
12-31 19:00:11.427   419   479 D MountService: onUnlockUser 0
12-31 19:00:11.427   419   479 D VoldConnector: SND -> {6 volume user_started 0}
12-31 19:00:11.428   151   178 D vold    : Linking /storage/emulated/0 to /mnt/user/0/primary
12-31 19:00:11.429   419   515 D VoldConnector: RCV <- {200 6 Command succeeded}
12-31 19:00:11.431   419   514 D MountService: Volume emulated broadcasting mounted to UserHandle{0}
12-31 19:00:11.488   419   479 V BackupManagerService: Starting with transport android/com.android.internal.backup.LocalTransport
12-31 19:00:11.488   419   479 V BackupManagerService: Found transports: 2
12-31 19:00:11.492   419   479 W BackupManagerService: Proposed transport ComponentInfo{com.revrobotics.controlhubupdater/com.revrobotics.controlhubupdater.backup.RevBackupTransportService} not whitelisted; ignoring
12-31 19:00:11.503   419   479 I BackupManagerService: Backup enabled => true
12-31 19:00:11.519   419   526 D ConnectivityService: Got NetworkFactory Messenger for WIFI
12-31 19:00:11.519   419   526 D ConnectivityService: Got NetworkFactory Messenger for WIFI_UT
12-31 19:00:11.519   419   526 D ConnectivityService: NetworkFactory connected
12-31 19:00:11.520   419   526 D ConnectivityService: NetworkFactory connected
12-31 19:00:11.529   419   479 V KeyValueBackupJob: Scheduling k/v pass in 242 minutes
12-31 19:00:11.529   419   419 I ActivityManager: Start proc 794:android.process.media/u0a6 for broadcast com.android.providers.downloads/.DownloadReceiver
12-31 19:00:11.534   419   479 W VoiceInteractionManagerService: no available voice interaction services found for user 0
12-31 19:00:11.534   419   479 W VoiceInteractionManagerService: no available voice recognition services found for user 0
12-31 19:00:11.535   419   479 I ActivityManager: Loading recents for user 0 into memory.
12-31 19:00:11.557   419   789 I BackupManagerService: Found stale backup journal, scheduling
12-31 19:00:11.559   419   479 I ActivityManager: Start proc 812:com.android.inputmethod.latin/u0a27 for added application com.android.inputmethod.latin
12-31 19:00:11.560   419   479 D ActivityManager: Sending BOOT_COMPLETE user #0
12-31 19:00:11.570   419   419 V BackupManagerService: Connected to transport ComponentInfo{android/com.android.internal.backup.LocalTransportService}
12-31 19:00:11.572   419   419 V BackupManagerService: Registering transport android/com.android.internal.backup.LocalTransportService::android/com.android.internal.backup.LocalTransport = android.app.backup.BackupTransport$TransportImpl@14b9bd
12-31 19:00:11.589   419   419 V NotificationListeners: enabling notification listener for 0: ComponentInfo{com.rockchips.android.leanbacklauncher/com.rockchips.android.leanbacklauncher.recommendations.NotificationsService}
12-31 19:00:11.605   419   419 I ActivityManager: Start proc 840:com.rockchips.android.leanbacklauncher/1000 for service com.rockchips.android.leanbacklauncher/.recommendations.NotificationsService
12-31 19:00:11.606   419   458 I ActivityManager: START u0 {act=android.intent.action.MAIN cat=[android.intent.category.HOME] flg=0x10000100 cmp=com.rockchips.android.leanbacklauncher/.MainActivity} from uid 0 on display 0
12-31 19:00:11.630   419   839 I ActivityManager: Start proc 854:com.android.keychain/1000 for service com.android.keychain/.KeyChainService
12-31 19:00:12.039   794   794 D lvjinhua:  Failed while trying resolve alarm filter file, not exists
12-31 19:00:12.083   419   419 I ActivityManager: Start proc 919:com.revrobotics.controlhubupdater/1000 for broadcast com.revrobotics.controlhubupdater/.BootBroadcastReceiver
12-31 19:00:12.103   419   918 I BootReceiver: Copying audit failures to DropBox
12-31 19:00:12.103   419   918 I BootReceiver: Checking for fsck errors
12-31 19:00:12.184   419   480 W WindowManager: Keyguard drawn timeout. Setting mKeyguardDrawComplete
12-31 19:00:12.197   919   919 W ContextImpl: Calling a method in the system process without a qualified user: android.app.ContextImpl.startService:1357 android.content.ContextWrapper.startService:613 com.revrobotics.controlhubupdater.BootBroadcastReceiver.onReceive:27 android.app.ActivityThread.handleReceiver:3041 android.app.ActivityThread.-wrap18:-1 
12-31 19:00:12.213   419   458 I ActivityManager: Start proc 942:org.firstinspires.ftc.ftcaccesspointservice/u0a17 for broadcast org.firstinspires.ftc.ftcaccesspointservice/.FtcBroadcastReceiver
12-31 19:00:12.280   840   840 W ContextImpl: Calling a method in the system process without a qualified user: android.app.ContextImpl.bindService:1421 android.content.ContextWrapper.bindService:636 com.rockchips.android.leanbacklauncher.tvrecommendations.RecommendationsClient.connect:55 com.rockchips.android.leanbacklauncher.notifications.NotificationsServiceAdapter.onInitUi:156 com.rockchips.android.leanbacklauncher.notifications.NotificationsAdapter.onInitUi:371 
12-31 19:00:12.281   919   957 W ContextImpl: Calling a method in the system process without a qualified user: android.app.ContextImpl.startActivity:767 android.content.ContextWrapper.startActivity:356 com.revrobotics.controlhubupdater.util.SystemUtil.launchApplicationMainActivity:100 com.revrobotics.controlhubupdater.apkinstallation.AppType$1.launch:30 com.revrobotics.controlhubupdater.BootService.launchAppsIfNotRunning:221 
12-31 19:00:12.283   919   957 W ContextImpl: Calling a method in the system process without a qualified user: android.app.ContextImpl.startActivity:779 android.app.ContextImpl.startActivity:768 android.content.ContextWrapper.startActivity:356 com.revrobotics.controlhubupdater.util.SystemUtil.launchApplicationMainActivity:100 com.revrobotics.controlhubupdater.apkinstallation.AppType$1.launch:30 
12-31 19:00:12.284   419   618 I ActivityManager: START u0 {act=android.intent.action.MAIN cat=[android.intent.category.LAUNCHER] flg=0x10000000 pkg=com.qualcomm.ftcrobotcontroller cmp=com.qualcomm.ftcrobotcontroller/org.firstinspires.ftc.robotcontroller.internal.PermissionValidatorWrapper} from uid 1000 on display 0
12-31 19:00:12.314   919   957 W ContextImpl: Calling a method in the system process without a qualified user: android.app.ContextImpl.bindService:1421 android.content.ContextWrapper.bindService:636 android.media.MediaScannerConnection.connect:119 android.media.MediaScannerConnection.scanFile:243 com.revrobotics.controlhubupdater.util.UpdaterLog.finishedLogging:78 
12-31 19:00:12.387   419   968 I ActivityManager: Start proc 975:com.qualcomm.ftcrobotcontroller/u0a35 for broadcast com.qualcomm.ftcrobotcontroller/org.firstinspires.ftc.ftccommon.internal.RunOnBoot
12-31 19:00:12.419   419   479 I ActivityManager: Killing 812:com.android.inputmethod.latin/u0a27 (adj 906): empty #4
12-31 19:00:12.454   419   969 D ActivityManager: cleanUpApplicationRecord -- 812
12-31 19:00:12.460   419   457 D ZenLog  : config: listener:com.rockchips.android.leanbacklauncher/.recommendations.NotificationsService,ZenModeConfig[user=0,allowCalls=true,allowRepeatCallers=false,allowMessages=false,allowCallsFrom=contacts,allowMessagesFrom=contacts,allowReminders=true,allowEvents=true,allowWhenScreenOff=true,allowWhenScreenOn=true,automaticRules={3df50a7aa12c42b69664d587e5a9c912=ZenRule[enabled=false,snoozing=false,name=Weekend,zenMode=ZEN_MODE_ALARMS,conditionId=condition://android/schedule?days=6.7&start=23.30&end=10.0&exitAtAlarm=false,condition=Condition[id=condition://android/schedule?days=6.7&start=23.30&end=10.0&exitAtAlarm=false,summary=...,line1=...,line2=...,icon=0,state=STATE_FALSE,flags=2],component=ComponentInfo{android/com.android.server.notification.ScheduleConditionProvider},id=3df50a7aa12c42b69664d587e5a9c912,creationTime=116617,enabler=null], 96a88e36c4b1434984bf9b38b9bbc73e=ZenRule[enabled=false,snoozing=false,name=Event,zenMode=ZEN_MODE_ALARMS,conditionId=condition://android/event?userId=-10000&calendar=&reply=1,condition=Condition[id=condition://android/event?userId=-10000&calendar=&reply=1,summary=...,line1=...,line2=...,icon=0,state=STATE_FALSE,flags=2],component=ComponentInfo{android/com.android.server.notification.EventConditionProvider},id=96a88e36c4b1434984bf9b38b9bbc73e,creationTime=116618,enabler=null], 506ef9e7d8534942868f92743ee8d060=ZenRule[enabled=false,snoozing=false,name=Weeknight,zenMode=ZEN_MODE_ALARMS,conditionId=condition://android/schedule?days=1.2.3.4.5&start=22.0&end=7.0&exitAtAlarm=false,condition=Condition[id=condition://android/schedule?days=1.2.3.4.5&start=22.0&end=7.0&exitAtAlarm=false,summary=...,line1=...,line2=...,icon=0,state=STATE_FALSE,flags=2],component=ComponentInfo{android/com.android.server.notification.ScheduleConditionProvider},id=506ef9e7d8534942868f92743ee8d060,creationTime=116617,enabler=null]},manualRule=ZenRule[enabled=true,snoozing=false,name=null,zenMode=ZEN_MODE_ALARMS,conditionId=null,condition=null,component=null,id=null,creationTime=0,enabler=com.rockchips.android.leanbacklauncher]],Diff[manualRule.enabler:com.rockchips.android.leanbacklauncher->com.rockchips.android.leanbacklauncher]
12-31 19:00:12.460   419   419 D ZenLog  : set_zen_mode: alarms,listener:com.rockchips.android.leanbacklauncher/.recommendations.NotificationsService
12-31 19:00:12.492   419   969 W BackupManagerService: dataChanged but no participant pkg='com.android.providers.settings' uid=10017
12-31 19:00:12.781   840   964 E ActivityThread: Failed to find provider info for com.rockchips.android.gsf.gservices
12-31 19:00:12.783   840   964 E ActivityThread: Failed to find provider info for com.rockchips.android.gsf.gservices
12-31 19:00:12.787   840   964 E ActivityThread: Failed to find provider info for com.rockchips.android.gsf.gservices
12-31 19:00:12.789   840   964 E ActivityThread: Failed to find provider info for com.rockchips.android.gsf.gservices
12-31 19:00:12.792   840   964 E ActivityThread: Failed to find provider info for com.rockchips.android.gsf.gservices
12-31 19:00:12.950   419   618 I ActivityManager: START u0 {flg=0x10000000 cmp=com.qualcomm.ftcrobotcontroller/org.firstinspires.ftc.robotcontroller.internal.PermissionValidatorWrapper} from uid 10035 on display 0
12-31 19:00:12.984   419   969 I ActivityManager: Start proc 1016:com.android.inputmethod.latin/u0a27 for broadcast com.android.inputmethod.latin/.setup.LauncherIconVisibilityManager
12-31 19:00:13.037   419   458 I ActivityManager: START u0 {cmp=com.qualcomm.ftcrobotcontroller/org.firstinspires.ftc.robotcontroller.internal.FtcRobotControllerActivity} from uid 10035 on display 0
12-31 19:00:13.110   419   458 I ActivityManager: Start proc 1034:com.android.providers.calendar/u0a1 for broadcast com.android.providers.calendar/.CalendarReceiver
12-31 19:00:13.112   419   458 I ActivityManager: Killing 854:com.android.keychain/1000 (adj 906): empty #4
12-31 19:00:13.141   419   968 D ActivityManager: cleanUpApplicationRecord -- 854
12-31 19:00:13.298  1034  1034 D lvjinhua:  Failed while trying resolve alarm filter file, not exists
12-31 19:00:13.334   419   618 I ActivityManager: Killing 919:com.revrobotics.controlhubupdater/1000 (adj 906): empty #4
12-31 19:00:13.384   419   969 D ActivityManager: cleanUpApplicationRecord -- 919
12-31 19:00:13.407   565   565 W ContextImpl: Calling a method in the system process without a qualified user: android.app.ContextImpl.startService:1357 android.content.ContextWrapper.startService:613 android.content.ContextWrapper.startService:613 com.android.tv.settings.users.UserSwitchListenerService$BootReceiver.onReceive:54 android.app.ActivityThread.handleReceiver:3041 
12-31 19:00:13.544   419   479 W ActivityManager: Activity pause timeout for ActivityRecord{844836c u0 com.qualcomm.ftcrobotcontroller/org.firstinspires.ftc.robotcontroller.internal.PermissionValidatorWrapper t2808 f}
12-31 19:00:13.607   419   479 I ActivityManager: Start proc 1063:com.android.settings/1000 for broadcast com.android.settings/.HotspotOffReceiver
12-31 19:00:13.633   419   488 W WindowManager: App freeze timeout expired.
12-31 19:00:13.861   419   482 E BatteryStatsService: no controller energy info supplied
12-31 19:00:13.938   419   487 D ConnectivityService: requestNetwork for uid/pid:1000/419 NetworkRequest [ TRACK_DEFAULT id=4, [ Capabilities: INTERNET&NOT_RESTRICTED&TRUSTED&NOT_VPN] ]
12-31 19:00:13.938   419   526 D ConnectivityService: sending new Min Network Score(0): NetworkRequest [ TRACK_DEFAULT id=4, [ Capabilities: INTERNET&NOT_RESTRICTED&TRUSTED&NOT_VPN] ]
12-31 19:00:13.939   419   487 D ConnectivityService: listenForNetwork for uid/pid:1000/419 NetworkRequest [ LISTEN id=5, [ Transports: CELLULAR Capabilities: DUN&TRUSTED&NOT_VPN] ]
12-31 19:00:13.942   419   487 D ConnectivityService: requestNetwork for uid/pid:1000/419 NetworkRequest [ REQUEST id=6, legacyType=5, [ Transports: CELLULAR Capabilities: INTERNET&NOT_RESTRICTED&TRUSTED&NOT_VPN] ]
12-31 19:00:13.943   419   526 D ConnectivityService: sending new Min Network Score(0): NetworkRequest [ REQUEST id=6, legacyType=5, [ Transports: CELLULAR Capabilities: INTERNET&NOT_RESTRICTED&TRUSTED&NOT_VPN] ]
--------- beginning of main
12-31 19:00:13.977  1086  1086 I dnsmasq : DHCP, IP range 192.168.48.2 -- 192.168.48.254, lease time 1h
12-31 19:00:13.977  1086  1086 I dnsmasq : DHCP, IP range 192.168.47.2 -- 192.168.47.254, lease time 1h
12-31 19:00:13.977  1086  1086 I dnsmasq : DHCP, IP range 192.168.46.2 -- 192.168.46.254, lease time 1h
12-31 19:00:13.977  1086  1086 I dnsmasq : DHCP, IP range 192.168.45.2 -- 192.168.45.254, lease time 1h
12-31 19:00:13.977  1086  1086 I dnsmasq : DHCP, IP range 192.168.44.2 -- 192.168.44.254, lease time 1h
12-31 19:00:13.977  1086  1086 I dnsmasq : DHCP, IP range 192.168.43.2 -- 192.168.43.254, lease time 1h
12-31 19:00:13.977  1086  1086 I dnsmasq : DHCP, IP range 192.168.42.2 -- 192.168.42.254, lease time 1h
12-31 19:00:13.977  1086  1086 I dnsmasq : read /etc/hosts - 2 addresses
12-31 19:00:13.978  1086  1086 I dnsmasq : Closing wildcard listener family=2
12-31 19:00:13.978  1086  1086 I dnsmasq : Closing wildcard listener family=10
12-31 19:00:14.118   794   800 I art     : Compiler allocated 4MB to compile android.database.Cursor com.android.providers.media.MediaProvider.query(android.net.Uri, java.lang.String[], java.lang.String, java.lang.String[], java.lang.String)
12-31 19:00:14.259   794   910 V MediaScanner: pruneDeadThumbnailFiles... android.content.ContentProviderClient$CursorWrapperInner@66adf1c
12-31 19:00:14.261   794   910 V MediaScanner: /pruneDeadThumbnailFiles... android.content.ContentProviderClient$CursorWrapperInner@66adf1c
12-31 19:00:14.316   975  1088 I chatty  : uid=10035(com.qualcomm.ftcrobotcontroller) callback looper expire 1 line
12-31 19:00:14.321   794   910 E MediaScannerService: Exception in handleMessage
12-31 19:00:14.321   794   910 E MediaScannerService: android.os.DeadObjectException
12-31 19:00:14.321   794   910 E MediaScannerService: 	at android.os.BinderProxy.transactNative(Native Method)
12-31 19:00:14.321   794   910 E MediaScannerService: 	at android.os.BinderProxy.transact(Binder.java:615)
12-31 19:00:14.321   794   910 E MediaScannerService: 	at android.media.IMediaScannerListener$Stub$Proxy.scanCompleted(IMediaScannerListener.java:100)
12-31 19:00:14.321   794   910 E MediaScannerService: 	at com.android.providers.media.MediaScannerService$ServiceHandler.handleMessage(MediaScannerService.java:226)
12-31 19:00:14.321   794   910 E MediaScannerService: 	at android.os.Handler.dispatchMessage(Handler.java:102)
12-31 19:00:14.321   794   910 E MediaScannerService: 	at android.os.Looper.loop(Looper.java:154)
12-31 19:00:14.321   794   910 E MediaScannerService: 	at com.android.providers.media.MediaScannerService.run(MediaScannerService.java:161)
12-31 19:00:14.321   794   910 E MediaScannerService: 	at java.lang.Thread.run(Thread.java:761)
12-31 19:00:14.356   975  1090 I chatty  : uid=10035(com.qualcomm.ftcrobotcontroller) default schedul expire 1 line
12-31 19:00:14.466  1059  1059 I logcat  : type=1400 audit(0.0:84): avc: denied { read } for name="primary" dev="tmpfs" ino=8295 scontext=u:r:logd:s0 tcontext=u:object_r:storage_file:s0 tclass=lnk_file permissive=1
12-31 19:00:14.466  1059  1059 I logcat  : type=1400 audit(0.0:85): avc: denied { search } for name="user" dev="tmpfs" ino=8283 scontext=u:r:logd:s0 tcontext=u:object_r:mnt_user_file:s0 tclass=dir permissive=1
12-31 19:00:14.466  1059  1059 I logcat  : type=1400 audit(0.0:86): avc: denied { read } for name="primary" dev="tmpfs" ino=9943 scontext=u:r:logd:s0 tcontext=u:object_r:mnt_user_file:s0 tclass=lnk_file permissive=1
12-31 19:00:14.466  1059  1059 I logcat  : type=1400 audit(0.0:87): avc: denied { search } for name="/" dev="fuse" ino=0 scontext=u:r:logd:s0 tcontext=u:object_r:fuse:s0 tclass=dir permissive=1
12-31 19:00:14.466  1059  1059 I logcat  : type=1400 audit(0.0:88): avc: denied { append } for name="WifiLog.txt" dev="fuse" ino=28 scontext=u:r:logd:s0 tcontext=u:object_r:fuse:s0 tclass=file permissive=1
12-31 19:00:14.466  1059  1059 I logcat  : type=1400 audit(0.0:89): avc: denied { open } for path="/storage/emulated/0/WifiLog.txt" dev="fuse" ino=28 scontext=u:r:logd:s0 tcontext=u:object_r:fuse:s0 tclass=file permissive=1
12-31 19:00:14.470  1059  1059 I logcat  : type=1400 audit(0.0:90): avc: denied { getattr } for path="/storage/emulated/0/WifiLog.txt" dev="fuse" ino=28 scontext=u:r:logd:s0 tcontext=u:object_r:fuse:s0 tclass=file permissive=1
12-31 19:00:14.494  1034  1034 I CalendarProvider2: Sending notification intent: Intent { act=android.intent.action.PROVIDER_CHANGED dat=content://com.android.calendar flg=0x20000000 }
12-31 19:00:14.494  1034  1034 W ContentResolver: Failed to get type for: content://com.android.calendar (Unknown URL content://com.android.calendar)
12-31 19:00:14.623   942   990 W FtcAccessPointService: HostapdMonitor: verifyHostapdIsInCorrectState: not connected to hostapd. Attempting connection.
12-31 19:00:14.623   942   990 I FtcAccessPointService: HostapdMonitor: Connecting to hostapd
12-31 19:00:14.623   942   942 I Thread-2: type=1400 audit(0.0:91): avc: denied { search } for name="hostapd" dev="mmcblk0p14" ino=343601 scontext=u:r:platform_app:s0:c512,c768 tcontext=u:object_r:wpa_socket:s0 tclass=dir permissive=1
12-31 19:00:14.641   942   990 I FtcAccessPointService: HostapdMonitor: connected to hostapd control interface
12-31 19:00:14.640   942   942 I Thread-2: type=1400 audit(0.0:92): avc: denied { write } for name="sockets" dev="mmcblk0p14" ino=343407 scontext=u:r:platform_app:s0:c512,c768 tcontext=u:object_r:wpa_socket:s0 tclass=dir permissive=1
12-31 19:00:14.642   942   990 W FtcAccessPointService: HostapdMonitor: We want the AP to be running, but we have not received any AP-ENABLED notifications from hostapd so far.
12-31 19:00:14.642   942   990 W FtcAccessPointService: HostapdMonitor: This is probably not a problem if the device just booted, or if HostapdMonitor just restarted the AP.
12-31 19:00:14.640   942   942 I Thread-2: type=1400 audit(0.0:93): avc: denied { remove_name } for name="wpa_ctrl_942-5" dev="mmcblk0p14" ino=343689 scontext=u:r:platform_app:s0:c512,c768 tcontext=u:object_r:wpa_socket:s0 tclass=dir permissive=1
12-31 19:00:14.640   942   942 I Thread-2: type=1400 audit(0.0:94): avc: denied { add_name } for name="wpa_ctrl_942-5" scontext=u:r:platform_app:s0:c512,c768 tcontext=u:object_r:wpa_socket:s0 tclass=dir permissive=1
12-31 19:00:14.640   942   942 I Thread-2: type=1400 audit(0.0:95): avc: denied { write } for name="wlan0" dev="mmcblk0p14" ino=343602 scontext=u:r:platform_app:s0:c512,c768 tcontext=u:object_r:wpa_socket:s0 tclass=sock_file permissive=1
12-31 19:00:14.640   942   942 I Thread-2: type=1400 audit(0.0:96): avc: denied { sendto } for path="/data/misc/wifi/hostapd/wlan0" scontext=u:r:platform_app:s0:c512,c768 tcontext=u:r:hostapd:s0 tclass=unix_dgram_socket permissive=1
12-31 19:00:14.640  1075  1075 I hostapd : type=1400 audit(0.0:97): avc: denied { write } for name="wpa_ctrl_942-6" dev="mmcblk0p14" ino=343690 scontext=u:r:hostapd:s0 tcontext=u:object_r:wpa_socket:s0:c512,c768 tclass=sock_file permissive=1
12-31 19:00:14.640  1075  1075 I hostapd : type=1400 audit(0.0:98): avc: denied { sendto } for path="/data/misc/wifi/sockets/wpa_ctrl_942-6" scontext=u:r:hostapd:s0 tcontext=u:r:platform_app:s0:c512,c768 tclass=unix_dgram_socket permissive=1
12-31 19:00:14.773   419   458 D ConnectivityService: listenForNetwork for uid/pid:10035/975 NetworkRequest [ LISTEN id=7, [ Capabilities: INTERNET&NOT_RESTRICTED&TRUSTED] ]
12-31 19:00:15.251   794   910 W MediaScanner: Error opening directory '/oem/media/', skipping: No such file or directory.
12-31 19:00:15.680   942   990 W FtcAccessPointService: HostapdMonitor: We want the AP to be running, but we have not received any AP-ENABLED notifications from hostapd so far.
12-31 19:00:15.680   942   990 W FtcAccessPointService: HostapdMonitor: This is probably not a problem if the device just booted, or if HostapdMonitor just restarted the AP.
12-31 19:00:15.887   794   910 V MediaScanner: pruneDeadThumbnailFiles... android.content.ContentProviderClient$CursorWrapperInner@cceaa50
12-31 19:00:15.887   794   910 V MediaScanner: /pruneDeadThumbnailFiles... android.content.ContentProviderClient$CursorWrapperInner@cceaa50
12-31 19:00:15.963   975   975 I chatty  : uid=10035(com.qualcomm.ftcrobotcontroller) expire 761 lines
12-31 19:00:16.721   942   990 W FtcAccessPointService: HostapdMonitor: We want the AP to be running, but we have not received any AP-ENABLED notifications from hostapd so far.
12-31 19:00:16.721   942   990 W FtcAccessPointService: HostapdMonitor: This is probably not a problem if the device just booted, or if HostapdMonitor just restarted the AP.
12-31 19:00:17.762   942   990 W FtcAccessPointService: HostapdMonitor: We want the AP to be running, but we have not received any AP-ENABLED notifications from hostapd so far.
12-31 19:00:17.762   942   990 W FtcAccessPointService: HostapdMonitor: This is probably not a problem if the device just booted, or if HostapdMonitor just restarted the AP.
12-31 19:00:18.069   794   794 D lvjinhua:  Failed while trying resolve alarm filter file, not exists
12-31 19:00:18.575   975   981 I chatty  : uid=10035(com.qualcomm.ftcrobotcontroller) Jit thread pool expire 3 lines
12-31 19:00:18.787   942   990 W FtcAccessPointService: HostapdMonitor: We want the AP to be running, but we have not received any AP-ENABLED notifications from hostapd so far.
12-31 19:00:18.787   942   990 W FtcAccessPointService: HostapdMonitor: This is probably not a problem if the device just booted, or if HostapdMonitor just restarted the AP.
12-31 19:00:19.345   975  1090 I chatty  : uid=10035(com.qualcomm.ftcrobotcontroller) default schedul expire 1 line
12-31 19:00:19.789   942   990 W FtcAccessPointService: HostapdMonitor: We want the AP to be running, but we have not received any AP-ENABLED notifications from hostapd so far.
12-31 19:00:19.789   942   990 W FtcAccessPointService: HostapdMonitor: This is probably not a problem if the device just booted, or if HostapdMonitor just restarted the AP.
12-31 19:00:20.791   942   990 W FtcAccessPointService: HostapdMonitor: We want the AP to be running, but we have not received any AP-ENABLED notifications from hostapd so far.
12-31 19:00:20.791   942   990 W FtcAccessPointService: HostapdMonitor: This is probably not a problem if the device just booted, or if HostapdMonitor just restarted the AP.
12-31 19:00:21.589   419   479 W ActivityManager: Launch timeout has expired, giving up wake lock!
12-31 19:00:21.832   942   990 W FtcAccessPointService: HostapdMonitor: We want the AP to be running, but we have not received any AP-ENABLED notifications from hostapd so far.
12-31 19:00:21.832   942   990 W FtcAccessPointService: HostapdMonitor: This is probably not a problem if the device just booted, or if HostapdMonitor just restarted the AP.
12-31 19:00:21.965   975   975 I chatty  : uid=10035(com.qualcomm.ftcrobotcontroller) expire 47 lines
12-31 19:00:22.037   975   987 I chatty  : uid=10035(com.qualcomm.ftcrobotcontroller) HeapTaskDaemon expire 4 lines
12-31 19:00:22.094   419   969 D ConnectivityService: listenForNetwork for uid/pid:10035/975 NetworkRequest [ LISTEN id=8, [ Capabilities: INTERNET&NOT_RESTRICTED&TRUSTED] ]
12-31 19:00:22.104   975  1124 I chatty  : uid=10035(com.qualcomm.ftcrobotcontroller) expire 1 line
12-31 19:00:22.229   942  1126 I FtcAccessPointService: Received FTC_AP_SETTINGS_CHANGE
12-31 19:00:22.230   942  1126 I FtcAccessPointService: Received FTC_AP_SETTINGS_CHANGE intent=#Intent;action=org.firstinspires.ftc.intent.action.FTC_AP_SETTINGS_CHANGE;component=org.firstinspires.ftc.ftcaccesspointservice/.FtcAccessPointService;S.org.firstinspires.ftc.intent.extra.EXTRA_AP_PASSWORD=password67;S.org.firstinspires.ftc.intent.extra.EXTRA_AP_NAME=1002-RC;end
12-31 19:00:22.230   942  1126 I FtcAccessPointService: processed AP settings: name=1002-RC password=password67 band=null channel=null
12-31 19:00:22.230   942  1126 I FtcAccessPointService: Taking no action on FTC_AP_SETTINGS_CHANGE
12-31 19:00:22.230   942  1126 I FtcAccessPointService: Received TEST_FTC_WIFI
12-31 19:00:22.274   975  1123 I chatty  : uid=10035(com.qualcomm.ftcrobotcontroller) RenderThread expire 3 lines
12-31 19:00:22.305   975  1130 I chatty  : uid=10035(com.qualcomm.ftcrobotcontroller) WebSocketSelect expire 1 line
12-31 19:00:22.312   975  1133 I chatty  : uid=10035(com.qualcomm.ftcrobotcontroller) expire 4 lines
12-31 19:00:22.321   975  1134 I chatty  : uid=10035(com.qualcomm.ftcrobotcontroller) expire 191 lines
12-31 19:00:22.322   942   942 I FtcAccessPointService: MonitoringThread: Changing rcAliveNotificationTimeoutSeconds from 20 to 10
12-31 19:00:22.463   419   917 V InputMethodManagerService: Adding window token: android.os.Binder@236f0ab
12-31 19:00:22.463   419   488 D xzj     : ----Launcher drawn done,box or vr not keygurad----
12-31 19:00:22.463   419   488 D xzj     : ----launcher drawn done,exit bootanim----
12-31 19:00:22.469   419   488 I ActivityManager: Displayed com.qualcomm.ftcrobotcontroller/org.firstinspires.ftc.robotcontroller.internal.FtcRobotControllerActivity: +9s324ms (total +10s57ms)
12-31 19:00:22.510  1075  1075 I hostapd : type=1400 audit(0.0:99): avc: denied { write } for name="wpa_ctrl_942-5" dev="mmcblk0p14" ino=343689 scontext=u:r:hostapd:s0 tcontext=u:object_r:wpa_socket:s0:c512,c768 tclass=sock_file permissive=1
12-31 19:00:22.508  1016  1016 I LatinIME: Hardware accelerated drawing: true
12-31 19:00:22.601  1016  1016 W InputAttributes: No editor info for this field. Bug?
12-31 19:00:22.603  1016  1016 W Vibrator: Failed to vibrate; no vibrator service.
12-31 19:00:22.613  1016  1016 I ResourceUtils: Found default value: resource=keypress_vibration_durations build=[HARDWARE=rk30board MODEL=Control Hub v1.0 BRAND=FIRST MANUFACTURER=REV Robotics] default=-1
12-31 19:00:22.613  1016  1016 I ResourceUtils: Found default value: resource=keypress_volumes build=[HARDWARE=rk30board MODEL=Control Hub v1.0 BRAND=FIRST MANUFACTURER=REV Robotics] default=-1.0f
12-31 19:00:22.633  1016  1141 I LatinIME:LogUtils: Dictionary info: dictionary = userunigram.en_US.dict ; version = ? ; date = ?
12-31 19:00:22.643   419   618 I ActivityManager: Start proc 1142:android.process.acore/u0a2 for content provider com.android.providers.userdictionary/.UserDictionaryProvider
12-31 19:00:22.658   975   981 I chatty  : uid=10035(com.qualcomm.ftcrobotcontroller) Jit thread pool expire 3 lines
12-31 19:00:22.671  1016  1140 I LatinIME:LogUtils: Dictionary info: dictionary = main:en ; version = 42 ; date = 1381226429
12-31 19:00:22.704  1142  1142 W System  : ClassLoader referenced unknown path: /system/app/UserDictionaryProvider/lib/arm64
12-31 19:00:22.741  1142  1142 W System  : ClassLoader referenced unknown path: /system/priv-app/ContactsProvider/lib/arm64
12-31 19:00:22.742  1142  1142 D ApplicationLoaders: ignored Vulkan layer search path /system/priv-app/ContactsProvider/lib/arm64:/system/lib64:/vendor/lib64 for namespace 0x7638de60f0
12-31 19:00:22.794  1142  1142 I ContactsPerf: VoicemailContentProvider.onCreate start
12-31 19:00:22.797  1142  1142 I ContactsPerf: VoicemailContentProvider.onCreate finish
12-31 19:00:22.808  1016  1163 I LatinIME:LogUtils: Dictionary info: dictionary = UserHistoryDictionary.en_US.dic ; version = ? ; date = 1772227908
12-31 19:00:22.814  1016  1165 I LatinIME:LogUtils: Dictionary info: dictionary = PersonalizationPredictionDictio ; version = ? ; date = 119
12-31 19:00:22.820  1016  1164 I LatinIME:LogUtils: Dictionary info: dictionary = personalization.en_US.dict ; version = ? ; date = 119
12-31 19:00:22.942   942   990 W FtcAccessPointService: HostapdMonitor: We want the AP to be running, but we have not received any AP-ENABLED notifications from hostapd so far.
12-31 19:00:22.943   942   990 W FtcAccessPointService: HostapdMonitor: This is probably not a problem if the device just booted, or if HostapdMonitor just restarted the AP.
12-31 19:00:23.072   794   794 D lvjinhua:  Failed while trying resolve alarm filter file, not exists
12-31 19:00:23.312  1142  1160 I ContactLocale: AddressBook Labels [[en_US]]: […, A, B, C, D, E, F, G, H, I, J, K, L, M, N, O, P, Q, R, S, T, U, V, W, X, Y, Z, Α, Β, Γ, Δ, Ε, Ζ, Η, Θ, Ι, Κ, Λ, Μ, Ν, Ξ, Ο, Π, Ρ, Σ, Τ, Υ, Φ, Χ, Ψ, Ω, …, А, Б, В, Г, Д, Ђ, Е, Є, Ж, З, И, І, Й, Ј, К, Л, Љ, М, Н, Њ, О, П, Р, С, Т, Ћ, У, Ф, Х, Ц, Ч, Џ, Ш, Щ, Ю, Я, …, א, ב, ג, ד, ה, ו, ז, ח, ט, י, כ, ל, מ, נ, ס, ע, פ, צ, ק, ר, ש, ת, …, ا, ب, ت, ث, ج, ح, خ, د, ذ, ر, ز, س, ش, ص, ض, ط, ظ, ع, غ, ف, ق, ك, ل, م, ن, ه, و, ي, …, ก, ข, ฃ, ค, ฅ, ฆ, ง, จ, ฉ, ช, ซ, ฌ, ญ, ฎ, ฏ, ฐ, ฑ, ฒ, ณ, ด, ต, ถ, ท, ธ, น, บ, ป, ผ, ฝ, พ, ฟ, ภ, ม, ย, ร, ฤ, ล, ฦ, ว, ศ, ษ, ส, ห, ฬ, อ, ฮ, …, ㄱ, ㄴ, ㄷ, ㄹ, ㅁ, ㅂ, ㅅ, ㅇ, ㅈ, ㅊ, ㅋ, ㅌ, ㅍ, ㅎ, …, あ, か, さ, た, な, は, ま, や, ら, わ, #, …]
12-31 19:00:23.390  1142  1142 I ContactsProvide: type=1400 audit(0.0:100): avc: denied { read } for name="mm_stat" dev="sysfs" ino=11713 scontext=u:r:untrusted_app:s0:c512,c768 tcontext=u:object_r:sysfs_zram:s0 tclass=file permissive=1
12-31 19:00:23.393  1142  1142 I ContactsProvide: type=1400 audit(0.0:101): avc: denied { open } for path="/sys/devices/virtual/block/zram0/mm_stat" dev="sysfs" ino=11713 scontext=u:r:untrusted_app:s0:c512,c768 tcontext=u:object_r:sysfs_zram:s0 tclass=file permissive=1
12-31 19:00:23.393  1142  1142 I ContactsProvide: type=1400 audit(0.0:102): avc: denied { getattr } for path="/sys/devices/virtual/block/zram0/mm_stat" dev="sysfs" ino=11713 scontext=u:r:untrusted_app:s0:c512,c768 tcontext=u:object_r:sysfs_zram:s0 tclass=file permissive=1
12-31 19:00:23.959   942   990 W FtcAccessPointService: HostapdMonitor: We want the AP to be running, but we have not received any AP-ENABLED notifications from hostapd so far.
12-31 19:00:23.959   942   990 W FtcAccessPointService: HostapdMonitor: This is probably not a problem if the device just booted, or if HostapdMonitor just restarted the AP.
12-31 19:00:24.346   975  1091 I chatty  : uid=10035(com.qualcomm.ftcrobotcontroller) default schedul expire 1 line
12-31 19:00:24.695  1075  1075 I hostapd : wlan0: STA c8:fe:0f:0b:42:2c IEEE 802.11: associated
12-31 19:00:24.695  1075  1075 I hostapd : wlan0: STA c8:fe:0f:0b:42:2c IEEE 802.11: associated
12-31 19:00:24.727  1075  1075 I hostapd : wlan0: AP-STA-CONNECTED c8:fe:0f:0b:42:2c
12-31 19:00:24.727  1075  1075 I hostapd : wlan0: STA c8:fe:0f:0b:42:2c WPA: pairwise key handshake completed (RSN)
12-31 19:00:24.727  1075  1075 I hostapd : wlan0: STA c8:fe:0f:0b:42:2c WPA: pairwise key handshake completed (RSN)
12-31 19:00:24.791  1086  1086 I dnsmasq : DHCPDISCOVER(wlan0) c8:fe:0f:0b:42:2c 
12-31 19:00:24.791  1086  1086 I dnsmasq : DHCPOFFER(wlan0) 192.168.43.82 c8:fe:0f:0b:42:2c 
12-31 19:00:24.796  1086  1086 I dnsmasq : DHCPREQUEST(wlan0) 192.168.43.82 c8:fe:0f:0b:42:2c 
12-31 19:00:24.797  1086  1086 I dnsmasq : DHCPACK(wlan0) 192.168.43.82 c8:fe:0f:0b:42:2c 
12-31 19:00:24.849   975  1134 I chatty  : uid=10035(com.qualcomm.ftcrobotcontroller) expire 2037 lines
12-31 19:00:24.960   942   990 I FtcAccessPointService: HostapdMonitor: Received hostapd message: <3>AP-STA-CONNECTED c8:fe:0f:0b:42:2c
12-31 19:00:26.181   975   981 I chatty  : uid=10035(com.qualcomm.ftcrobotcontroller) Jit thread pool expire 3 lines
12-31 19:00:26.210   975  1134 I chatty  : uid=10035(com.qualcomm.ftcrobotcontroller) expire 489 lines
12-31 19:00:26.526   975   987 I chatty  : uid=10035(com.qualcomm.ftcrobotcontroller) HeapTaskDaemon expire 1 line
12-31 19:00:26.596   196   196 I audioserver: type=1400 audit(0.0:103): avc: denied { read } for scontext=u:r:audioserver:s0 tcontext=u:r:audioserver:s0 tclass=netlink_kobject_uevent_socket permissive=1
12-31 19:00:26.607   419   419 D ZenLog  : intercepted: -1|android|17040422|null|1000,alarmsOnly
12-31 19:00:26.608   419   419 V NotificationService: pkg=android canInterrupt=false intercept=true
12-31 19:00:26.616   419   419 D ZenLog  : intercepted: -1|android|17040429|null|1000,alarmsOnly
12-31 19:00:26.617   840   840 E ManiActivity_LEANBACK: BroadcastReceiver:usBroadcastReceiver
12-31 19:00:26.617   419   419 V NotificationService: pkg=android canInterrupt=false intercept=true
12-31 19:00:26.665   975   981 I chatty  : uid=10035(com.qualcomm.ftcrobotcontroller) Jit thread pool expire 4 lines
12-31 19:00:26.707   419   419 W TelecomManager: Telecom Service not found.
12-31 19:00:26.709   419   419 D ZenLog  : intercepted: -1|android|17040424|null|1000,alarmsOnly
12-31 19:00:26.710   840   840 E ManiActivity_LEANBACK: BroadcastReceiver:usBroadcastReceiver
12-31 19:00:26.710   419   419 V NotificationService: pkg=android canInterrupt=false intercept=true
12-31 19:00:26.750   794   794 D MtpService: starting MTP server in MTP mode
12-31 19:00:26.764   794   794 D MtpService: Adding MTP storage 0x10001 at /storage/emulated/0
12-31 19:00:27.063   975  1134 I System.out: PANELS: PLUGINS/COM.BYLAZAR.CONFIGURABLES: (Plugin): Found field of org.firstinspires.ftc.teamcode.Config.Util.Poses.Alliance / false
12-31 19:00:27.064   975  1134 I System.out: PANELS: PLUGINS/COM.BYLAZAR.CONFIGURABLES: (Plugin): Found field of com.pedropathing.util.Timer / false
12-31 19:00:27.064   975  1134 I System.out: PANELS: PLUGINS/COM.BYLAZAR.CONFIGURABLES: (Plugin): Found field of com.pedropathing.paths.PathChain / false
12-31 19:00:27.064   975  1134 I System.out: PANELS: PLUGINS/COM.BYLAZAR.CONFIGURABLES: (Plugin): Found field of com.pedropathing.paths.PathChain / false
12-31 19:00:27.065   975  1134 I System.out: PANELS: PLUGINS/COM.BYLAZAR.CONFIGURABLES: (Plugin): Found field of int / false
12-31 19:00:27.065   975  1134 I System.out: PANELS: PLUGINS/COM.BYLAZAR.CONFIGURABLES: (Plugin): Found field of com.pedropathing.util.Timer / false
12-31 19:00:27.066   975  1134 I System.out: PANELS: PLUGINS/COM.BYLAZAR.CONFIGURABLES: (Plugin): Found field of com.qualcomm.hardware.gobilda.GoBildaPinpointDriver / false
12-31 19:00:27.066   975  1134 I System.out: PANELS: PLUGINS/COM.BYLAZAR.CONFIGURABLES: (Plugin): Found field of org.firstinspires.ftc.teamcode.Config.Subsystems.Shooter / false
12-31 19:00:27.066   975  1134 I System.out: PANELS: PLUGINS/COM.BYLAZAR.CONFIGURABLES: (Plugin): Found field of com.pedropathing.paths.PathChain / false
12-31 19:00:27.067   975  1134 I System.out: PANELS: PLUGINS/COM.BYLAZAR.CONFIGURABLES: (Plugin): Found field of com.pedropathing.paths.PathChain / false
12-31 19:00:27.067   975  1134 I System.out: PANELS: PLUGINS/COM.BYLAZAR.CONFIGURABLES: (Plugin): Found field of com.pedropathing.paths.PathChain / false
12-31 19:00:27.068   975  1134 I System.out: PANELS: PLUGINS/COM.BYLAZAR.CONFIGURABLES: (Plugin): Found field of com.pedropathing.paths.PathChain / false
12-31 19:00:27.068   975  1134 I System.out: PANELS: PLUGINS/COM.BYLAZAR.CONFIGURABLES: (Plugin): Found field of boolean / false
12-31 19:00:27.069   975  1134 I System.out: PANELS: PLUGINS/COM.BYLAZAR.CONFIGURABLES: (Plugin): Inspecting class org.firstinspires.ftc.teamcode.OpMode.Close9Ball
12-31 19:00:27.069   975  1134 I System.out: PANELS: PLUGINS/COM.BYLAZAR.CONFIGURABLES: (Plugin): Found field of double / false
12-31 19:00:27.070   975  1134 I System.out: PANELS: PLUGINS/COM.BYLAZAR.CONFIGURABLES: (Plugin): Found field of double / false
12-31 19:00:27.070   975  1134 I System.out: PANELS: PLUGINS/COM.BYLAZAR.CONFIGURABLES: (Plugin): Found field of double / false
12-31 19:00:27.071   975  1134 I System.out: PANELS: PLUGINS/COM.BYLAZAR.CONFIGURABLES: (Plugin): Found field of int / false
12-31 19:00:27.071   975  1134 I System.out: PANELS: PLUGINS/COM.BYLAZAR.CONFIGURABLES: (Plugin): Found field of boolean / false
12-31 19:00:27.072   975  1134 I System.out: PANELS: PLUGINS/COM.BYLAZAR.CONFIGURABLES: (Plugin): Found field of boolean / false
12-31 19:00:27.072   975  1134 I System.out: PANELS: PLUGINS/COM.BYLAZAR.CONFIGURABLES: (Plugin): Found field of boolean / false
12-31 19:00:27.073   975  1134 I System.out: PANELS: PLUGINS/COM.BYLAZAR.CONFIGURABLES: (Plugin): Found field of double / false
12-31 19:00:27.073   975  1134 I System.out: PANELS: PLUGINS/COM.BYLAZAR.CONFIGURABLES: (Plugin): Found field of com.pedropathing.follower.Follower / false
12-31 19:00:27.074   975  1134 I System.out: PANELS: PLUGINS/COM.BYLAZAR.CONFIGURABLES: (Plugin): Found field of boolean / false
12-31 19:00:27.074   975  1134 I System.out: PANELS: PLUGINS/COM.BYLAZAR.CONFIGURABLES: (Plugin): Found field of org.firstinspires.ftc.teamcode.Config.Subsystems.Intake / false
12-31 19:00:27.075   975  1134 I System.out: PANELS: PLUGINS/COM.BYLAZAR.CONFIGURABLES: (Plugin): Found field of com.pedropathing.paths.PathChain / false
12-31 19:00:27.075   975  1134 I System.out: PANELS: PLUGINS/COM.BYLAZAR.CONFIGURABLES: (Plugin): Found field of com.pedropathing.paths.PathChain / false
12-31 19:00:27.075   975  1134 I System.out: PANELS: PLUGINS/COM.BYLAZAR.CONFIGURABLES: (Plugin): Found field of boolean / false
12-31 19:00:27.076   975  1134 I System.out: PANELS: PLUGINS/COM.BYLAZAR.CONFIGURABLES: (Plugin): Found field of boolean / false
12-31 19:00:27.076   975  1134 I System.out: PANELS: PLUGINS/COM.BYLAZAR.CONFIGURABLES: (Plugin): Found field of org.firstinspires.ftc.teamcode.Config.Util.Poses.Alliance / false
12-31 19:00:27.077   975  1134 I System.out: PANELS: PLUGINS/COM.BYLAZAR.CONFIGURABLES: (Plugin): Found field of com.pedropathing.util.Timer / false
12-31 19:00:27.077   975  1134 I System.out: PANELS: PLUGINS/COM.BYLAZAR.CONFIGURABLES: (Plugin): Found field of com.pedropathing.paths.PathChain / false
12-31 19:00:27.078   975  1134 I System.out: PANELS: PLUGINS/COM.BYLAZAR.CONFIGURABLES: (Plugin): Found field of com.pedropathing.paths.PathChain / false
12-31 19:00:27.078   975  1134 I System.out: PANELS: PLUGINS/COM.BYLAZAR.CONFIGURABLES: (Plugin): Found field of int / false
12-31 19:00:27.078   975  1134 I System.out: PANELS: PLUGINS/COM.BYLAZAR.CONFIGURABLES: (Plugin): Found field of com.pedropathing.util.Timer / false
12-31 19:00:27.079   975  1134 I System.out: PANELS: PLUGINS/COM.BYLAZAR.CONFIGURABLES: (Plugin): Found field of com.qualcomm.hardware.gobilda.GoBildaPinpointDriver / false
12-31 19:00:27.079   975  1134 I System.out: PANELS: PLUGINS/COM.BYLAZAR.CONFIGURABLES: (Plugin): Found field of org.firstinspires.ftc.teamcode.Config.Subsystems.Sensors / false
12-31 19:00:27.080   975  1134 I System.out: PANELS: PLUGINS/COM.BYLAZAR.CONFIGURABLES: (Plugin): Found field of org.firstinspires.ftc.teamcode.Config.Subsystems.Shooter / false
12-31 19:00:27.080   975  1134 I System.out: PANELS: PLUGINS/COM.BYLAZAR.CONFIGURABLES: (Plugin): Found field of com.pedropathing.paths.PathChain / false
12-31 19:00:27.081   975  1134 I System.out: PANELS: PLUGINS/COM.BYLAZAR.CONFIGURABLES: (Plugin): Found field of com.pedropathing.paths.PathChain / false
12-31 19:00:27.081   975  1134 I System.out: PANELS: PLUGINS/COM.BYLAZAR.CONFIGURABLES: (Plugin): Found field of com.pedropathing.paths.PathChain / false
12-31 19:00:27.082   975  1134 I System.out: PANELS: PLUGINS/COM.BYLAZAR.CONFIGURABLES: (Plugin): Found field of boolean / false
12-31 19:00:27.083   975  1134 I System.out: PANELS: PLUGINS/COM.BYLAZAR.CONFIGURABLES: (Plugin): Inspecting class org.firstinspires.ftc.teamcode.OpMode.FarZoneAuto1LineCycle
12-31 19:00:27.083   975  1134 I System.out: PANELS: PLUGINS/COM.BYLAZAR.CONFIGURABLES: (Plugin): Found field of double / false
12-31 19:00:27.084   975  1134 I System.out: PANELS: PLUGINS/COM.BYLAZAR.CONFIGURABLES: (Plugin): Found field of double / false
12-31 19:00:27.084   975  1134 I System.out: PANELS: PLUGINS/COM.BYLAZAR.CONFIGURABLES: (Plugin): Found field of double / false
12-31 19:00:27.084   975  1134 I System.out: PANELS: PLUGINS/COM.BYLAZAR.CONFIGURABLES: (Plugin): Found field of int / false
12-31 19:00:27.085   975  1134 I System.out: PANELS: PLUGINS/COM.BYLAZAR.CONFIGURABLES: (Plugin): Found field of boolean / false
